
[1m[7m[36m RUN [39m[27m[22m [36mv2.1.9 [39m[90mE:/Golfy_website_check/wp-content-autopilot[39m

[90mstdout[2m | src/stages/optionb-bundle.test.ts
[22m[39m[dotenv@17.3.1] injecting env (0) from .env -- tip: ΓÜÖ∩╕Å  write to custom object with { processEnv: myObject }

[90mstdout[2m | src/stages/stage3.test.ts
[22m[39m[dotenv@17.3.1] injecting env (0) from .env -- tip: ΓÜÖ∩╕Å  override existing env vars with { override: true }

[90mstdout[2m | src/scheduler.test.ts
[22m[39m[dotenv@17.3.1] injecting env (0) from .env -- tip: ΓÜÖ∩╕Å  enable debug logging with { debug: true }

[90mstdout[2m | src/stages/stage6.test.ts
[22m[39m[dotenv@17.3.1] injecting env (0) from .env -- tip: ΓÜí∩╕Å secrets for agents: https://dotenvx.com/as2

[90mstdout[2m | src/stages/stage4.test.ts
[22m[39m[dotenv@17.3.1] injecting env (0) from .env -- tip: ΓÜÖ∩╕Å  specify custom .env file path with { path: '/custom/path/.env' }

[90mstdout[2m | src/services/csv-ingest.test.ts
[22m[39m[dotenv@17.3.1] injecting env (0) from .env -- tip: ≡ƒöÉ prevent building .env in docker: https://dotenvx.com/prebuild

[90mstdout[2m | src/operability.test.ts
[22m[39m[dotenv@17.3.1] injecting env (0) from .env -- tip: ΓÜÖ∩╕Å  enable debug logging with { debug: true }

 [32mΓ£ô[39m src/config.test.ts [2m([22m[2m49 tests[22m[2m)[22m[90m 22[2mms[22m[39m
 [32mΓ£ô[39m src/config/prompt-loader.test.ts [2m([22m[2m17 tests[22m[2m)[22m[90m 160[2mms[22m[39m
 [32mΓ£ô[39m src/stages/stage3_5.test.ts [2m([22m[2m17 tests[22m[2m)[22m[90m 25[2mms[22m[39m
[90mstdout[2m | src/services/content-enrichment.test.ts[2m > [22m[2menrichContent ΓÇö Hero[2m > [22m[2mdoes NOT inject hero when content already has <img>
[22m[39m{"hero_skipped":true,"level":"info","message":"Content enrichment: top image/hero exists ΓÇö skipping hero","timestamp":"2026-03-12T09:00:18.033Z"}

[90mstdout[2m | src/services/taxonomy.test.ts[2m > [22m[2mWP Sync Idempotency (mock wp-client)[2m > [22m[2mshould create all categories on first run
[22m[39m{"level":"info","message":"taxonomy-sync: fetching existing WP categories","timestamp":"2026-03-12T09:00:18.063Z"}
{"level":"info","message":"taxonomy-sync: fetching existing WP tags","timestamp":"2026-03-12T09:00:18.069Z"}
{"created":true,"level":"info","message":"taxonomy-sync: category ensured","slug":"gay-golf","timestamp":"2026-03-12T09:00:18.070Z"}
{"created":true,"level":"info","message":"taxonomy-sync: category ensured","slug":"golf-fitting","timestamp":"2026-03-12T09:00:18.070Z"}
{"created":true,"level":"info","message":"taxonomy-sync: category ensured","slug":"hoc-golf","timestamp":"2026-03-12T09:00:18.070Z"}
{"created":true,"level":"info","message":"taxonomy-sync: category ensured","slug":"san-golf","timestamp":"2026-03-12T09:00:18.071Z"}
{"created":true,"level":"info","message":"taxonomy-sync: category ensured","slug":"shop-golf","timestamp":"2026-03-12T09:00:18.071Z"}
{"created":true,"level":"info","message":"taxonomy-sync: category ensured","slug":"luat-golf","timestamp":"2026-03-12T09:00:18.071Z"}
{"created":true,"level":"info","message":"taxonomy-sync: category ensured","slug":"golf-cong-nghe","timestamp":"2026-03-12T09:00:18.071Z"}
{"created":true,"level":"info","message":"taxonomy-sync: category ensured","slug":"chi-phi-va-van-hoa","timestamp":"2026-03-12T09:00:18.072Z"}
{"created":true,"level":"info","message":"taxonomy-sync: category ensured","slug":"suc-khoe-fitness","timestamp":"2026-03-12T09:00:18.072Z"}
{"created":true,"level":"info","message":"taxonomy-sync: category ensured","slug":"du-lich-su-kien","timestamp":"2026-03-12T09:00:18.072Z"}
{"created":true,"level":"info","message":"taxonomy-sync: tag ensured","slug":"titleist","timestamp":"2026-03-12T09:00:18.072Z"}
{"created":true,"level":"info","message":"taxonomy-sync: tag ensured","slug":"taylormade","timestamp":"2026-03-12T09:00:18.072Z"}
{"created":true,"level":"info","message":"taxonomy-sync: tag ensured","slug":"callaway","timestamp":"2026-03-12T09:00:18.072Z"}
{"created":true,"level":"info","message":"taxonomy-sync: tag ensured","slug":"ping","timestamp":"2026-03-12T09:00:18.072Z"}
{"created":true,"level":"info","message":"taxonomy-sync: tag ensured","slug":"honma","timestamp":"2026-03-12T09:00:18.072Z"}
{"created":true,"level":"info","message":"taxonomy-sync: tag ensured","slug":"mizuno","timestamp":"2026-03-12T09:00:18.072Z"}
{"created":true,"level":"info","message":"taxonomy-sync: tag ensured","slug":"srixon","timestamp":"2026-03-12T09:00:18.073Z"}
{"created":true,"level":"info","message":"taxonomy-sync: tag ensured","slug":"cobra","timestamp":"2026-03-12T09:00:18.073Z"}
{"created":true,"level":"info","message":"taxonomy-sync: tag ensured","slug":"cleveland","timestamp":"2026-03-12T09:00:18.073Z"}
{"created":true,"level":"info","message":"taxonomy-sync: tag ensured","slug":"xxio","timestamp":"2026-03-12T09:00:18.073Z"}
{"created":true,"level":"info","message":"taxonomy-sync: tag ensured","slug":"pxg","timestamp":"2026-03-12T09:00:18.073Z"}
{"created":true,"level":"info","message":"taxonomy-sync: tag ensured","slug":"fujikura","timestamp":"2026-03-12T09:00:18.073Z"}
{"created":true,"level":"info","message":"taxonomy-sync: tag ensured","slug":"graphite-design","timestamp":"2026-03-12T09:00:18.073Z"}
{"created":true,"level":"info","message":"taxonomy-sync: tag ensured","slug":"project-x","timestamp":"2026-03-12T09:00:18.073Z"}
{"created":true,"level":"info","message":"taxonomy-sync: tag ensured","slug":"kbs","timestamp":"2026-03-12T09:00:18.073Z"}
{"created":true,"level":"info","message":"taxonomy-sync: tag ensured","slug":"nippon","timestamp":"2026-03-12T09:00:18.073Z"}
{"created":true,"level":"info","message":"taxonomy-sync: tag ensured","slug":"mitsubishi","timestamp":"2026-03-12T09:00:18.073Z"}
{"created":true,"level":"info","message":"taxonomy-sync: tag ensured","slug":"ust-mamiya","timestamp":"2026-03-12T09:00:18.073Z"}
{"created":true,"level":"info","message":"taxonomy-sync: tag ensured","slug":"accra","timestamp":"2026-03-12T09:00:18.073Z"}
{"created":true,"level":"info","message":"taxonomy-sync: tag ensured","slug":"pro-v1","timestamp":"2026-03-12T09:00:18.073Z"}
{"created":true,"level":"info","message":"taxonomy-sync: tag ensured","slug":"tp5","timestamp":"2026-03-12T09:00:18.073Z"}
{"created":true,"level":"info","message":"taxonomy-sync: tag ensured","slug":"chrome-soft","timestamp":"2026-03-12T09:00:18.073Z"}
{"created":true,"level":"info","message":"taxonomy-sync: tag ensured","slug":"z-star","timestamp":"2026-03-12T09:00:18.074Z"}
{"created":true,"level":"info","message":"taxonomy-sync: tag ensured","slug":"tour-b","timestamp":"2026-03-12T09:00:18.074Z"}
{"created":true,"level":"info","message":"taxonomy-sync: tag ensured","slug":"slice","timestamp":"2026-03-12T09:00:18.074Z"}
{"created":true,"level":"info","message":"taxonomy-sync: tag ensured","slug":"hook","timestamp":"2026-03-12T09:00:18.074Z"}
{"created":true,"level":"info","message":"taxonomy-sync: tag ensured","slug":"topping","timestamp":"2026-03-12T09:00:18.074Z"}
{"created":true,"level":"info","message":"taxonomy-sync: tag ensured","slug":"chunk","timestamp":"2026-03-12T09:00:18.074Z"}
{"created":true,"level":"info","message":"taxonomy-sync: tag ensured","slug":"putting","timestamp":"2026-03-12T09:00:18.074Z"}
{"created":true,"level":"info","message":"taxonomy-sync: tag ensured","slug":"chipping","timestamp":"2026-03-12T09:00:18.074Z"}
{"created":true,"level":"info","message":"taxonomy-sync: tag ensured","slug":"bunker","timestamp":"2026-03-12T09:00:18.074Z"}
{"created":true,"level":"info","message":"taxonomy-sync: tag ensured","slug":"hcp-0-9","timestamp":"2026-03-12T09:00:18.074Z"}
{"created":true,"level":"info","message":"taxonomy-sync: tag ensured","slug":"hcp-10-19","timestamp":"2026-03-12T09:00:18.074Z"}
{"created":true,"level":"info","message":"taxonomy-sync: tag ensured","slug":"hcp-20-36","timestamp":"2026-03-12T09:00:18.074Z"}

[90mstdout[2m | src/services/content-enrichment.test.ts[2m > [22m[2menrichContent ΓÇö Hero[2m > [22m[2mdoes NOT inject hero when content has wp:image block
[22m[39m{"hero_skipped":true,"level":"info","message":"Content enrichment: top image/hero exists ΓÇö skipping hero","timestamp":"2026-03-12T09:00:18.038Z"}

[90mstdout[2m | src/services/taxonomy.test.ts[2m > [22m[2mWP Sync Idempotency (mock wp-client)[2m > [22m[2mshould be idempotent ΓÇö second run creates nothing
[22m[39m{"level":"info","message":"taxonomy-sync: fetching existing WP categories","timestamp":"2026-03-12T09:00:18.075Z"}
{"level":"info","message":"taxonomy-sync: fetching existing WP tags","timestamp":"2026-03-12T09:00:18.075Z"}
{"created":true,"level":"info","message":"taxonomy-sync: category ensured","slug":"gay-golf","timestamp":"2026-03-12T09:00:18.075Z"}
{"created":true,"level":"info","message":"taxonomy-sync: category ensured","slug":"golf-fitting","timestamp":"2026-03-12T09:00:18.075Z"}
{"created":true,"level":"info","message":"taxonomy-sync: category ensured","slug":"hoc-golf","timestamp":"2026-03-12T09:00:18.076Z"}
{"created":true,"level":"info","message":"taxonomy-sync: category ensured","slug":"san-golf","timestamp":"2026-03-12T09:00:18.076Z"}
{"created":true,"level":"info","message":"taxonomy-sync: category ensured","slug":"shop-golf","timestamp":"2026-03-12T09:00:18.076Z"}
{"created":true,"level":"info","message":"taxonomy-sync: category ensured","slug":"luat-golf","timestamp":"2026-03-12T09:00:18.076Z"}
{"created":true,"level":"info","message":"taxonomy-sync: category ensured","slug":"golf-cong-nghe","timestamp":"2026-03-12T09:00:18.076Z"}
{"created":true,"level":"info","message":"taxonomy-sync: category ensured","slug":"chi-phi-va-van-hoa","timestamp":"2026-03-12T09:00:18.076Z"}
{"created":true,"level":"info","message":"taxonomy-sync: category ensured","slug":"suc-khoe-fitness","timestamp":"2026-03-12T09:00:18.076Z"}
{"created":true,"level":"info","message":"taxonomy-sync: category ensured","slug":"du-lich-su-kien","timestamp":"2026-03-12T09:00:18.076Z"}
{"created":true,"level":"info","message":"taxonomy-sync: tag ensured","slug":"titleist","timestamp":"2026-03-12T09:00:18.076Z"}
{"created":true,"level":"info","message":"taxonomy-sync: tag ensured","slug":"taylormade","timestamp":"2026-03-12T09:00:18.076Z"}
{"created":true,"level":"info","message":"taxonomy-sync: tag ensured","slug":"callaway","timestamp":"2026-03-12T09:00:18.076Z"}
{"created":true,"level":"info","message":"taxonomy-sync: tag ensured","slug":"ping","timestamp":"2026-03-12T09:00:18.076Z"}
{"created":true,"level":"info","message":"taxonomy-sync: tag ensured","slug":"honma","timestamp":"2026-03-12T09:00:18.077Z"}
{"created":true,"level":"info","message":"taxonomy-sync: tag ensured","slug":"mizuno","timestamp":"2026-03-12T09:00:18.077Z"}
{"created":true,"level":"info","message":"taxonomy-sync: tag ensured","slug":"srixon","timestamp":"2026-03-12T09:00:18.077Z"}
{"created":true,"level":"info","message":"taxonomy-sync: tag ensured","slug":"cobra","timestamp":"2026-03-12T09:00:18.077Z"}
{"created":true,"level":"info","message":"taxonomy-sync: tag ensured","slug":"cleveland","timestamp":"2026-03-12T09:00:18.077Z"}
{"created":true,"level":"info","message":"taxonomy-sync: tag ensured","slug":"xxio","timestamp":"2026-03-12T09:00:18.077Z"}
{"created":true,"level":"info","message":"taxonomy-sync: tag ensured","slug":"pxg","timestamp":"2026-03-12T09:00:18.077Z"}
{"created":true,"level":"info","message":"taxonomy-sync: tag ensured","slug":"fujikura","timestamp":"2026-03-12T09:00:18.077Z"}
{"created":true,"level":"info","message":"taxonomy-sync: tag ensured","slug":"graphite-design","timestamp":"2026-03-12T09:00:18.077Z"}
{"created":true,"level":"info","message":"taxonomy-sync: tag ensured","slug":"project-x","timestamp":"2026-03-12T09:00:18.077Z"}
{"created":true,"level":"info","message":"taxonomy-sync: tag ensured","slug":"kbs","timestamp":"2026-03-12T09:00:18.077Z"}
{"created":true,"level":"info","message":"taxonomy-sync: tag ensured","slug":"nippon","timestamp":"2026-03-12T09:00:18.077Z"}
{"created":true,"level":"info","message":"taxonomy-sync: tag ensured","slug":"mitsubishi","timestamp":"2026-03-12T09:00:18.077Z"}
{"created":true,"level":"info","message":"taxonomy-sync: tag ensured","slug":"ust-mamiya","timestamp":"2026-03-12T09:00:18.077Z"}
{"created":true,"level":"info","message":"taxonomy-sync: tag ensured","slug":"accra","timestamp":"2026-03-12T09:00:18.077Z"}
{"created":true,"level":"info","message":"taxonomy-sync: tag ensured","slug":"pro-v1","timestamp":"2026-03-12T09:00:18.077Z"}
{"created":true,"level":"info","message":"taxonomy-sync: tag ensured","slug":"tp5","timestamp":"2026-03-12T09:00:18.077Z"}
{"created":true,"level":"info","message":"taxonomy-sync: tag ensured","slug":"chrome-soft","timestamp":"2026-03-12T09:00:18.077Z"}
{"created":true,"level":"info","message":"taxonomy-sync: tag ensured","slug":"z-star","timestamp":"2026-03-12T09:00:18.078Z"}
{"created":true,"level":"info","message":"taxonomy-sync: tag ensured","slug":"tour-b","timestamp":"2026-03-12T09:00:18.078Z"}
{"created":true,"level":"info","message":"taxonomy-sync: tag ensured","slug":"slice","timestamp":"2026-03-12T09:00:18.078Z"}
{"created":true,"level":"info","message":"taxonomy-sync: tag ensured","slug":"hook","timestamp":"2026-03-12T09:00:18.078Z"}
{"created":true,"level":"info","message":"taxonomy-sync: tag ensured","slug":"topping","timestamp":"2026-03-12T09:00:18.078Z"}
{"created":true,"level":"info","message":"taxonomy-sync: tag ensured","slug":"chunk","timestamp":"2026-03-12T09:00:18.078Z"}
{"created":true,"level":"info","message":"taxonomy-sync: tag ensured","slug":"putting","timestamp":"2026-03-12T09:00:18.078Z"}
{"created":true,"level":"info","message":"taxonomy-sync: tag ensured","slug":"chipping","timestamp":"2026-03-12T09:00:18.078Z"}
{"created":true,"level":"info","message":"taxonomy-sync: tag ensured","slug":"bunker","timestamp":"2026-03-12T09:00:18.078Z"}
{"created":true,"level":"info","message":"taxonomy-sync: tag ensured","slug":"hcp-0-9","timestamp":"2026-03-12T09:00:18.078Z"}
{"created":true,"level":"info","message":"taxonomy-sync: tag ensured","slug":"hcp-10-19","timestamp":"2026-03-12T09:00:18.078Z"}
{"created":true,"level":"info","message":"taxonomy-sync: tag ensured","slug":"hcp-20-36","timestamp":"2026-03-12T09:00:18.078Z"}
{"level":"info","message":"taxonomy-sync: fetching existing WP categories","timestamp":"2026-03-12T09:00:18.078Z"}
{"level":"info","message":"taxonomy-sync: fetching existing WP tags","timestamp":"2026-03-12T09:00:18.078Z"}

[90mstdout[2m | src/services/content-enrichment.test.ts[2m > [22m[2menrichContent ΓÇö TOC[2m > [22m[2mdoes NOT inject TOC when < 3 headings
[22m[39m{"heading_count":2,"level":"info","message":"Content enrichment: < 3 H2/H3 headings ΓÇö skipping TOC","timestamp":"2026-03-12T09:00:18.040Z"}

[90mstdout[2m | src/services/taxonomy.test.ts[2m > [22m[2mWP Sync Idempotency (mock wp-client)[2m > [22m[2mshould create all whitelist tags on first run
[22m[39m{"level":"info","message":"taxonomy-sync: fetching existing WP categories","timestamp":"2026-03-12T09:00:18.084Z"}
{"level":"info","message":"taxonomy-sync: fetching existing WP tags","timestamp":"2026-03-12T09:00:18.084Z"}
{"created":true,"level":"info","message":"taxonomy-sync: category ensured","slug":"gay-golf","timestamp":"2026-03-12T09:00:18.084Z"}
{"created":true,"level":"info","message":"taxonomy-sync: category ensured","slug":"golf-fitting","timestamp":"2026-03-12T09:00:18.084Z"}
{"created":true,"level":"info","message":"taxonomy-sync: category ensured","slug":"hoc-golf","timestamp":"2026-03-12T09:00:18.084Z"}
{"created":true,"level":"info","message":"taxonomy-sync: category ensured","slug":"san-golf","timestamp":"2026-03-12T09:00:18.084Z"}
{"created":true,"level":"info","message":"taxonomy-sync: category ensured","slug":"shop-golf","timestamp":"2026-03-12T09:00:18.084Z"}
{"created":true,"level":"info","message":"taxonomy-sync: category ensured","slug":"luat-golf","timestamp":"2026-03-12T09:00:18.084Z"}
{"created":true,"level":"info","message":"taxonomy-sync: category ensured","slug":"golf-cong-nghe","timestamp":"2026-03-12T09:00:18.084Z"}
{"created":true,"level":"info","message":"taxonomy-sync: category ensured","slug":"chi-phi-va-van-hoa","timestamp":"2026-03-12T09:00:18.084Z"}
{"created":true,"level":"info","message":"taxonomy-sync: category ensured","slug":"suc-khoe-fitness","timestamp":"2026-03-12T09:00:18.084Z"}
{"created":true,"level":"info","message":"taxonomy-sync: category ensured","slug":"du-lich-su-kien","timestamp":"2026-03-12T09:00:18.084Z"}
{"created":true,"level":"info","message":"taxonomy-sync: tag ensured","slug":"titleist","timestamp":"2026-03-12T09:00:18.084Z"}
{"created":true,"level":"info","message":"taxonomy-sync: tag ensured","slug":"taylormade","timestamp":"2026-03-12T09:00:18.084Z"}
{"created":true,"level":"info","message":"taxonomy-sync: tag ensured","slug":"callaway","timestamp":"2026-03-12T09:00:18.084Z"}
{"created":true,"level":"info","message":"taxonomy-sync: tag ensured","slug":"ping","timestamp":"2026-03-12T09:00:18.084Z"}
{"created":true,"level":"info","message":"taxonomy-sync: tag ensured","slug":"honma","timestamp":"2026-03-12T09:00:18.085Z"}
{"created":true,"level":"info","message":"taxonomy-sync: tag ensured","slug":"mizuno","timestamp":"2026-03-12T09:00:18.085Z"}
{"created":true,"level":"info","message":"taxonomy-sync: tag ensured","slug":"srixon","timestamp":"2026-03-12T09:00:18.085Z"}
{"created":true,"level":"info","message":"taxonomy-sync: tag ensured","slug":"cobra","timestamp":"2026-03-12T09:00:18.085Z"}
{"created":true,"level":"info","message":"taxonomy-sync: tag ensured","slug":"cleveland","timestamp":"2026-03-12T09:00:18.085Z"}
{"created":true,"level":"info","message":"taxonomy-sync: tag ensured","slug":"xxio","timestamp":"2026-03-12T09:00:18.085Z"}
{"created":true,"level":"info","message":"taxonomy-sync: tag ensured","slug":"pxg","timestamp":"2026-03-12T09:00:18.085Z"}
{"created":true,"level":"info","message":"taxonomy-sync: tag ensured","slug":"fujikura","timestamp":"2026-03-12T09:00:18.085Z"}
{"created":true,"level":"info","message":"taxonomy-sync: tag ensured","slug":"graphite-design","timestamp":"2026-03-12T09:00:18.085Z"}
{"created":true,"level":"info","message":"taxonomy-sync: tag ensured","slug":"project-x","timestamp":"2026-03-12T09:00:18.085Z"}
{"created":true,"level":"info","message":"taxonomy-sync: tag ensured","slug":"kbs","timestamp":"2026-03-12T09:00:18.085Z"}
{"created":true,"level":"info","message":"taxonomy-sync: tag ensured","slug":"nippon","timestamp":"2026-03-12T09:00:18.085Z"}
{"created":true,"level":"info","message":"taxonomy-sync: tag ensured","slug":"mitsubishi","timestamp":"2026-03-12T09:00:18.085Z"}
{"created":true,"level":"info","message":"taxonomy-sync: tag ensured","slug":"ust-mamiya","timestamp":"2026-03-12T09:00:18.085Z"}
{"created":true,"level":"info","message":"taxonomy-sync: tag ensured","slug":"accra","timestamp":"2026-03-12T09:00:18.085Z"}
{"created":true,"level":"info","message":"taxonomy-sync: tag ensured","slug":"pro-v1","timestamp":"2026-03-12T09:00:18.085Z"}
{"created":true,"level":"info","message":"taxonomy-sync: tag ensured","slug":"tp5","timestamp":"2026-03-12T09:00:18.085Z"}
{"created":true,"level":"info","message":"taxonomy-sync: tag ensured","slug":"chrome-soft","timestamp":"2026-03-12T09:00:18.085Z"}
{"created":true,"level":"info","message":"taxonomy-sync: tag ensured","slug":"z-star","timestamp":"2026-03-12T09:00:18.085Z"}
{"created":true,"level":"info","message":"taxonomy-sync: tag ensured","slug":"tour-b","timestamp":"2026-03-12T09:00:18.085Z"}
{"created":true,"level":"info","message":"taxonomy-sync: tag ensured","slug":"slice","timestamp":"2026-03-12T09:00:18.085Z"}
{"created":true,"level":"info","message":"taxonomy-sync: tag ensured","slug":"hook","timestamp":"2026-03-12T09:00:18.085Z"}
{"created":true,"level":"info","message":"taxonomy-sync: tag ensured","slug":"topping","timestamp":"2026-03-12T09:00:18.085Z"}
{"created":true,"level":"info","message":"taxonomy-sync: tag ensured","slug":"chunk","timestamp":"2026-03-12T09:00:18.085Z"}
{"created":true,"level":"info","message":"taxonomy-sync: tag ensured","slug":"putting","timestamp":"2026-03-12T09:00:18.085Z"}
{"created":true,"level":"info","message":"taxonomy-sync: tag ensured","slug":"chipping","timestamp":"2026-03-12T09:00:18.085Z"}
{"created":true,"level":"info","message":"taxonomy-sync: tag ensured","slug":"bunker","timestamp":"2026-03-12T09:00:18.085Z"}
{"created":true,"level":"info","message":"taxonomy-sync: tag ensured","slug":"hcp-0-9","timestamp":"2026-03-12T09:00:18.086Z"}
{"created":true,"level":"info","message":"taxonomy-sync: tag ensured","slug":"hcp-10-19","timestamp":"2026-03-12T09:00:18.086Z"}
{"created":true,"level":"info","message":"taxonomy-sync: tag ensured","slug":"hcp-20-36","timestamp":"2026-03-12T09:00:18.086Z"}

[90mstdout[2m | src/services/content-enrichment.test.ts[2m > [22m[2menrichContent ΓÇö TOC[2m > [22m[2mdoes NOT inject TOC when zero headings
[22m[39m{"heading_count":0,"level":"info","message":"Content enrichment: < 3 H2/H3 headings ΓÇö skipping TOC","timestamp":"2026-03-12T09:00:18.041Z"}

[90mstdout[2m | src/services/taxonomy.test.ts[2m > [22m[2mWP Sync Idempotency (mock wp-client)[2m > [22m[2mshould not create city tags
[22m[39m{"level":"info","message":"taxonomy-sync: fetching existing WP categories","timestamp":"2026-03-12T09:00:18.086Z"}
{"level":"info","message":"taxonomy-sync: fetching existing WP tags","timestamp":"2026-03-12T09:00:18.086Z"}
{"created":true,"level":"info","message":"taxonomy-sync: category ensured","slug":"gay-golf","timestamp":"2026-03-12T09:00:18.086Z"}
{"created":true,"level":"info","message":"taxonomy-sync: category ensured","slug":"golf-fitting","timestamp":"2026-03-12T09:00:18.086Z"}
{"created":true,"level":"info","message":"taxonomy-sync: category ensured","slug":"hoc-golf","timestamp":"2026-03-12T09:00:18.086Z"}
{"created":true,"level":"info","message":"taxonomy-sync: category ensured","slug":"san-golf","timestamp":"2026-03-12T09:00:18.086Z"}
{"created":true,"level":"info","message":"taxonomy-sync: category ensured","slug":"shop-golf","timestamp":"2026-03-12T09:00:18.086Z"}
{"created":true,"level":"info","message":"taxonomy-sync: category ensured","slug":"luat-golf","timestamp":"2026-03-12T09:00:18.086Z"}
{"created":true,"level":"info","message":"taxonomy-sync: category ensured","slug":"golf-cong-nghe","timestamp":"2026-03-12T09:00:18.086Z"}
{"created":true,"level":"info","message":"taxonomy-sync: category ensured","slug":"chi-phi-va-van-hoa","timestamp":"2026-03-12T09:00:18.086Z"}
{"created":true,"level":"info","message":"taxonomy-sync: category ensured","slug":"suc-khoe-fitness","timestamp":"2026-03-12T09:00:18.086Z"}
{"created":true,"level":"info","message":"taxonomy-sync: category ensured","slug":"du-lich-su-kien","timestamp":"2026-03-12T09:00:18.086Z"}
{"created":true,"level":"info","message":"taxonomy-sync: tag ensured","slug":"titleist","timestamp":"2026-03-12T09:00:18.087Z"}
{"created":true,"level":"info","message":"taxonomy-sync: tag ensured","slug":"taylormade","timestamp":"2026-03-12T09:00:18.087Z"}
{"created":true,"level":"info","message":"taxonomy-sync: tag ensured","slug":"callaway","timestamp":"2026-03-12T09:00:18.087Z"}
{"created":true,"level":"info","message":"taxonomy-sync: tag ensured","slug":"ping","timestamp":"2026-03-12T09:00:18.087Z"}
{"created":true,"level":"info","message":"taxonomy-sync: tag ensured","slug":"honma","timestamp":"2026-03-12T09:00:18.087Z"}
{"created":true,"level":"info","message":"taxonomy-sync: tag ensured","slug":"mizuno","timestamp":"2026-03-12T09:00:18.087Z"}
{"created":true,"level":"info","message":"taxonomy-sync: tag ensured","slug":"srixon","timestamp":"2026-03-12T09:00:18.087Z"}
{"created":true,"level":"info","message":"taxonomy-sync: tag ensured","slug":"cobra","timestamp":"2026-03-12T09:00:18.087Z"}
{"created":true,"level":"info","message":"taxonomy-sync: tag ensured","slug":"cleveland","timestamp":"2026-03-12T09:00:18.087Z"}
{"created":true,"level":"info","message":"taxonomy-sync: tag ensured","slug":"xxio","timestamp":"2026-03-12T09:00:18.087Z"}
{"created":true,"level":"info","message":"taxonomy-sync: tag ensured","slug":"pxg","timestamp":"2026-03-12T09:00:18.087Z"}
{"created":true,"level":"info","message":"taxonomy-sync: tag ensured","slug":"fujikura","timestamp":"2026-03-12T09:00:18.087Z"}
{"created":true,"level":"info","message":"taxonomy-sync: tag ensured","slug":"graphite-design","timestamp":"2026-03-12T09:00:18.087Z"}
{"created":true,"level":"info","message":"taxonomy-sync: tag ensured","slug":"project-x","timestamp":"2026-03-12T09:00:18.087Z"}
{"created":true,"level":"info","message":"taxonomy-sync: tag ensured","slug":"kbs","timestamp":"2026-03-12T09:00:18.087Z"}
{"created":true,"level":"info","message":"taxonomy-sync: tag ensured","slug":"nippon","timestamp":"2026-03-12T09:00:18.087Z"}
{"created":true,"level":"info","message":"taxonomy-sync: tag ensured","slug":"mitsubishi","timestamp":"2026-03-12T09:00:18.087Z"}
{"created":true,"level":"info","message":"taxonomy-sync: tag ensured","slug":"ust-mamiya","timestamp":"2026-03-12T09:00:18.087Z"}
{"created":true,"level":"info","message":"taxonomy-sync: tag ensured","slug":"accra","timestamp":"2026-03-12T09:00:18.087Z"}
{"created":true,"level":"info","message":"taxonomy-sync: tag ensured","slug":"pro-v1","timestamp":"2026-03-12T09:00:18.087Z"}
{"created":true,"level":"info","message":"taxonomy-sync: tag ensured","slug":"tp5","timestamp":"2026-03-12T09:00:18.087Z"}
{"created":true,"level":"info","message":"taxonomy-sync: tag ensured","slug":"chrome-soft","timestamp":"2026-03-12T09:00:18.087Z"}
{"created":true,"level":"info","message":"taxonomy-sync: tag ensured","slug":"z-star","timestamp":"2026-03-12T09:00:18.087Z"}
{"created":true,"level":"info","message":"taxonomy-sync: tag ensured","slug":"tour-b","timestamp":"2026-03-12T09:00:18.087Z"}
{"created":true,"level":"info","message":"taxonomy-sync: tag ensured","slug":"slice","timestamp":"2026-03-12T09:00:18.087Z"}
{"created":true,"level":"info","message":"taxonomy-sync: tag ensured","slug":"hook","timestamp":"2026-03-12T09:00:18.087Z"}
{"created":true,"level":"info","message":"taxonomy-sync: tag ensured","slug":"topping","timestamp":"2026-03-12T09:00:18.088Z"}
{"created":true,"level":"info","message":"taxonomy-sync: tag ensured","slug":"chunk","timestamp":"2026-03-12T09:00:18.088Z"}
{"created":true,"level":"info","message":"taxonomy-sync: tag ensured","slug":"putting","timestamp":"2026-03-12T09:00:18.088Z"}
{"created":true,"level":"info","message":"taxonomy-sync: tag ensured","slug":"chipping","timestamp":"2026-03-12T09:00:18.088Z"}
{"created":true,"level":"info","message":"taxonomy-sync: tag ensured","slug":"bunker","timestamp":"2026-03-12T09:00:18.088Z"}
{"created":true,"level":"info","message":"taxonomy-sync: tag ensured","slug":"hcp-0-9","timestamp":"2026-03-12T09:00:18.088Z"}
{"created":true,"level":"info","message":"taxonomy-sync: tag ensured","slug":"hcp-10-19","timestamp":"2026-03-12T09:00:18.088Z"}
{"created":true,"level":"info","message":"taxonomy-sync: tag ensured","slug":"hcp-20-36","timestamp":"2026-03-12T09:00:18.088Z"}

[90mstdout[2m | src/services/content-enrichment.test.ts[2m > [22m[2menrichContent ΓÇö Hero + TOC combined[2m > [22m[2midempotent re-run: does not duplicate hero/TOC/heading ids
[22m[39m{"hero_skipped":true,"level":"info","message":"Content enrichment: top image/hero exists ΓÇö skipping hero","timestamp":"2026-03-12T09:00:18.043Z"}
{"level":"info","message":"Content enrichment: TOC already exists ΓÇö skipping TOC","timestamp":"2026-03-12T09:00:18.043Z","toc_skipped":true}

[90mstdout[2m | src/services/taxonomy.test.ts[2m > [22m[2mWP Sync Idempotency (mock wp-client)[2m > [22m[2mshould handle WP errors gracefully
[22m[39m{"level":"info","message":"taxonomy-sync: fetching existing WP categories","timestamp":"2026-03-12T09:00:18.088Z"}
{"level":"info","message":"taxonomy-sync: fetching existing WP tags","timestamp":"2026-03-12T09:00:18.088Z"}
{"created":true,"level":"info","message":"taxonomy-sync: category ensured","slug":"gay-golf","timestamp":"2026-03-12T09:00:18.089Z"}
{"created":true,"level":"info","message":"taxonomy-sync: category ensured","slug":"golf-fitting","timestamp":"2026-03-12T09:00:18.089Z"}
{"created":true,"level":"info","message":"taxonomy-sync: category ensured","slug":"hoc-golf","timestamp":"2026-03-12T09:00:18.089Z"}
{"level":"error","message":"taxonomy-sync: category sync failed","slug":"san-golf","timestamp":"2026-03-12T09:00:18.089Z"}
{"created":true,"level":"info","message":"taxonomy-sync: category ensured","slug":"shop-golf","timestamp":"2026-03-12T09:00:18.089Z"}
{"created":true,"level":"info","message":"taxonomy-sync: category ensured","slug":"luat-golf","timestamp":"2026-03-12T09:00:18.089Z"}
{"created":true,"level":"info","message":"taxonomy-sync: category ensured","slug":"golf-cong-nghe","timestamp":"2026-03-12T09:00:18.089Z"}
{"created":true,"level":"info","message":"taxonomy-sync: category ensured","slug":"chi-phi-va-van-hoa","timestamp":"2026-03-12T09:00:18.089Z"}
{"created":true,"level":"info","message":"taxonomy-sync: category ensured","slug":"suc-khoe-fitness","timestamp":"2026-03-12T09:00:18.089Z"}
{"created":true,"level":"info","message":"taxonomy-sync: category ensured","slug":"du-lich-su-kien","timestamp":"2026-03-12T09:00:18.089Z"}
{"created":true,"level":"info","message":"taxonomy-sync: tag ensured","slug":"titleist","timestamp":"2026-03-12T09:00:18.089Z"}
{"created":true,"level":"info","message":"taxonomy-sync: tag ensured","slug":"taylormade","timestamp":"2026-03-12T09:00:18.089Z"}
{"created":true,"level":"info","message":"taxonomy-sync: tag ensured","slug":"callaway","timestamp":"2026-03-12T09:00:18.089Z"}
{"created":true,"level":"info","message":"taxonomy-sync: tag ensured","slug":"ping","timestamp":"2026-03-12T09:00:18.089Z"}
{"created":true,"level":"info","message":"taxonomy-sync: tag ensured","slug":"honma","timestamp":"2026-03-12T09:00:18.089Z"}
{"created":true,"level":"info","message":"taxonomy-sync: tag ensured","slug":"mizuno","timestamp":"2026-03-12T09:00:18.089Z"}
{"created":true,"level":"info","message":"taxonomy-sync: tag ensured","slug":"srixon","timestamp":"2026-03-12T09:00:18.089Z"}
{"created":true,"level":"info","message":"taxonomy-sync: tag ensured","slug":"cobra","timestamp":"2026-03-12T09:00:18.089Z"}
{"created":true,"level":"info","message":"taxonomy-sync: tag ensured","slug":"cleveland","timestamp":"2026-03-12T09:00:18.089Z"}
{"created":true,"level":"info","message":"taxonomy-sync: tag ensured","slug":"xxio","timestamp":"2026-03-12T09:00:18.089Z"}
{"created":true,"level":"info","message":"taxonomy-sync: tag ensured","slug":"pxg","timestamp":"2026-03-12T09:00:18.089Z"}
{"created":true,"level":"info","message":"taxonomy-sync: tag ensured","slug":"fujikura","timestamp":"2026-03-12T09:00:18.089Z"}
{"created":true,"level":"info","message":"taxonomy-sync: tag ensured","slug":"graphite-design","timestamp":"2026-03-12T09:00:18.090Z"}
{"created":true,"level":"info","message":"taxonomy-sync: tag ensured","slug":"project-x","timestamp":"2026-03-12T09:00:18.090Z"}
{"created":true,"level":"info","message":"taxonomy-sync: tag ensured","slug":"kbs","timestamp":"2026-03-12T09:00:18.090Z"}
{"created":true,"level":"info","message":"taxonomy-sync: tag ensured","slug":"nippon","timestamp":"2026-03-12T09:00:18.090Z"}
{"created":true,"level":"info","message":"taxonomy-sync: tag ensured","slug":"mitsubishi","timestamp":"2026-03-12T09:00:18.090Z"}
{"created":true,"level":"info","message":"taxonomy-sync: tag ensured","slug":"ust-mamiya","timestamp":"2026-03-12T09:00:18.090Z"}
{"created":true,"level":"info","message":"taxonomy-sync: tag ensured","slug":"accra","timestamp":"2026-03-12T09:00:18.090Z"}
{"created":true,"level":"info","message":"taxonomy-sync: tag ensured","slug":"pro-v1","timestamp":"2026-03-12T09:00:18.090Z"}
{"created":true,"level":"info","message":"taxonomy-sync: tag ensured","slug":"tp5","timestamp":"2026-03-12T09:00:18.090Z"}
{"created":true,"level":"info","message":"taxonomy-sync: tag ensured","slug":"chrome-soft","timestamp":"2026-03-12T09:00:18.090Z"}
{"created":true,"level":"info","message":"taxonomy-sync: tag ensured","slug":"z-star","timestamp":"2026-03-12T09:00:18.090Z"}
{"created":true,"level":"info","message":"taxonomy-sync: tag ensured","slug":"tour-b","timestamp":"2026-03-12T09:00:18.090Z"}
{"created":true,"level":"info","message":"taxonomy-sync: tag ensured","slug":"slice","timestamp":"2026-03-12T09:00:18.090Z"}
{"created":true,"level":"info","message":"taxonomy-sync: tag ensured","slug":"hook","timestamp":"2026-03-12T09:00:18.090Z"}
{"created":true,"level":"info","message":"taxonomy-sync: tag ensured","slug":"topping","timestamp":"2026-03-12T09:00:18.090Z"}
{"created":true,"level":"info","message":"taxonomy-sync: tag ensured","slug":"chunk","timestamp":"2026-03-12T09:00:18.090Z"}
{"created":true,"level":"info","message":"taxonomy-sync: tag ensured","slug":"putting","timestamp":"2026-03-12T09:00:18.090Z"}
{"created":true,"level":"info","message":"taxonomy-sync: tag ensured","slug":"chipping","timestamp":"2026-03-12T09:00:18.090Z"}
{"created":true,"level":"info","message":"taxonomy-sync: tag ensured","slug":"bunker","timestamp":"2026-03-12T09:00:18.090Z"}
{"created":true,"level":"info","message":"taxonomy-sync: tag ensured","slug":"hcp-0-9","timestamp":"2026-03-12T09:00:18.090Z"}
{"created":true,"level":"info","message":"taxonomy-sync: tag ensured","slug":"hcp-10-19","timestamp":"2026-03-12T09:00:18.090Z"}
{"created":true,"level":"info","message":"taxonomy-sync: tag ensured","slug":"hcp-20-36","timestamp":"2026-03-12T09:00:18.090Z"}

[90mstdout[2m | src/services/content-enrichment.test.ts[2m > [22m[2menrichContent ΓÇö non-blocking[2m > [22m[2mnever throws ΓÇö returns reasons on internal errors
[22m[39m{"heading_count":0,"level":"info","message":"Content enrichment: < 3 H2/H3 headings ΓÇö skipping TOC","timestamp":"2026-03-12T09:00:18.045Z"}
{"heading_count":0,"level":"info","message":"Content enrichment: < 3 H2/H3 headings ΓÇö skipping TOC","timestamp":"2026-03-12T09:00:18.045Z"}

 [32mΓ£ô[39m src/services/taxonomy.test.ts [2m([22m[2m79 tests[22m[2m)[22m[90m 69[2mms[22m[39m
[90mstdout[2m | src/services/content-enrichment.test.ts[2m > [22m[2menrichContent ΓÇö non-blocking[2m > [22m[2mrejects unsafe media source URL and remains non-blocking
[22m[39m{"error":"unsafe_media_source_url","level":"warn","message":"Content enrichment: hero injection failed ΓÇö non-blocking","timestamp":"2026-03-12T09:00:18.049Z"}

 [32mΓ£ô[39m src/services/content-enrichment.test.ts [2m([22m[2m54 tests[22m[2m)[22m[90m 55[2mms[22m[39m
[90mstdout[2m | src/hardening.test.ts
[22m[39m[dotenv@17.3.1] injecting env (0) from .env -- tip: ≡ƒ¢í∩╕Å auth for agents: https://vestauth.com

[90mstdout[2m | src/stages/stage4.test.ts[2m > [22m[2mStage 4 ΓÇö Dual Image Pipeline[2m > [22m[2mrejects video request with video_not_allowed
[22m[39m{"level":"error","message":"Stage 4: VIDEO REQUEST REJECTED","queue_id":"q-video-1","timestamp":"2026-03-12T09:00:18.290Z"}

[90mstdout[2m | src/stages/stage4.test.ts[2m > [22m[2mStage 4 ΓÇö Dual Image Pipeline[2m > [22m[2mdoes not flag incidental video mention as video request
[22m[39m{"has_featured_image":"no","has_hero_image":"no","has_image_bytes":"no","level":"info","message":"Stage 4: image plan complete","queue_id":"q-no-video-1","timestamp":"2026-03-12T09:00:18.305Z"}

[90mstdout[2m | src/stages/stage4.test.ts[2m > [22m[2mStage 4 ΓÇö Dual Image Pipeline[2m > [22m[2mproduces image plan without writerService (no bytes)
[22m[39m{"has_featured_image":"no","has_hero_image":"no","has_image_bytes":"no","level":"info","message":"Stage 4: image plan complete","queue_id":"q-nowriter-1","timestamp":"2026-03-12T09:00:18.315Z"}

[90mstdout[2m | src/stages/stage4.test.ts[2m > [22m[2mStage 4 ΓÇö Dual Image Pipeline[2m > [22m[2mTEST-IMG-001: generates both featured + hero images successfully
[22m[39m{"attempt":1,"image_role":"featured","level":"info","message":"Stage 4: image generation attempt","queue_id":"q-dual-success","status":"generating","timestamp":"2026-03-12T09:00:18.322Z"}
{"attempt":1,"image_role":"featured","level":"info","message":"Stage 4: image generation succeeded","mime_type":"image/png","queue_id":"q-dual-success","status":"ready","timestamp":"2026-03-12T09:00:18.323Z"}
{"attempt":1,"image_role":"hero","level":"info","message":"Stage 4: image generation attempt","queue_id":"q-dual-success","status":"generating","timestamp":"2026-03-12T09:00:18.323Z"}
{"attempt":1,"image_role":"hero","level":"info","message":"Stage 4: image generation succeeded","mime_type":"image/png","queue_id":"q-dual-success","status":"ready","timestamp":"2026-03-12T09:00:18.323Z"}
{"featured_ready":"yes","hero_ready":"yes","level":"info","message":"Stage 4: dual image generation complete","queue_id":"q-dual-success","timestamp":"2026-03-12T09:00:18.323Z"}
{"has_featured_image":"yes","has_hero_image":"yes","has_image_bytes":"yes","level":"info","message":"Stage 4: image plan complete","queue_id":"q-dual-success","timestamp":"2026-03-12T09:00:18.324Z"}

[90mstdout[2m | src/stages/stage4.test.ts[2m > [22m[2mStage 4 ΓÇö Dual Image Pipeline[2m > [22m[2mTEST-IMG-002: fails when hero generation fails and imageRequired=true
[22m[39m{"attempt":1,"image_role":"featured","level":"info","message":"Stage 4: image generation attempt","queue_id":"q-hero-fail","status":"generating","timestamp":"2026-03-12T09:00:18.331Z"}
{"attempt":1,"image_role":"featured","level":"info","message":"Stage 4: image generation succeeded","mime_type":"image/png","queue_id":"q-hero-fail","status":"ready","timestamp":"2026-03-12T09:00:18.332Z"}
{"attempt":1,"image_role":"hero","level":"info","message":"Stage 4: image generation attempt","queue_id":"q-hero-fail","status":"generating","timestamp":"2026-03-12T09:00:18.332Z"}
{"attempt":1,"error":"hero_gen_failed","image_role":"hero","level":"warn","message":"Stage 4: image generation attempt failed","queue_id":"q-hero-fail","status":"failed","timestamp":"2026-03-12T09:00:18.332Z"}
{"attempt":1,"backoff_ms":1,"image_role":"hero","level":"info","message":"Stage 4: waiting before retry","queue_id":"q-hero-fail","status":"queued","timestamp":"2026-03-12T09:00:18.332Z"}

[90mstdout[2m | src/stages/stage4.test.ts[2m > [22m[2mStage 4 ΓÇö Dual Image Pipeline[2m > [22m[2mTEST-IMG-002: fails when hero generation fails and imageRequired=true
[22m[39m{"attempt":2,"image_role":"hero","level":"info","message":"Stage 4: image generation attempt","queue_id":"q-hero-fail","status":"generating","timestamp":"2026-03-12T09:00:18.333Z"}
{"attempt":2,"error":"hero_gen_failed","image_role":"hero","level":"warn","message":"Stage 4: image generation attempt failed","queue_id":"q-hero-fail","status":"failed","timestamp":"2026-03-12T09:00:18.334Z"}
{"image_role":"hero","level":"error","max_attempts":2,"message":"Stage 4: image generation exhausted all attempts","queue_id":"q-hero-fail","status":"failed","timestamp":"2026-03-12T09:00:18.334Z"}

[90mstdout[2m | src/stages/stage4.test.ts[2m > [22m[2mStage 4 ΓÇö Dual Image Pipeline[2m > [22m[2mcontinues without hero when generation fails and imageRequired=false
[22m[39m{"attempt":1,"image_role":"featured","level":"info","message":"Stage 4: image generation attempt","queue_id":"q-hero-fail-optional","status":"generating","timestamp":"2026-03-12T09:00:18.339Z"}
{"attempt":1,"image_role":"featured","level":"info","message":"Stage 4: image generation succeeded","mime_type":"image/png","queue_id":"q-hero-fail-optional","status":"ready","timestamp":"2026-03-12T09:00:18.339Z"}
{"attempt":1,"image_role":"hero","level":"info","message":"Stage 4: image generation attempt","queue_id":"q-hero-fail-optional","status":"generating","timestamp":"2026-03-12T09:00:18.339Z"}
{"attempt":1,"error":"hero_gen_failed","image_role":"hero","level":"warn","message":"Stage 4: image generation attempt failed","queue_id":"q-hero-fail-optional","status":"failed","timestamp":"2026-03-12T09:00:18.339Z"}
{"attempt":1,"backoff_ms":1,"image_role":"hero","level":"info","message":"Stage 4: waiting before retry","queue_id":"q-hero-fail-optional","status":"queued","timestamp":"2026-03-12T09:00:18.340Z"}

[90mstdout[2m | src/stages/stage4.test.ts[2m > [22m[2mStage 4 ΓÇö Dual Image Pipeline[2m > [22m[2mcontinues without hero when generation fails and imageRequired=false
[22m[39m{"attempt":2,"image_role":"hero","level":"info","message":"Stage 4: image generation attempt","queue_id":"q-hero-fail-optional","status":"generating","timestamp":"2026-03-12T09:00:18.342Z"}
{"attempt":2,"error":"hero_gen_failed","image_role":"hero","level":"warn","message":"Stage 4: image generation attempt failed","queue_id":"q-hero-fail-optional","status":"failed","timestamp":"2026-03-12T09:00:18.342Z"}
{"image_role":"hero","level":"error","max_attempts":2,"message":"Stage 4: image generation exhausted all attempts","queue_id":"q-hero-fail-optional","status":"failed","timestamp":"2026-03-12T09:00:18.342Z"}
{"featured_ready":"yes","hero_ready":"no","level":"info","message":"Stage 4: dual image generation complete","queue_id":"q-hero-fail-optional","timestamp":"2026-03-12T09:00:18.343Z"}
{"has_featured_image":"yes","has_hero_image":"no","has_image_bytes":"yes","level":"info","message":"Stage 4: image plan complete","queue_id":"q-hero-fail-optional","timestamp":"2026-03-12T09:00:18.343Z"}

[90mstdout[2m | src/stages/stage4.test.ts[2m > [22m[2mStage 4 ΓÇö Dual Image Pipeline[2m > [22m[2mfails when featured generation fails and imageRequired=true
[22m[39m{"attempt":1,"image_role":"featured","level":"info","message":"Stage 4: image generation attempt","queue_id":"q-featured-fail","status":"generating","timestamp":"2026-03-12T09:00:18.347Z"}
{"attempt":1,"error":"featured_gen_failed","image_role":"featured","level":"warn","message":"Stage 4: image generation attempt failed","queue_id":"q-featured-fail","status":"failed","timestamp":"2026-03-12T09:00:18.348Z"}
{"attempt":1,"backoff_ms":1,"image_role":"featured","level":"info","message":"Stage 4: waiting before retry","queue_id":"q-featured-fail","status":"queued","timestamp":"2026-03-12T09:00:18.348Z"}

 [32mΓ£ô[39m src/stages/stage4.test.ts [2m([22m[2m15 tests[22m[2m)[22m[90m 160[2mms[22m[39m
[90mstdout[2m | src/stages/stage4.test.ts[2m > [22m[2mStage 4 ΓÇö Dual Image Pipeline[2m > [22m[2mfails when featured generation fails and imageRequired=true
[22m[39m{"attempt":2,"image_role":"featured","level":"info","message":"Stage 4: image generation attempt","queue_id":"q-featured-fail","status":"generating","timestamp":"2026-03-12T09:00:18.358Z"}
{"attempt":2,"error":"featured_gen_failed","image_role":"featured","level":"warn","message":"Stage 4: image generation attempt failed","queue_id":"q-featured-fail","status":"failed","timestamp":"2026-03-12T09:00:18.359Z"}
{"image_role":"featured","level":"error","max_attempts":2,"message":"Stage 4: image generation exhausted all attempts","queue_id":"q-featured-fail","status":"failed","timestamp":"2026-03-12T09:00:18.359Z"}
{"attempt":1,"image_role":"hero","level":"info","message":"Stage 4: image generation attempt","queue_id":"q-featured-fail","status":"generating","timestamp":"2026-03-12T09:00:18.359Z"}
{"attempt":1,"image_role":"hero","level":"info","message":"Stage 4: image generation succeeded","mime_type":"image/png","queue_id":"q-featured-fail","status":"ready","timestamp":"2026-03-12T09:00:18.359Z"}

[90mstdout[2m | src/stages/stage4.test.ts[2m > [22m[2mStage 4 ΓÇö Dual Image Pipeline[2m > [22m[2mTEST-IMG-003: enrichContent does not duplicate hero block on rerun
[22m[39m{"heading_count":1,"level":"info","message":"Content enrichment: < 3 H2/H3 headings ΓÇö skipping TOC","timestamp":"2026-03-12T09:00:18.365Z"}
{"hero_skipped":true,"level":"info","message":"Content enrichment: top image/hero exists ΓÇö skipping hero","timestamp":"2026-03-12T09:00:18.366Z"}
{"heading_count":1,"level":"info","message":"Content enrichment: < 3 H2/H3 headings ΓÇö skipping TOC","timestamp":"2026-03-12T09:00:18.366Z"}

[90mstdout[2m | src/stages/stage4.test.ts[2m > [22m[2mStage 4 ΓÇö Dual Image Pipeline[2m > [22m[2moutput always has schema_version "1.0"
[22m[39m{"has_featured_image":"no","has_hero_image":"no","has_image_bytes":"no","level":"info","message":"Stage 4: image plan complete","queue_id":"q-schema-1","timestamp":"2026-03-12T09:00:18.369Z"}

[90mstdout[2m | src/stages/stage4.test.ts[2m > [22m[2mStage 4 ΓÇö Dual Image Pipeline[2m > [22m[2mmedia_mode is always "image_only"
[22m[39m{"attempt":1,"image_role":"featured","level":"info","message":"Stage 4: image generation attempt","queue_id":"q-mediamode-1","status":"generating","timestamp":"2026-03-12T09:00:18.373Z"}
{"attempt":1,"image_role":"featured","level":"info","message":"Stage 4: image generation succeeded","mime_type":"image/png","queue_id":"q-mediamode-1","status":"ready","timestamp":"2026-03-12T09:00:18.373Z"}
{"attempt":1,"image_role":"hero","level":"info","message":"Stage 4: image generation attempt","queue_id":"q-mediamode-1","status":"generating","timestamp":"2026-03-12T09:00:18.373Z"}
{"attempt":1,"image_role":"hero","level":"info","message":"Stage 4: image generation succeeded","mime_type":"image/png","queue_id":"q-mediamode-1","status":"ready","timestamp":"2026-03-12T09:00:18.373Z"}
{"featured_ready":"yes","hero_ready":"yes","level":"info","message":"Stage 4: dual image generation complete","queue_id":"q-mediamode-1","timestamp":"2026-03-12T09:00:18.373Z"}
{"has_featured_image":"yes","has_hero_image":"yes","has_image_bytes":"yes","level":"info","message":"Stage 4: image plan complete","queue_id":"q-mediamode-1","timestamp":"2026-03-12T09:00:18.373Z"}

[90mstdout[2m | src/stages/stage4.test.ts[2m > [22m[2mStage 4 ΓÇö Dual Image Pipeline[2m > [22m[2muses writerService.generateImage for prompt when available
[22m[39m{"attempt":1,"image_role":"featured","level":"info","message":"Stage 4: image generation attempt","queue_id":"q-prompt-1","status":"generating","timestamp":"2026-03-12T09:00:18.376Z"}
{"attempt":1,"image_role":"featured","level":"info","message":"Stage 4: image generation succeeded","mime_type":"image/png","queue_id":"q-prompt-1","status":"ready","timestamp":"2026-03-12T09:00:18.376Z"}
{"attempt":1,"image_role":"hero","level":"info","message":"Stage 4: image generation attempt","queue_id":"q-prompt-1","status":"generating","timestamp":"2026-03-12T09:00:18.376Z"}
{"attempt":1,"image_role":"hero","level":"info","message":"Stage 4: image generation succeeded","mime_type":"image/png","queue_id":"q-prompt-1","status":"ready","timestamp":"2026-03-12T09:00:18.376Z"}
{"featured_ready":"yes","hero_ready":"yes","level":"info","message":"Stage 4: dual image generation complete","queue_id":"q-prompt-1","timestamp":"2026-03-12T09:00:18.376Z"}
{"has_featured_image":"yes","has_hero_image":"yes","has_image_bytes":"yes","level":"info","message":"Stage 4: image plan complete","queue_id":"q-prompt-1","timestamp":"2026-03-12T09:00:18.376Z"}

[90mstdout[2m | src/stages/stage4.test.ts[2m > [22m[2mStage 4 ΓÇö Dual Image Pipeline[2m > [22m[2mfalls back gracefully when image prompt generation fails
[22m[39m{"error":"prompt_gen_failed","level":"warn","message":"Stage 4: image prompt generation failed, using stage3 prompts","timestamp":"2026-03-12T09:00:18.380Z"}
{"attempt":1,"image_role":"featured","level":"info","message":"Stage 4: image generation attempt","queue_id":"q-prompt-fail","status":"generating","timestamp":"2026-03-12T09:00:18.380Z"}
{"attempt":1,"image_role":"featured","level":"info","message":"Stage 4: image generation succeeded","mime_type":"image/png","queue_id":"q-prompt-fail","status":"ready","timestamp":"2026-03-12T09:00:18.380Z"}
{"attempt":1,"image_role":"hero","level":"info","message":"Stage 4: image generation attempt","queue_id":"q-prompt-fail","status":"generating","timestamp":"2026-03-12T09:00:18.380Z"}
{"attempt":1,"image_role":"hero","level":"info","message":"Stage 4: image generation succeeded","mime_type":"image/png","queue_id":"q-prompt-fail","status":"ready","timestamp":"2026-03-12T09:00:18.380Z"}
{"featured_ready":"yes","hero_ready":"yes","level":"info","message":"Stage 4: dual image generation complete","queue_id":"q-prompt-fail","timestamp":"2026-03-12T09:00:18.380Z"}
{"has_featured_image":"yes","has_hero_image":"yes","has_image_bytes":"yes","level":"info","message":"Stage 4: image plan complete","queue_id":"q-prompt-fail","timestamp":"2026-03-12T09:00:18.380Z"}

[90mstdout[2m | src/stages/stage4.test.ts[2m > [22m[2mStage 4 ΓÇö Dual Image Pipeline[2m > [22m[2mhero prompt contains cinematic/banner language
[22m[39m{"attempt":1,"image_role":"featured","level":"info","message":"Stage 4: image generation attempt","queue_id":"q-hero-prompt","status":"generating","timestamp":"2026-03-12T09:00:18.383Z"}
{"attempt":1,"image_role":"featured","level":"info","message":"Stage 4: image generation succeeded","mime_type":"image/png","queue_id":"q-hero-prompt","status":"ready","timestamp":"2026-03-12T09:00:18.383Z"}
{"attempt":1,"image_role":"hero","level":"info","message":"Stage 4: image generation attempt","queue_id":"q-hero-prompt","status":"generating","timestamp":"2026-03-12T09:00:18.383Z"}
{"attempt":1,"image_role":"hero","level":"info","message":"Stage 4: image generation succeeded","mime_type":"image/png","queue_id":"q-hero-prompt","status":"ready","timestamp":"2026-03-12T09:00:18.383Z"}
{"featured_ready":"yes","hero_ready":"yes","level":"info","message":"Stage 4: dual image generation complete","queue_id":"q-hero-prompt","timestamp":"2026-03-12T09:00:18.383Z"}
{"has_featured_image":"yes","has_hero_image":"yes","has_image_bytes":"yes","level":"info","message":"Stage 4: image plan complete","queue_id":"q-hero-prompt","timestamp":"2026-03-12T09:00:18.383Z"}

[90mstdout[2m | src/stages/stage4.test.ts[2m > [22m[2mStage 4 ΓÇö Dual Image Pipeline[2m > [22m[2mhero prompt includes image_only and NO video constraint
[22m[39m{"attempt":1,"image_role":"featured","level":"info","message":"Stage 4: image generation attempt","queue_id":"q-hero-no-video","status":"generating","timestamp":"2026-03-12T09:00:18.386Z"}
{"attempt":1,"image_role":"featured","level":"info","message":"Stage 4: image generation succeeded","mime_type":"image/png","queue_id":"q-hero-no-video","status":"ready","timestamp":"2026-03-12T09:00:18.386Z"}
{"attempt":1,"image_role":"hero","level":"info","message":"Stage 4: image generation attempt","queue_id":"q-hero-no-video","status":"generating","timestamp":"2026-03-12T09:00:18.386Z"}
{"attempt":1,"image_role":"hero","level":"info","message":"Stage 4: image generation succeeded","mime_type":"image/png","queue_id":"q-hero-no-video","status":"ready","timestamp":"2026-03-12T09:00:18.386Z"}
{"featured_ready":"yes","hero_ready":"yes","level":"info","message":"Stage 4: dual image generation complete","queue_id":"q-hero-no-video","timestamp":"2026-03-12T09:00:18.386Z"}
{"has_featured_image":"yes","has_hero_image":"yes","has_image_bytes":"yes","level":"info","message":"Stage 4: image plan complete","queue_id":"q-hero-no-video","timestamp":"2026-03-12T09:00:18.386Z"}

[90mstdout[2m | src/services/writer.test.ts[2m > [22m[2mWriterService ΓÇö grounding validation (fail-closed)[2m > [22m[2mcallLlm does NOT throw when grounding=google_search and provider=gemini (in mock mode)
[22m[39m{"level":"info","message":"Writer: MOCK MODE ΓÇö returning placeholder response","model":"gemini-3-pro-preview","provider":"gemini","timestamp":"2026-03-12T09:00:18.512Z"}

[90mstdout[2m | src/services/writer.test.ts[2m > [22m[2mWriterService ΓÇö grounding validation (fail-closed)[2m > [22m[2mcallLlm does NOT throw when no grounding specified
[22m[39m{"level":"info","message":"Writer: MOCK MODE ΓÇö returning placeholder response","model":"gpt-4o","provider":"openai","timestamp":"2026-03-12T09:00:18.524Z"}

[90mstdout[2m | src/services/writer.test.ts[2m > [22m[2mWriterService ΓÇö prompt template constraints[2m > [22m[2mresearch() systemPrompt includes CLASS_HINT CITATION RULES
[22m[39m{"env_set":false,"level":"info","message":"PromptLoader: resolved prompts file path","path":"./prompts/my_prompts.md","timestamp":"2026-03-12T09:00:18.536Z"}
{"level":"warn","message":"PromptLoader: external file unreadable, falling back to embedded prompts","path":"./prompts/my_prompts.md","reason":"ENOENT: no such file or directory, open 'E:\\Golfy_website_check\\wp-content-autopilot\\prompts\\my_prompts.md'","source":"fallback","timestamp":"2026-03-12T09:00:18.537Z"}

[90mstdout[2m | src/services/writer.test.ts[2m > [22m[2mWriterService ΓÇö prompt template constraints[2m > [22m[2mresearch() systemPrompt includes E-E-A-T rules
[22m[39m{"env_set":false,"level":"info","message":"PromptLoader: resolved prompts file path","path":"./prompts/my_prompts.md","timestamp":"2026-03-12T09:00:18.557Z"}
{"level":"warn","message":"PromptLoader: external file unreadable, falling back to embedded prompts","path":"./prompts/my_prompts.md","reason":"ENOENT: no such file or directory, open 'E:\\Golfy_website_check\\wp-content-autopilot\\prompts\\my_prompts.md'","source":"fallback","timestamp":"2026-03-12T09:00:18.558Z"}

[90mstdout[2m | src/services/writer.test.ts[2m > [22m[2mWriterService ΓÇö prompt template constraints[2m > [22m[2mresearch() systemPrompt ends with "Return valid JSON only"
[22m[39m{"env_set":false,"level":"info","message":"PromptLoader: resolved prompts file path","path":"./prompts/my_prompts.md","timestamp":"2026-03-12T09:00:18.561Z"}
{"level":"warn","message":"PromptLoader: external file unreadable, falling back to embedded prompts","path":"./prompts/my_prompts.md","reason":"ENOENT: no such file or directory, open 'E:\\Golfy_website_check\\wp-content-autopilot\\prompts\\my_prompts.md'","source":"fallback","timestamp":"2026-03-12T09:00:18.561Z"}

[90mstdout[2m | src/services/writer.test.ts[2m > [22m[2mWriterService ΓÇö prompt template constraints[2m > [22m[2mresearch() userPrompt includes context with class_hint when provided
[22m[39m{"env_set":false,"level":"info","message":"PromptLoader: resolved prompts file path","path":"./prompts/my_prompts.md","timestamp":"2026-03-12T09:00:18.562Z"}
{"level":"warn","message":"PromptLoader: external file unreadable, falling back to embedded prompts","path":"./prompts/my_prompts.md","reason":"ENOENT: no such file or directory, open 'E:\\Golfy_website_check\\wp-content-autopilot\\prompts\\my_prompts.md'","source":"fallback","timestamp":"2026-03-12T09:00:18.562Z"}

[90mstdout[2m | src/services/writer.test.ts[2m > [22m[2mWriterService ΓÇö prompt template constraints[2m > [22m[2mdraft() systemPrompt includes BLOGPOST_SUBTYPE STRUCTURE RULES
[22m[39m{"env_set":false,"level":"info","message":"PromptLoader: resolved prompts file path","path":"./prompts/my_prompts.md","timestamp":"2026-03-12T09:00:18.563Z"}
{"level":"warn","message":"PromptLoader: external file unreadable, falling back to embedded prompts","path":"./prompts/my_prompts.md","reason":"ENOENT: no such file or directory, open 'E:\\Golfy_website_check\\wp-content-autopilot\\prompts\\my_prompts.md'","source":"fallback","timestamp":"2026-03-12T09:00:18.563Z"}

[90mstdout[2m | src/services/writer.test.ts[2m > [22m[2mWriterService ΓÇö prompt template constraints[2m > [22m[2mdraft() systemPrompt includes MODULE BLOCKS constraints
[22m[39m{"env_set":false,"level":"info","message":"PromptLoader: resolved prompts file path","path":"./prompts/my_prompts.md","timestamp":"2026-03-12T09:00:18.568Z"}
{"level":"warn","message":"PromptLoader: external file unreadable, falling back to embedded prompts","path":"./prompts/my_prompts.md","reason":"ENOENT: no such file or directory, open 'E:\\Golfy_website_check\\wp-content-autopilot\\prompts\\my_prompts.md'","source":"fallback","timestamp":"2026-03-12T09:00:18.568Z"}

[90mstdout[2m | src/services/writer.test.ts[2m > [22m[2mWriterService ΓÇö prompt template constraints[2m > [22m[2mdraft() systemPrompt includes SLUG IMMUTABILITY
[22m[39m{"env_set":false,"level":"info","message":"PromptLoader: resolved prompts file path","path":"./prompts/my_prompts.md","timestamp":"2026-03-12T09:00:18.569Z"}
{"level":"warn","message":"PromptLoader: external file unreadable, falling back to embedded prompts","path":"./prompts/my_prompts.md","reason":"ENOENT: no such file or directory, open 'E:\\Golfy_website_check\\wp-content-autopilot\\prompts\\my_prompts.md'","source":"fallback","timestamp":"2026-03-12T09:00:18.569Z"}

[90mstdout[2m | src/services/writer.test.ts[2m > [22m[2mWriterService ΓÇö prompt template constraints[2m > [22m[2mdraft() systemPrompt ends with "Return valid JSON only"
[22m[39m{"env_set":false,"level":"info","message":"PromptLoader: resolved prompts file path","path":"./prompts/my_prompts.md","timestamp":"2026-03-12T09:00:18.573Z"}
{"level":"warn","message":"PromptLoader: external file unreadable, falling back to embedded prompts","path":"./prompts/my_prompts.md","reason":"ENOENT: no such file or directory, open 'E:\\Golfy_website_check\\wp-content-autopilot\\prompts\\my_prompts.md'","source":"fallback","timestamp":"2026-03-12T09:00:18.574Z"}

[90mstdout[2m | src/services/writer.test.ts[2m > [22m[2mWriterService ΓÇö prompt template constraints[2m > [22m[2mfinalEdit() systemPrompt uses PATCH-ONLY mode with immutability guards
[22m[39m{"env_set":false,"level":"info","message":"PromptLoader: resolved prompts file path","path":"./prompts/my_prompts.md","timestamp":"2026-03-12T09:00:18.575Z"}
{"level":"warn","message":"PromptLoader: external file unreadable, falling back to embedded prompts","path":"./prompts/my_prompts.md","reason":"ENOENT: no such file or directory, open 'E:\\Golfy_website_check\\wp-content-autopilot\\prompts\\my_prompts.md'","source":"fallback","timestamp":"2026-03-12T09:00:18.575Z"}

[90mstdout[2m | src/services/writer.test.ts[2m > [22m[2mWriterService ΓÇö prompt template constraints[2m > [22m[2mfinalEdit() userPrompt includes patch-only instruction
[22m[39m{"env_set":false,"level":"info","message":"PromptLoader: resolved prompts file path","path":"./prompts/my_prompts.md","timestamp":"2026-03-12T09:00:18.576Z"}
{"level":"warn","message":"PromptLoader: external file unreadable, falling back to embedded prompts","path":"./prompts/my_prompts.md","reason":"ENOENT: no such file or directory, open 'E:\\Golfy_website_check\\wp-content-autopilot\\prompts\\my_prompts.md'","source":"fallback","timestamp":"2026-03-12T09:00:18.576Z"}

 [31mΓ¥»[39m src/services/writer.test.ts [2m([22m[2m49 tests[22m[2m | [22m[31m5 failed[39m[2m)[22m[90m 79[2mms[22m[39m
[31m   [31m├ù[31m WriterService ΓÇö prompt template constraints[2m > [22mresearch() systemPrompt includes CLASS_HINT CITATION RULES[90m 22[2mms[22m[31m[39m
[31m     ΓåÆ expected '# ROLE\nYou are a content researcher.ΓÇª' to contain 'CLASS_HINT CITATION RULES'[39m
[31m   [31m├ù[31m WriterService ΓÇö prompt template constraints[2m > [22mresearch() systemPrompt includes E-E-A-T rules[90m 4[2mms[22m[31m[39m
[31m     ΓåÆ expected '# ROLE\nYou are a content researcher.ΓÇª' to contain 'E-E-A-T'[39m
[31m   [31m├ù[31m WriterService ΓÇö prompt template constraints[2m > [22mdraft() systemPrompt includes BLOGPOST_SUBTYPE STRUCTURE RULES[90m 4[2mms[22m[31m[39m
[31m     ΓåÆ expected '# ROLE\nYou are a senior content writΓÇª' to contain 'BLOGPOST_SUBTYPE STRUCTURE RULES'[39m
[31m   [31m├ù[31m WriterService ΓÇö prompt template constraints[2m > [22mdraft() systemPrompt includes MODULE BLOCKS constraints[90m 2[2mms[22m[31m[39m
[31m     ΓåÆ expected '# ROLE\nYou are a senior content writΓÇª' to contain 'MODULE BLOCKS'[39m
[31m   [31m├ù[31m WriterService ΓÇö prompt template constraints[2m > [22mdraft() systemPrompt includes SLUG IMMUTABILITY[90m 3[2mms[22m[31m[39m
[31m     ΓåÆ expected '# ROLE\nYou are a senior content writΓÇª' to contain 'SLUG IMMUTABILITY'[39m
[90mstdout[2m | src/stages/stage3.test.ts[2m > [22m[2mStage 3 ΓÇö missing required fields (robustness + raw excerpt)[2m > [22m[2mdoes NOT crash when content_markdown is undefined
[22m[39m{"level":"warn","message":"Stage 3: draft missing required fields","missingFields":["content_markdown"],"queue_id":"q-missing-fields","raw_excerpt":"{\"title\":\"Test\",\"excerpt\":\"ok\",\"weird_field\":\"unexpected\"}","timestamp":"2026-03-12T09:00:18.605Z"}

[90mstdout[2m | src/stages/stage3.test.ts[2m > [22m[2mStage 3 ΓÇö missing required fields (robustness + raw excerpt)[2m > [22m[2mpersists raw_excerpt into fail_reasons when fields missing
[22m[39m{"level":"warn","message":"Stage 3: draft missing required fields","missingFields":["content_markdown"],"queue_id":"q-missing-fields","raw_excerpt":"{\"title\":\"Valid Title\",\"suggested_slug\":\"ok\",\"focus_keyword\":\"golf\"}","timestamp":"2026-03-12T09:00:18.639Z"}

[90mstdout[2m | src/stages/stage3.test.ts[2m > [22m[2mStage 3 ΓÇö missing required fields (robustness + raw excerpt)[2m > [22m[2mraw_excerpt is bounded to 500 chars
[22m[39m{"level":"warn","message":"Stage 3: draft missing required fields","missingFields":["content_markdown"],"queue_id":"q-missing-fields","raw_excerpt":"xxxxxxxxxxxxxxxxxxxxxxxxxxxxxxxxxxxxxxxxxxxxxxxxxxxxxxxxxxxxxxxxxxxxxxxxxxxxxxxxxxxxxxxxxxxxxxxxxxxxxxxxxxxxxxxxxxxxxxxxxxxxxxxxxxxxxxxxxxxxxxxxxxxxxxxxxxxxxxxxxxxxxxxxxxxxxxxxxxxxxxxxxxxxxxxxxxxxxxxxxxxxxxxxxxxxxxxxxxxxxxxxxxxxxxxxxxxxxxxxxxxxxxxxxxxxxxxxxxxxxxxxxxxxxxxxxxxxxxxxxxxxxxxxxxxxxxxxxxxxxxxxxxxxxxxxxxxxxxxxxxxxxxxxxxxxxxxxxxxxxxxxxxxxxxxxxxxxxxxxxxxxxxxxxxxxxxxxxxxxxxxxxxxxxxxxxxxxxxxxxxxxxxxxxxxxxxxxxxxxxxxxxxxxxxxxxxxxxxxxxxxxxxxxxxxxxxxxxxxxxxxxxxxxxxxxxxxxxxxxxxxxxxxxxxxxxxxxx...","timestamp":"2026-03-12T09:00:18.646Z"}

[90mstdout[2m | src/stages/stage3.test.ts[2m > [22m[2mStage 3 ΓÇö missing required fields (robustness + raw excerpt)[2m > [22m[2mraw_excerpt redacts API key patterns
[22m[39m{"level":"warn","message":"Stage 3: draft missing required fields","missingFields":["title"],"queue_id":"q-missing-fields","raw_excerpt":"{\"error\": \"key=[REDACTED_KEY] is invalid\"}","timestamp":"2026-03-12T09:00:18.651Z"}

[90mstdout[2m | src/stages/stage3.test.ts[2m > [22m[2mStage 3 ΓÇö missing required fields (robustness + raw excerpt)[2m > [22m[2mreports all missing fields at once
[22m[39m{"level":"warn","message":"Stage 3: draft missing required fields","missingFields":["content_markdown","title","suggested_slug","focus_keyword"],"queue_id":"q-missing-fields","raw_excerpt":"{\"title\":\"Test Title\",\"content_markdown\":\"# Test\"}","timestamp":"2026-03-12T09:00:18.657Z"}

[90mstdout[2m | src/stages/stage3.test.ts[2m > [22m[2mStage 3 ΓÇö missing required fields (robustness + raw excerpt)[2m > [22m[2mdoes NOT crash when title is undefined
[22m[39m{"level":"warn","message":"Stage 3: draft missing required fields","missingFields":["title"],"queue_id":"q-missing-fields","raw_excerpt":"{\"title\":\"Test Title\",\"content_markdown\":\"# Test\"}","timestamp":"2026-03-12T09:00:18.665Z"}

[90mstdout[2m | src/stages/stage3.test.ts[2m > [22m[2mStage 3 ΓÇö AI safety check[2m > [22m[2mdetects "as an ai language model" in content
[22m[39m{"issue":"unsafe_content_or_injection: detected \"as an ai language model\"","level":"warn","message":"Stage 3: AI safety violation","queue_id":"q-safety","timestamp":"2026-03-12T09:00:18.669Z"}

[90mstdout[2m | src/stages/stage3.test.ts[2m > [22m[2mStage 3 ΓÇö AI safety check[2m > [22m[2mdetects prohibited topic "gambling" in content
[22m[39m{"issue":"unsafe_content_or_injection: prohibited topic \"gambling\"","level":"warn","message":"Stage 3: AI safety violation","queue_id":"q-safety","timestamp":"2026-03-12T09:00:18.672Z"}

[90mstdout[2m | src/stages/stage3.test.ts[2m > [22m[2mStage 3 ΓÇö valid draft flow[2m > [22m[2msucceeds with valid output and transitions to qa
[22m[39m{"level":"info","message":"Stage 3: draft complete","queue_id":"q-valid","timestamp":"2026-03-12T09:00:18.677Z"}

[90mstdout[2m | src/stages/stage3.test.ts[2m > [22m[2mStage 3 ΓÇö valid draft flow[2m > [22m[2muses draft as-is when finalEdit throws
[22m[39m{"error":"final_edit_failed","level":"warn","message":"Stage 3: finalEdit failed, using draft as-is","timestamp":"2026-03-12T09:00:18.681Z"}
{"level":"info","message":"Stage 3: draft complete","queue_id":"q-valid","timestamp":"2026-03-12T09:00:18.681Z"}

[90mstdout[2m | src/stages/stage3.test.ts[2m > [22m[2mStage 3 ΓÇö schema_parse_failed with excerpt[2m > [22m[2mcaptures excerpt from schema_parse_failed error
[22m[39m{"error":"schema_parse_failed: Here is the research data for golf...","level":"error","message":"Stage 3: draft failed","timestamp":"2026-03-12T09:00:18.684Z"}

[90mstdout[2m | src/stages/stage3.test.ts[2m > [22m[2mStage 3 ΓÇö schema_parse_failed with excerpt[2m > [22m[2mhandles generic writer error (not schema_parse_failed)
[22m[39m{"error":"network_timeout","level":"error","message":"Stage 3: draft failed","timestamp":"2026-03-12T09:00:18.690Z"}

[90mstdout[2m | src/stages/stage3.test.ts[2m > [22m[2mStage 3 ΓÇö contract validation[2m > [22m[2mfails when FAQ has fewer than 3 items
[22m[39m{"issues":["FAQ requires >= 3 items"],"level":"warn","message":"Stage 3: contract invalid","queue_id":"q-contract","timestamp":"2026-03-12T09:00:18.695Z"}

[90mstdout[2m | src/stages/stage3.test.ts[2m > [22m[2mStage 3 ΓÇö contract validation[2m > [22m[2mfails when missing meta_description
[22m[39m{"issues":["missing meta_description"],"level":"warn","message":"Stage 3: contract invalid","queue_id":"q-contract","timestamp":"2026-03-12T09:00:18.700Z"}

 [32mΓ£ô[39m src/stages/stage3.test.ts [2m([22m[2m14 tests[22m[2m)[22m[90m 114[2mms[22m[39m
[90mstdout[2m | src/stages/stage6.test.ts[2m > [22m[2mStage 6 ΓÇö Publisher[2m > [22m[2mHOLD ΓåÆ no WP post created, status=hold
[22m[39m{"has_stage3_5":false,"html_len":0,"html_trim_len":0,"level":"info","message":"Stage 6: content source pre-resolve","resolved_source":"markdown","timestamp":"2026-03-12T09:00:18.458Z"}
{"content_length":6,"content_source":"markdown","html_available":false,"level":"info","message":"Stage 6: content source resolved","timestamp":"2026-03-12T09:00:18.461Z"}

[90mstdout[2m | src/stages/stage6.test.ts[2m > [22m[2mStage 6 ΓÇö Publisher[2m > [22m[2mDRAFT ΓåÆ creates draft, wp_post_id > 0, status=draft_wp
[22m[39m{"has_stage3_5":false,"html_len":0,"html_trim_len":0,"level":"info","message":"Stage 6: content source pre-resolve","resolved_source":"markdown","timestamp":"2026-03-12T09:00:18.469Z"}
{"content_length":6,"content_source":"markdown","html_available":false,"level":"info","message":"Stage 6: content source resolved","timestamp":"2026-03-12T09:00:18.469Z"}
{"category_slug_final":"hoc-golf","category_source":"stage5_taxonomy","level":"info","message":"Stage 6: category resolution","raw_category":"hoc-golf","timestamp":"2026-03-12T09:00:18.470Z"}
{"featured_media_set":"no","image_role":"featured","level":"info","message":"Stage 6: no featured image bytes from Stage 4 ΓÇö skipping featured image","timestamp":"2026-03-12T09:00:18.470Z","wp_post_id":456}
{"image_role":"hero","level":"info","message":"Stage 6: no hero image bytes from Stage 4 ΓÇö skipping hero upload","timestamp":"2026-03-12T09:00:18.471Z","wp_post_id":456}
{"heading_count":0,"level":"info","message":"Content enrichment: < 3 H2/H3 headings ΓÇö skipping TOC","timestamp":"2026-03-12T09:00:18.471Z"}
{"final_status":"draft_wp","level":"info","message":"Stage 6: publisher complete","publish_posture":"always_draft","queue_id":"3ee95c20-c15b-460c-b305-85a670ec3354","tags_attached":1,"timestamp":"2026-03-12T09:00:18.472Z","wp_post_id":456,"wp_tag_not_found_count":0}

[90mstdout[2m | src/stages/stage6.test.ts[2m > [22m[2mStage 6 ΓÇö Publisher[2m > [22m[2mfail-closed: WP create fails ΓåÆ status=failed, NOT draft_wp
[22m[39m{"has_stage3_5":false,"html_len":0,"html_trim_len":0,"level":"info","message":"Stage 6: content source pre-resolve","resolved_source":"markdown","timestamp":"2026-03-12T09:00:18.476Z"}
{"content_length":6,"content_source":"markdown","html_available":false,"level":"info","message":"Stage 6: content source resolved","timestamp":"2026-03-12T09:00:18.476Z"}
{"category_slug_final":"hoc-golf","category_source":"stage5_taxonomy","level":"info","message":"Stage 6: category resolution","raw_category":"hoc-golf","timestamp":"2026-03-12T09:00:18.477Z"}

[90mstdout[2m | src/stages/stage6.test.ts[2m > [22m[2mStage 6 ΓÇö Publisher[2m > [22m[2midempotent: existing draft ΓåÆ update instead of create
[22m[39m{"has_stage3_5":false,"html_len":0,"html_trim_len":0,"level":"info","message":"Stage 6: content source pre-resolve","resolved_source":"markdown","timestamp":"2026-03-12T09:00:18.482Z"}
{"content_length":6,"content_source":"markdown","html_available":false,"level":"info","message":"Stage 6: content source resolved","timestamp":"2026-03-12T09:00:18.482Z"}
{"category_slug_final":"hoc-golf","category_source":"stage5_taxonomy","level":"info","message":"Stage 6: category resolution","raw_category":"hoc-golf","timestamp":"2026-03-12T09:00:18.482Z"}
{"level":"info","message":"Stage 6: updating existing post","target_status":"draft","timestamp":"2026-03-12T09:00:18.482Z","wp_post_id":789}
{"featured_media_set":"no","image_role":"featured","level":"info","message":"Stage 6: no featured image bytes from Stage 4 ΓÇö skipping featured image","timestamp":"2026-03-12T09:00:18.482Z","wp_post_id":789}
{"image_role":"hero","level":"info","message":"Stage 6: no hero image bytes from Stage 4 ΓÇö skipping hero upload","timestamp":"2026-03-12T09:00:18.482Z","wp_post_id":789}
{"heading_count":0,"level":"info","message":"Content enrichment: < 3 H2/H3 headings ΓÇö skipping TOC","timestamp":"2026-03-12T09:00:18.483Z"}
{"final_status":"draft_wp","level":"info","message":"Stage 6: publisher complete","publish_posture":"always_draft","queue_id":"c7dff040-c4ec-4850-bc08-85ce8d18615c","tags_attached":1,"timestamp":"2026-03-12T09:00:18.483Z","wp_post_id":789,"wp_tag_not_found_count":0}

[90mstdout[2m | src/stages/stage6.test.ts[2m > [22m[2mStage 6 ΓÇö Publisher[2m > [22m[2mschema_version is "1.0" in all outputs
[22m[39m{"has_stage3_5":false,"html_len":0,"html_trim_len":0,"level":"info","message":"Stage 6: content source pre-resolve","resolved_source":"markdown","timestamp":"2026-03-12T09:00:18.488Z"}
{"content_length":6,"content_source":"markdown","html_available":false,"level":"info","message":"Stage 6: content source resolved","timestamp":"2026-03-12T09:00:18.489Z"}
{"category_slug_final":"hoc-golf","category_source":"stage5_taxonomy","level":"info","message":"Stage 6: category resolution","raw_category":"hoc-golf","timestamp":"2026-03-12T09:00:18.489Z"}
{"featured_media_set":"no","image_role":"featured","level":"info","message":"Stage 6: no featured image bytes from Stage 4 ΓÇö skipping featured image","timestamp":"2026-03-12T09:00:18.489Z","wp_post_id":123}
{"image_role":"hero","level":"info","message":"Stage 6: no hero image bytes from Stage 4 ΓÇö skipping hero upload","timestamp":"2026-03-12T09:00:18.489Z","wp_post_id":123}
{"heading_count":0,"level":"info","message":"Content enrichment: < 3 H2/H3 headings ΓÇö skipping TOC","timestamp":"2026-03-12T09:00:18.489Z"}
{"final_status":"draft_wp","level":"info","message":"Stage 6: publisher complete","publish_posture":"always_draft","queue_id":"d45b402b-b6e0-4226-ade7-4841d8800afa","tags_attached":1,"timestamp":"2026-03-12T09:00:18.489Z","wp_post_id":123,"wp_tag_not_found_count":0}

[90mstdout[2m | src/stages/stage6.test.ts[2m > [22m[2mStage 6 ΓÇö Publisher[2m > [22m[2mcategory not found ΓåÆ HOLD, no post created
[22m[39m{"has_stage3_5":false,"html_len":0,"html_trim_len":0,"level":"info","message":"Stage 6: content source pre-resolve","resolved_source":"markdown","timestamp":"2026-03-12T09:00:18.495Z"}
{"content_length":6,"content_source":"markdown","html_available":false,"level":"info","message":"Stage 6: content source resolved","timestamp":"2026-03-12T09:00:18.496Z"}
{"category_slug_final":"NONE","category_source":"none","level":"info","message":"Stage 6: category resolution","raw_category":"Non Existent Category","timestamp":"2026-03-12T09:00:18.496Z"}
{"allowed_slugs":["gay-golf","golf-fitting","hoc-golf","san-golf","shop-golf","luat-golf","golf-cong-nghe","chi-phi-va-van-hoa","suc-khoe-fitness","du-lich-su-kien"],"csv_canonical_category":"N/A","level":"error","message":"Stage 6: category not canonical ΓÇö HOLD","raw_category":"Non Existent Category","timestamp":"2026-03-12T09:00:18.496Z"}

[90mstdout[2m | src/stages/stage6.test.ts[2m > [22m[2mStage 6 ΓÇö Publisher[2m > [22m[2mBUG REGRESSION: stage3.category="Golf C├┤ng Nghß╗ç" resolves to slug and succeeds when WP has it
[22m[39m{"has_stage3_5":false,"html_len":0,"html_trim_len":0,"level":"info","message":"Stage 6: content source pre-resolve","resolved_source":"markdown","timestamp":"2026-03-12T09:00:18.502Z"}
{"content_length":6,"content_source":"markdown","html_available":false,"level":"info","message":"Stage 6: content source resolved","timestamp":"2026-03-12T09:00:18.503Z"}
{"category_slug_final":"golf-cong-nghe","category_source":"stage3_category_resolved","level":"info","message":"Stage 6: category resolution","raw_category":"Golf C├┤ng Nghß╗ç","timestamp":"2026-03-12T09:00:18.503Z"}
{"featured_media_set":"no","image_role":"featured","level":"info","message":"Stage 6: no featured image bytes from Stage 4 ΓÇö skipping featured image","timestamp":"2026-03-12T09:00:18.503Z","wp_post_id":200}
{"image_role":"hero","level":"info","message":"Stage 6: no hero image bytes from Stage 4 ΓÇö skipping hero upload","timestamp":"2026-03-12T09:00:18.503Z","wp_post_id":200}
{"heading_count":0,"level":"info","message":"Content enrichment: < 3 H2/H3 headings ΓÇö skipping TOC","timestamp":"2026-03-12T09:00:18.503Z"}
{"final_status":"draft_wp","level":"info","message":"Stage 6: publisher complete","publish_posture":"always_draft","queue_id":"2b49cde7-9704-4476-b28b-480473cd83cd","tags_attached":1,"timestamp":"2026-03-12T09:00:18.503Z","wp_post_id":200,"wp_tag_not_found_count":0}

[90mstdout[2m | src/stages/stage6.test.ts[2m > [22m[2mStage 6 ΓÇö Publisher[2m > [22m[2mauto-creates category in WP when canonical slug is valid but WP category missing
[22m[39m{"has_stage3_5":false,"html_len":0,"html_trim_len":0,"level":"info","message":"Stage 6: content source pre-resolve","resolved_source":"markdown","timestamp":"2026-03-12T09:00:18.510Z"}
{"content_length":6,"content_source":"markdown","html_available":false,"level":"info","message":"Stage 6: content source resolved","timestamp":"2026-03-12T09:00:18.510Z"}
{"category_slug_final":"hoc-golf","category_source":"stage5_taxonomy","level":"info","message":"Stage 6: category resolution","raw_category":"hoc-golf","timestamp":"2026-03-12T09:00:18.510Z"}
{"level":"info","message":"Stage 6: category not in WP ΓÇö creating","name":"Hß╗ìc Golf","slug":"hoc-golf","timestamp":"2026-03-12T09:00:18.510Z"}
{"featured_media_set":"no","image_role":"featured","level":"info","message":"Stage 6: no featured image bytes from Stage 4 ΓÇö skipping featured image","timestamp":"2026-03-12T09:00:18.510Z","wp_post_id":201}
{"image_role":"hero","level":"info","message":"Stage 6: no hero image bytes from Stage 4 ΓÇö skipping hero upload","timestamp":"2026-03-12T09:00:18.510Z","wp_post_id":201}
{"heading_count":0,"level":"info","message":"Content enrichment: < 3 H2/H3 headings ΓÇö skipping TOC","timestamp":"2026-03-12T09:00:18.511Z"}
{"final_status":"draft_wp","level":"info","message":"Stage 6: publisher complete","publish_posture":"always_draft","queue_id":"bb8dc3aa-35c7-4c67-9f94-9842469031e9","tags_attached":1,"timestamp":"2026-03-12T09:00:18.512Z","wp_post_id":201,"wp_tag_not_found_count":0}

[90mstdout[2m | src/stages/stage6.test.ts[2m > [22m[2mStage 6 ΓÇö Publisher[2m > [22m[2mnon-canonical category input ΓåÆ HOLD
[22m[39m{"has_stage3_5":false,"html_len":0,"html_trim_len":0,"level":"info","message":"Stage 6: content source pre-resolve","resolved_source":"markdown","timestamp":"2026-03-12T09:00:18.520Z"}
{"content_length":6,"content_source":"markdown","html_available":false,"level":"info","message":"Stage 6: content source resolved","timestamp":"2026-03-12T09:00:18.520Z"}
{"category_slug_final":"NONE","category_source":"none","level":"info","message":"Stage 6: category resolution","raw_category":"Totally Random Category","timestamp":"2026-03-12T09:00:18.520Z"}
{"allowed_slugs":["gay-golf","golf-fitting","hoc-golf","san-golf","shop-golf","luat-golf","golf-cong-nghe","chi-phi-va-van-hoa","suc-khoe-fitness","du-lich-su-kien"],"csv_canonical_category":"N/A","level":"error","message":"Stage 6: category not canonical ΓÇö HOLD","raw_category":"Totally Random Category","timestamp":"2026-03-12T09:00:18.520Z"}

[90mstdout[2m | src/stages/stage6.test.ts[2m > [22m[2mStage 6 ΓÇö Publisher[2m > [22m[2mWP category create fails ΓåÆ HOLD with category_create_failed
[22m[39m{"has_stage3_5":false,"html_len":0,"html_trim_len":0,"level":"info","message":"Stage 6: content source pre-resolve","resolved_source":"markdown","timestamp":"2026-03-12T09:00:18.525Z"}
{"content_length":6,"content_source":"markdown","html_available":false,"level":"info","message":"Stage 6: content source resolved","timestamp":"2026-03-12T09:00:18.525Z"}
{"category_slug_final":"hoc-golf","category_source":"stage5_taxonomy","level":"info","message":"Stage 6: category resolution","raw_category":"hoc-golf","timestamp":"2026-03-12T09:00:18.525Z"}
{"level":"info","message":"Stage 6: category not in WP ΓÇö creating","name":"Hß╗ìc Golf","slug":"hoc-golf","timestamp":"2026-03-12T09:00:18.525Z"}
{"level":"error","message":"Stage 6: category create failed ΓÇö HOLD","slug":"hoc-golf","timestamp":"2026-03-12T09:00:18.526Z"}

[90mstdout[2m | src/stages/stage6.test.ts[2m > [22m[2mStage 6 ΓÇö Publisher[2m > [22m[2mWP success + recommendation=DRAFT + RankMath write fails ΓåÆ status=draft_wp, NOT failed
[22m[39m{"has_stage3_5":false,"html_len":0,"html_trim_len":0,"level":"info","message":"Stage 6: content source pre-resolve","resolved_source":"markdown","timestamp":"2026-03-12T09:00:18.530Z"}
{"content_length":6,"content_source":"markdown","html_available":false,"level":"info","message":"Stage 6: content source resolved","timestamp":"2026-03-12T09:00:18.530Z"}
{"category_slug_final":"hoc-golf","category_source":"stage5_taxonomy","level":"info","message":"Stage 6: category resolution","raw_category":"hoc-golf","timestamp":"2026-03-12T09:00:18.531Z"}
{"featured_media_set":"no","image_role":"featured","level":"info","message":"Stage 6: no featured image bytes from Stage 4 ΓÇö skipping featured image","timestamp":"2026-03-12T09:00:18.531Z","wp_post_id":51}
{"image_role":"hero","level":"info","message":"Stage 6: no hero image bytes from Stage 4 ΓÇö skipping hero upload","timestamp":"2026-03-12T09:00:18.531Z","wp_post_id":51}
{"heading_count":0,"level":"info","message":"Content enrichment: < 3 H2/H3 headings ΓÇö skipping TOC","timestamp":"2026-03-12T09:00:18.531Z"}
{"error_category":"unknown","level":"warn","message":"Stage 6: RankMath write failed ΓÇö non-blocking enrichment failure","timestamp":"2026-03-12T09:00:18.531Z","wp_post_id":51}
{"final_status":"draft_wp","level":"info","message":"Stage 6: publisher complete","publish_posture":"always_draft","queue_id":"ce6c5cd2-3123-4eef-b6b3-97d08e775525","tags_attached":1,"timestamp":"2026-03-12T09:00:18.531Z","wp_post_id":51,"wp_tag_not_found_count":0}

[90mstdout[2m | src/stages/stage6.test.ts[2m > [22m[2mStage 6 ΓÇö Publisher[2m > [22m[2mWP success + RankMath NOT discovered ΓåÆ status=draft_wp, NOT failed
[22m[39m{"has_stage3_5":false,"html_len":0,"html_trim_len":0,"level":"info","message":"Stage 6: content source pre-resolve","resolved_source":"markdown","timestamp":"2026-03-12T09:00:18.535Z"}
{"content_length":6,"content_source":"markdown","html_available":false,"level":"info","message":"Stage 6: content source resolved","timestamp":"2026-03-12T09:00:18.535Z"}
{"category_slug_final":"hoc-golf","category_source":"stage5_taxonomy","level":"info","message":"Stage 6: category resolution","raw_category":"hoc-golf","timestamp":"2026-03-12T09:00:18.536Z"}
{"featured_media_set":"no","image_role":"featured","level":"info","message":"Stage 6: no featured image bytes from Stage 4 ΓÇö skipping featured image","timestamp":"2026-03-12T09:00:18.536Z","wp_post_id":77}
{"image_role":"hero","level":"info","message":"Stage 6: no hero image bytes from Stage 4 ΓÇö skipping hero upload","timestamp":"2026-03-12T09:00:18.536Z","wp_post_id":77}
{"heading_count":0,"level":"info","message":"Content enrichment: < 3 H2/H3 headings ΓÇö skipping TOC","timestamp":"2026-03-12T09:00:18.536Z"}
{"final_status":"draft_wp","level":"info","message":"Stage 6: publisher complete","publish_posture":"always_draft","queue_id":"fd6f37fd-43e8-4f67-919b-68288b068978","tags_attached":1,"timestamp":"2026-03-12T09:00:18.536Z","wp_post_id":77,"wp_tag_not_found_count":0}

[90mstdout[2m | src/stages/stage6.test.ts[2m > [22m[2mStage 6 ΓÇö Publisher[2m > [22m[2mWP success + RankMath verify fails ΓåÆ status=draft_wp with reasons
[22m[39m{"has_stage3_5":false,"html_len":0,"html_trim_len":0,"level":"info","message":"Stage 6: content source pre-resolve","resolved_source":"markdown","timestamp":"2026-03-12T09:00:18.543Z"}
{"content_length":6,"content_source":"markdown","html_available":false,"level":"info","message":"Stage 6: content source resolved","timestamp":"2026-03-12T09:00:18.544Z"}
{"category_slug_final":"hoc-golf","category_source":"stage5_taxonomy","level":"info","message":"Stage 6: category resolution","raw_category":"hoc-golf","timestamp":"2026-03-12T09:00:18.544Z"}
{"featured_media_set":"no","image_role":"featured","level":"info","message":"Stage 6: no featured image bytes from Stage 4 ΓÇö skipping featured image","timestamp":"2026-03-12T09:00:18.544Z","wp_post_id":88}
{"image_role":"hero","level":"info","message":"Stage 6: no hero image bytes from Stage 4 ΓÇö skipping hero upload","timestamp":"2026-03-12T09:00:18.545Z","wp_post_id":88}
{"heading_count":0,"level":"info","message":"Content enrichment: < 3 H2/H3 headings ΓÇö skipping TOC","timestamp":"2026-03-12T09:00:18.545Z"}
{"level":"warn","message":"Stage 6: RankMath verification failed ΓÇö non-blocking","reason":"unknown","timestamp":"2026-03-12T09:00:18.545Z","wp_post_id":88}
{"final_status":"draft_wp","level":"info","message":"Stage 6: publisher complete","publish_posture":"always_draft","queue_id":"3fd78021-9c72-4be4-8ab5-b396c9c28719","tags_attached":1,"timestamp":"2026-03-12T09:00:18.545Z","wp_post_id":88,"wp_tag_not_found_count":0}

[90mstdout[2m | src/stages/stage6.test.ts[2m > [22m[2mStage 6 ΓÇö Publisher[2m > [22m[2mINVARIANT: WP create fails ΓåÆ status=failed AND fail_reasons is non-null, non-empty
[22m[39m{"has_stage3_5":false,"html_len":0,"html_trim_len":0,"level":"info","message":"Stage 6: content source pre-resolve","resolved_source":"markdown","timestamp":"2026-03-12T09:00:18.550Z"}
{"content_length":6,"content_source":"markdown","html_available":false,"level":"info","message":"Stage 6: content source resolved","timestamp":"2026-03-12T09:00:18.550Z"}
{"category_slug_final":"hoc-golf","category_source":"stage5_taxonomy","level":"info","message":"Stage 6: category resolution","raw_category":"hoc-golf","timestamp":"2026-03-12T09:00:18.550Z"}

[90mstdout[2m | src/stages/stage6.test.ts[2m > [22m[2mStage 6 ΓÇö Publisher[2m > [22m[2mINVARIANT: WP update fails ΓåÆ status=failed AND fail_reasons is non-null, non-empty
[22m[39m{"has_stage3_5":false,"html_len":0,"html_trim_len":0,"level":"info","message":"Stage 6: content source pre-resolve","resolved_source":"markdown","timestamp":"2026-03-12T09:00:18.556Z"}
{"content_length":6,"content_source":"markdown","html_available":false,"level":"info","message":"Stage 6: content source resolved","timestamp":"2026-03-12T09:00:18.556Z"}
{"category_slug_final":"hoc-golf","category_source":"stage5_taxonomy","level":"info","message":"Stage 6: category resolution","raw_category":"hoc-golf","timestamp":"2026-03-12T09:00:18.556Z"}
{"level":"info","message":"Stage 6: updating existing post","target_status":"draft","timestamp":"2026-03-12T09:00:18.556Z","wp_post_id":99}

[90mstdout[2m | src/stages/stage6.test.ts[2m > [22m[2mStage 6 ΓÇö Publisher[2m > [22m[2mwp_tag_not_found is recorded when tag slug not in WP
[22m[39m{"has_stage3_5":false,"html_len":0,"html_trim_len":0,"level":"info","message":"Stage 6: content source pre-resolve","resolved_source":"markdown","timestamp":"2026-03-12T09:00:18.562Z"}
{"content_length":6,"content_source":"markdown","html_available":false,"level":"info","message":"Stage 6: content source resolved","timestamp":"2026-03-12T09:00:18.563Z"}
{"category_slug_final":"hoc-golf","category_source":"stage5_taxonomy","level":"info","message":"Stage 6: category resolution","raw_category":"hoc-golf","timestamp":"2026-03-12T09:00:18.563Z"}
{"level":"info","message":"Stage 6: whitelisted tag not in WP ΓÇö skipped","tag":"titleist","timestamp":"2026-03-12T09:00:18.563Z"}
{"level":"info","message":"Stage 6: whitelisted tag not in WP ΓÇö skipped","tag":"callaway","timestamp":"2026-03-12T09:00:18.563Z"}
{"featured_media_set":"no","image_role":"featured","level":"info","message":"Stage 6: no featured image bytes from Stage 4 ΓÇö skipping featured image","timestamp":"2026-03-12T09:00:18.563Z","wp_post_id":300}
{"image_role":"hero","level":"info","message":"Stage 6: no hero image bytes from Stage 4 ΓÇö skipping hero upload","timestamp":"2026-03-12T09:00:18.563Z","wp_post_id":300}
{"heading_count":0,"level":"info","message":"Content enrichment: < 3 H2/H3 headings ΓÇö skipping TOC","timestamp":"2026-03-12T09:00:18.563Z"}
{"final_status":"draft_wp","level":"info","message":"Stage 6: publisher complete","publish_posture":"always_draft","queue_id":"16ee818a-1995-4655-98f5-98d969b98a3b","tags_attached":0,"timestamp":"2026-03-12T09:00:18.564Z","wp_post_id":300,"wp_tag_not_found_count":2}

[90mstdout[2m | src/stages/stage6.test.ts[2m > [22m[2mStage 6 ΓÇö Publisher[2m > [22m[2mdrops tags from LLM that are not on whitelist ΓåÆ stores dropped_tags in queue
[22m[39m{"has_stage3_5":false,"html_len":0,"html_trim_len":0,"level":"info","message":"Stage 6: content source pre-resolve","resolved_source":"markdown","timestamp":"2026-03-12T09:00:18.570Z"}
{"content_length":6,"content_source":"markdown","html_available":false,"level":"info","message":"Stage 6: content source resolved","timestamp":"2026-03-12T09:00:18.570Z"}
{"category_slug_final":"hoc-golf","category_source":"stage5_taxonomy","level":"info","message":"Stage 6: category resolution","raw_category":"hoc-golf","timestamp":"2026-03-12T09:00:18.570Z"}
{"featured_media_set":"no","image_role":"featured","level":"info","message":"Stage 6: no featured image bytes from Stage 4 ΓÇö skipping featured image","timestamp":"2026-03-12T09:00:18.570Z","wp_post_id":301}
{"image_role":"hero","level":"info","message":"Stage 6: no hero image bytes from Stage 4 ΓÇö skipping hero upload","timestamp":"2026-03-12T09:00:18.570Z","wp_post_id":301}
{"heading_count":0,"level":"info","message":"Content enrichment: < 3 H2/H3 headings ΓÇö skipping TOC","timestamp":"2026-03-12T09:00:18.570Z"}
{"final_status":"draft_wp","level":"info","message":"Stage 6: publisher complete","publish_posture":"always_draft","queue_id":"61437c0a-6503-40a6-bb43-3f454e52d858","tags_attached":1,"timestamp":"2026-03-12T09:00:18.571Z","wp_post_id":301,"wp_tag_not_found_count":0}

[90mstdout[2m | src/stages/stage6.test.ts[2m > [22m[2mStage 6 ΓÇö Publisher[2m > [22m[2mfound WP tags are attached; missing ones are skipped without error
[22m[39m{"has_stage3_5":false,"html_len":0,"html_trim_len":0,"level":"info","message":"Stage 6: content source pre-resolve","resolved_source":"markdown","timestamp":"2026-03-12T09:00:18.595Z"}
{"content_length":6,"content_source":"markdown","html_available":false,"level":"info","message":"Stage 6: content source resolved","timestamp":"2026-03-12T09:00:18.595Z"}
{"category_slug_final":"hoc-golf","category_source":"stage5_taxonomy","level":"info","message":"Stage 6: category resolution","raw_category":"hoc-golf","timestamp":"2026-03-12T09:00:18.596Z"}
{"level":"info","message":"Stage 6: whitelisted tag not in WP ΓÇö skipped","tag":"callaway","timestamp":"2026-03-12T09:00:18.596Z"}
{"featured_media_set":"no","image_role":"featured","level":"info","message":"Stage 6: no featured image bytes from Stage 4 ΓÇö skipping featured image","timestamp":"2026-03-12T09:00:18.596Z","wp_post_id":302}
{"image_role":"hero","level":"info","message":"Stage 6: no hero image bytes from Stage 4 ΓÇö skipping hero upload","timestamp":"2026-03-12T09:00:18.596Z","wp_post_id":302}
{"heading_count":0,"level":"info","message":"Content enrichment: < 3 H2/H3 headings ΓÇö skipping TOC","timestamp":"2026-03-12T09:00:18.596Z"}
{"final_status":"draft_wp","level":"info","message":"Stage 6: publisher complete","publish_posture":"always_draft","queue_id":"dff893c3-a2a7-4536-ba19-2c9389492ebd","tags_attached":1,"timestamp":"2026-03-12T09:00:18.597Z","wp_post_id":302,"wp_tag_not_found_count":1}

[90mstdout[2m | src/stages/stage6.test.ts[2m > [22m[2mStage 6 ΓÇö Publisher[2m > [22m[2mCRITICAL: RankMath write failure does NOT trigger WP rollback
[22m[39m{"has_stage3_5":false,"html_len":0,"html_trim_len":0,"level":"info","message":"Stage 6: content source pre-resolve","resolved_source":"markdown","timestamp":"2026-03-12T09:00:18.608Z"}
{"content_length":6,"content_source":"markdown","html_available":false,"level":"info","message":"Stage 6: content source resolved","timestamp":"2026-03-12T09:00:18.608Z"}
{"category_slug_final":"hoc-golf","category_source":"stage5_taxonomy","level":"info","message":"Stage 6: category resolution","raw_category":"hoc-golf","timestamp":"2026-03-12T09:00:18.608Z"}
{"featured_media_set":"no","image_role":"featured","level":"info","message":"Stage 6: no featured image bytes from Stage 4 ΓÇö skipping featured image","timestamp":"2026-03-12T09:00:18.608Z","wp_post_id":500}
{"image_role":"hero","level":"info","message":"Stage 6: no hero image bytes from Stage 4 ΓÇö skipping hero upload","timestamp":"2026-03-12T09:00:18.609Z","wp_post_id":500}
{"heading_count":0,"level":"info","message":"Content enrichment: < 3 H2/H3 headings ΓÇö skipping TOC","timestamp":"2026-03-12T09:00:18.609Z"}
{"error_category":"unknown","level":"warn","message":"Stage 6: RankMath write failed ΓÇö non-blocking enrichment failure","timestamp":"2026-03-12T09:00:18.609Z","wp_post_id":500}
{"final_status":"draft_wp","level":"info","message":"Stage 6: publisher complete","publish_posture":"always_draft","queue_id":"bb49444f-fb62-4535-8b4b-704e697ae9c3","tags_attached":1,"timestamp":"2026-03-12T09:00:18.609Z","wp_post_id":500,"wp_tag_not_found_count":0}

[90mstdout[2m | src/stages/stage6.test.ts[2m > [22m[2mStage 6 ΓÇö Publisher[2m > [22m[2mCRITICAL: RankMath verify failure does NOT trigger WP rollback
[22m[39m{"has_stage3_5":false,"html_len":0,"html_trim_len":0,"level":"info","message":"Stage 6: content source pre-resolve","resolved_source":"markdown","timestamp":"2026-03-12T09:00:18.612Z"}
{"content_length":6,"content_source":"markdown","html_available":false,"level":"info","message":"Stage 6: content source resolved","timestamp":"2026-03-12T09:00:18.612Z"}
{"category_slug_final":"hoc-golf","category_source":"stage5_taxonomy","level":"info","message":"Stage 6: category resolution","raw_category":"hoc-golf","timestamp":"2026-03-12T09:00:18.612Z"}
{"featured_media_set":"no","image_role":"featured","level":"info","message":"Stage 6: no featured image bytes from Stage 4 ΓÇö skipping featured image","timestamp":"2026-03-12T09:00:18.612Z","wp_post_id":501}
{"image_role":"hero","level":"info","message":"Stage 6: no hero image bytes from Stage 4 ΓÇö skipping hero upload","timestamp":"2026-03-12T09:00:18.613Z","wp_post_id":501}
{"heading_count":0,"level":"info","message":"Content enrichment: < 3 H2/H3 headings ΓÇö skipping TOC","timestamp":"2026-03-12T09:00:18.613Z"}
{"level":"warn","message":"Stage 6: RankMath verification failed ΓÇö non-blocking","reason":"unknown","timestamp":"2026-03-12T09:00:18.613Z","wp_post_id":501}
{"final_status":"draft_wp","level":"info","message":"Stage 6: publisher complete","publish_posture":"always_draft","queue_id":"cff78872-13df-407f-8f74-70593220a3a8","tags_attached":1,"timestamp":"2026-03-12T09:00:18.613Z","wp_post_id":501,"wp_tag_not_found_count":0}

[90mstdout[2m | src/stages/stage6.test.ts[2m > [22m[2mStage 6 ΓÇö Publisher[2m > [22m[2mCRITICAL: fail_reasons in DB row does NOT mention rollback after RankMath failure
[22m[39m{"has_stage3_5":false,"html_len":0,"html_trim_len":0,"level":"info","message":"Stage 6: content source pre-resolve","resolved_source":"markdown","timestamp":"2026-03-12T09:00:18.616Z"}
{"content_length":6,"content_source":"markdown","html_available":false,"level":"info","message":"Stage 6: content source resolved","timestamp":"2026-03-12T09:00:18.616Z"}
{"category_slug_final":"hoc-golf","category_source":"stage5_taxonomy","level":"info","message":"Stage 6: category resolution","raw_category":"hoc-golf","timestamp":"2026-03-12T09:00:18.616Z"}
{"featured_media_set":"no","image_role":"featured","level":"info","message":"Stage 6: no featured image bytes from Stage 4 ΓÇö skipping featured image","timestamp":"2026-03-12T09:00:18.616Z","wp_post_id":502}
{"image_role":"hero","level":"info","message":"Stage 6: no hero image bytes from Stage 4 ΓÇö skipping hero upload","timestamp":"2026-03-12T09:00:18.616Z","wp_post_id":502}
{"heading_count":0,"level":"info","message":"Content enrichment: < 3 H2/H3 headings ΓÇö skipping TOC","timestamp":"2026-03-12T09:00:18.616Z"}
{"error_category":"unknown","level":"warn","message":"Stage 6: RankMath write failed ΓÇö non-blocking enrichment failure","timestamp":"2026-03-12T09:00:18.616Z","wp_post_id":502}
{"final_status":"draft_wp","level":"info","message":"Stage 6: publisher complete","publish_posture":"always_draft","queue_id":"516bb06d-8407-421e-81c4-159eb1629baf","tags_attached":1,"timestamp":"2026-03-12T09:00:18.617Z","wp_post_id":502,"wp_tag_not_found_count":0}

[90mstdout[2m | src/stages/stage6.test.ts[2m > [22m[2mStage 6 ΓÇö Publisher[2m > [22m[2mCategory precedence ΓÇö CSV canonical_category[2m > [22m[2mCSV canonical_category used even when raw_category label is different
[22m[39m{"has_stage3_5":false,"html_len":0,"html_trim_len":0,"level":"info","message":"Stage 6: content source pre-resolve","resolved_source":"markdown","timestamp":"2026-03-12T09:00:18.620Z"}
{"content_length":6,"content_source":"markdown","html_available":false,"level":"info","message":"Stage 6: content source resolved","timestamp":"2026-03-12T09:00:18.620Z"}
{"category_slug_final":"hoc-golf","category_source":"csv_canonical_category","level":"info","message":"Stage 6: category resolution","raw_category":"Kinh nghiß╗çm ch╞íi Golf","timestamp":"2026-03-12T09:00:18.620Z"}
{"featured_media_set":"no","image_role":"featured","level":"info","message":"Stage 6: no featured image bytes from Stage 4 ΓÇö skipping featured image","timestamp":"2026-03-12T09:00:18.621Z","wp_post_id":600}
{"image_role":"hero","level":"info","message":"Stage 6: no hero image bytes from Stage 4 ΓÇö skipping hero upload","timestamp":"2026-03-12T09:00:18.621Z","wp_post_id":600}
{"heading_count":0,"level":"info","message":"Content enrichment: < 3 H2/H3 headings ΓÇö skipping TOC","timestamp":"2026-03-12T09:00:18.621Z"}
{"final_status":"draft_wp","level":"info","message":"Stage 6: publisher complete","publish_posture":"always_draft","queue_id":"d39f1c3d-2ae6-4979-a08d-fd427b5ba5d4","tags_attached":1,"timestamp":"2026-03-12T09:00:18.621Z","wp_post_id":600,"wp_tag_not_found_count":0}

[90mstdout[2m | src/stages/stage6.test.ts[2m > [22m[2mStage 6 ΓÇö Publisher[2m > [22m[2mCategory precedence ΓÇö CSV canonical_category[2m > [22m[2mCSV canonical_category overrides resolvable stage3.category
[22m[39m{"has_stage3_5":false,"html_len":0,"html_trim_len":0,"level":"info","message":"Stage 6: content source pre-resolve","resolved_source":"markdown","timestamp":"2026-03-12T09:00:18.624Z"}
{"content_length":6,"content_source":"markdown","html_available":false,"level":"info","message":"Stage 6: content source resolved","timestamp":"2026-03-12T09:00:18.624Z"}
{"category_slug_final":"golf-cong-nghe","category_source":"csv_canonical_category","level":"info","message":"Stage 6: category resolution","raw_category":"hoc-golf","timestamp":"2026-03-12T09:00:18.624Z"}
{"featured_media_set":"no","image_role":"featured","level":"info","message":"Stage 6: no featured image bytes from Stage 4 ΓÇö skipping featured image","timestamp":"2026-03-12T09:00:18.624Z","wp_post_id":601}
{"image_role":"hero","level":"info","message":"Stage 6: no hero image bytes from Stage 4 ΓÇö skipping hero upload","timestamp":"2026-03-12T09:00:18.624Z","wp_post_id":601}
{"heading_count":0,"level":"info","message":"Content enrichment: < 3 H2/H3 headings ΓÇö skipping TOC","timestamp":"2026-03-12T09:00:18.625Z"}
{"final_status":"draft_wp","level":"info","message":"Stage 6: publisher complete","publish_posture":"always_draft","queue_id":"f74398de-3a76-45e8-9701-661258131fcd","tags_attached":1,"timestamp":"2026-03-12T09:00:18.625Z","wp_post_id":601,"wp_tag_not_found_count":0}

[90mstdout[2m | src/stages/stage6.test.ts[2m > [22m[2mStage 6 ΓÇö Publisher[2m > [22m[2mCategory precedence ΓÇö CSV canonical_category[2m > [22m[2mfalls back to stage5 taxonomy category when CSV is absent
[22m[39m{"has_stage3_5":false,"html_len":0,"html_trim_len":0,"level":"info","message":"Stage 6: content source pre-resolve","resolved_source":"markdown","timestamp":"2026-03-12T09:00:18.628Z"}
{"content_length":6,"content_source":"markdown","html_available":false,"level":"info","message":"Stage 6: content source resolved","timestamp":"2026-03-12T09:00:18.628Z"}
{"category_slug_final":"san-golf","category_source":"stage5_taxonomy","level":"info","message":"Stage 6: category resolution","raw_category":"Totally Unknown Label","timestamp":"2026-03-12T09:00:18.628Z"}
{"featured_media_set":"no","image_role":"featured","level":"info","message":"Stage 6: no featured image bytes from Stage 4 ΓÇö skipping featured image","timestamp":"2026-03-12T09:00:18.628Z","wp_post_id":602}
{"image_role":"hero","level":"info","message":"Stage 6: no hero image bytes from Stage 4 ΓÇö skipping hero upload","timestamp":"2026-03-12T09:00:18.628Z","wp_post_id":602}
{"heading_count":0,"level":"info","message":"Content enrichment: < 3 H2/H3 headings ΓÇö skipping TOC","timestamp":"2026-03-12T09:00:18.628Z"}
{"final_status":"draft_wp","level":"info","message":"Stage 6: publisher complete","publish_posture":"always_draft","queue_id":"2fa24e30-174b-4c71-8954-b6f677f8ca7e","tags_attached":1,"timestamp":"2026-03-12T09:00:18.628Z","wp_post_id":602,"wp_tag_not_found_count":0}

[90mstdout[2m | src/stages/stage6.test.ts[2m > [22m[2mStage 6 ΓÇö Publisher[2m > [22m[2mCategory precedence ΓÇö CSV canonical_category[2m > [22m[2mfalls back to stage3 label resolution when CSV and stage5 both absent
[22m[39m{"has_stage3_5":false,"html_len":0,"html_trim_len":0,"level":"info","message":"Stage 6: content source pre-resolve","resolved_source":"markdown","timestamp":"2026-03-12T09:00:18.639Z"}
{"content_length":6,"content_source":"markdown","html_available":false,"level":"info","message":"Stage 6: content source resolved","timestamp":"2026-03-12T09:00:18.639Z"}
{"category_slug_final":"golf-cong-nghe","category_source":"stage3_category_resolved","level":"info","message":"Stage 6: category resolution","raw_category":"Golf C├┤ng Nghß╗ç","timestamp":"2026-03-12T09:00:18.639Z"}
{"featured_media_set":"no","image_role":"featured","level":"info","message":"Stage 6: no featured image bytes from Stage 4 ΓÇö skipping featured image","timestamp":"2026-03-12T09:00:18.640Z","wp_post_id":603}
{"image_role":"hero","level":"info","message":"Stage 6: no hero image bytes from Stage 4 ΓÇö skipping hero upload","timestamp":"2026-03-12T09:00:18.640Z","wp_post_id":603}
{"heading_count":0,"level":"info","message":"Content enrichment: < 3 H2/H3 headings ΓÇö skipping TOC","timestamp":"2026-03-12T09:00:18.640Z"}
{"final_status":"draft_wp","level":"info","message":"Stage 6: publisher complete","publish_posture":"always_draft","queue_id":"f4ceaaca-c1b1-47ee-bef1-6ac7feae5c96","tags_attached":1,"timestamp":"2026-03-12T09:00:18.640Z","wp_post_id":603,"wp_tag_not_found_count":0}

[90mstdout[2m | src/stages/stage6.test.ts[2m > [22m[2mStage 6 ΓÇö Publisher[2m > [22m[2mCategory precedence ΓÇö CSV canonical_category[2m > [22m[2mHOLD with category_not_canonical when nothing resolves
[22m[39m{"has_stage3_5":false,"html_len":0,"html_trim_len":0,"level":"info","message":"Stage 6: content source pre-resolve","resolved_source":"markdown","timestamp":"2026-03-12T09:00:18.648Z"}
{"content_length":6,"content_source":"markdown","html_available":false,"level":"info","message":"Stage 6: content source resolved","timestamp":"2026-03-12T09:00:18.648Z"}
{"category_slug_final":"NONE","category_source":"none","level":"info","message":"Stage 6: category resolution","raw_category":"Totally Unresolvable Category","timestamp":"2026-03-12T09:00:18.648Z"}
{"allowed_slugs":["gay-golf","golf-fitting","hoc-golf","san-golf","shop-golf","luat-golf","golf-cong-nghe","chi-phi-va-van-hoa","suc-khoe-fitness","du-lich-su-kien"],"csv_canonical_category":"not-a-known-slug","level":"error","message":"Stage 6: category not canonical ΓÇö HOLD","raw_category":"Totally Unresolvable Category","timestamp":"2026-03-12T09:00:18.648Z"}

[90mstdout[2m | src/stages/stage6.test.ts[2m > [22m[2mStage 6 ΓÇö Publisher[2m > [22m[2mCategory precedence ΓÇö CSV canonical_category[2m > [22m[2mempty CSV canonical_category falls through to other sources
[22m[39m{"has_stage3_5":false,"html_len":0,"html_trim_len":0,"level":"info","message":"Stage 6: content source pre-resolve","resolved_source":"markdown","timestamp":"2026-03-12T09:00:18.656Z"}
{"content_length":6,"content_source":"markdown","html_available":false,"level":"info","message":"Stage 6: content source resolved","timestamp":"2026-03-12T09:00:18.656Z"}
{"category_slug_final":"hoc-golf","category_source":"stage5_taxonomy","level":"info","message":"Stage 6: category resolution","raw_category":"hoc-golf","timestamp":"2026-03-12T09:00:18.656Z"}
{"featured_media_set":"no","image_role":"featured","level":"info","message":"Stage 6: no featured image bytes from Stage 4 ΓÇö skipping featured image","timestamp":"2026-03-12T09:00:18.657Z","wp_post_id":604}
{"image_role":"hero","level":"info","message":"Stage 6: no hero image bytes from Stage 4 ΓÇö skipping hero upload","timestamp":"2026-03-12T09:00:18.657Z","wp_post_id":604}
{"heading_count":0,"level":"info","message":"Content enrichment: < 3 H2/H3 headings ΓÇö skipping TOC","timestamp":"2026-03-12T09:00:18.657Z"}
{"final_status":"draft_wp","level":"info","message":"Stage 6: publisher complete","publish_posture":"always_draft","queue_id":"fce485b9-db65-4582-a2ec-8469da5d138e","tags_attached":1,"timestamp":"2026-03-12T09:00:18.657Z","wp_post_id":604,"wp_tag_not_found_count":0}

[90mstdout[2m | src/stages/stage6.test.ts[2m > [22m[2mStage 6 ΓÇö Publisher[2m > [22m[2mCategory precedence ΓÇö CSV canonical_category[2m > [22m[2mwhitespace-only CSV canonical_category falls through
[22m[39m{"has_stage3_5":false,"html_len":0,"html_trim_len":0,"level":"info","message":"Stage 6: content source pre-resolve","resolved_source":"markdown","timestamp":"2026-03-12T09:00:18.662Z"}
{"content_length":6,"content_source":"markdown","html_available":false,"level":"info","message":"Stage 6: content source resolved","timestamp":"2026-03-12T09:00:18.662Z"}
{"category_slug_final":"hoc-golf","category_source":"stage5_taxonomy","level":"info","message":"Stage 6: category resolution","raw_category":"hoc-golf","timestamp":"2026-03-12T09:00:18.662Z"}
{"featured_media_set":"no","image_role":"featured","level":"info","message":"Stage 6: no featured image bytes from Stage 4 ΓÇö skipping featured image","timestamp":"2026-03-12T09:00:18.663Z","wp_post_id":605}
{"image_role":"hero","level":"info","message":"Stage 6: no hero image bytes from Stage 4 ΓÇö skipping hero upload","timestamp":"2026-03-12T09:00:18.663Z","wp_post_id":605}
{"heading_count":0,"level":"info","message":"Content enrichment: < 3 H2/H3 headings ΓÇö skipping TOC","timestamp":"2026-03-12T09:00:18.663Z"}
{"final_status":"draft_wp","level":"info","message":"Stage 6: publisher complete","publish_posture":"always_draft","queue_id":"537e8411-c721-4472-8472-7988e4edf0c5","tags_attached":1,"timestamp":"2026-03-12T09:00:18.663Z","wp_post_id":605,"wp_tag_not_found_count":0}

[90mstdout[2m | src/stages/stage6.test.ts[2m > [22m[2mStage 6 ΓÇö Publisher[2m > [22m[2mFeatured Image Upload[2m > [22m[2muploads media and sets featured_media when image bytes present
[22m[39m{"has_stage3_5":false,"html_len":0,"html_trim_len":0,"level":"info","message":"Stage 6: content source pre-resolve","resolved_source":"markdown","timestamp":"2026-03-12T09:00:18.668Z"}
{"content_length":6,"content_source":"markdown","html_available":false,"level":"info","message":"Stage 6: content source resolved","timestamp":"2026-03-12T09:00:18.668Z"}
{"category_slug_final":"hoc-golf","category_source":"stage5_taxonomy","level":"info","message":"Stage 6: category resolution","raw_category":"hoc-golf","timestamp":"2026-03-12T09:00:18.668Z"}
{"featured_media_set":"yes","image_role":"featured","level":"info","message":"Stage 6: featured image set","timestamp":"2026-03-12T09:00:18.669Z","wp_media_id":10,"wp_post_id":700}
{"image_role":"hero","level":"info","message":"Stage 6: no hero image bytes from Stage 4 ΓÇö skipping hero upload","timestamp":"2026-03-12T09:00:18.669Z","wp_post_id":700}
{"heading_count":0,"level":"info","message":"Content enrichment: < 3 H2/H3 headings ΓÇö skipping TOC","timestamp":"2026-03-12T09:00:18.669Z"}
{"content_length":261,"content_source":"markdown","heading_count":0,"hero_injected":true,"hero_source":"featured_image","level":"info","message":"Stage 6: content enriched","timestamp":"2026-03-12T09:00:18.669Z","toc_injected":false,"wp_post_id":700}
{"final_status":"draft_wp","level":"info","message":"Stage 6: publisher complete","publish_posture":"always_draft","queue_id":"c2270179-869e-4265-9236-353097802774","tags_attached":1,"timestamp":"2026-03-12T09:00:18.670Z","wp_post_id":700,"wp_tag_not_found_count":0}

[90mstdout[2m | src/stages/stage6.test.ts[2m > [22m[2mStage 6 ΓÇö Publisher[2m > [22m[2mFeatured Image Upload[2m > [22m[2mnon-blocking: media upload fails ΓåÆ draft_wp preserved, reasons include media_upload_failed
[22m[39m{"has_stage3_5":false,"html_len":0,"html_trim_len":0,"level":"info","message":"Stage 6: content source pre-resolve","resolved_source":"markdown","timestamp":"2026-03-12T09:00:18.674Z"}
{"content_length":6,"content_source":"markdown","html_available":false,"level":"info","message":"Stage 6: content source resolved","timestamp":"2026-03-12T09:00:18.674Z"}
{"category_slug_final":"hoc-golf","category_source":"stage5_taxonomy","level":"info","message":"Stage 6: category resolution","raw_category":"hoc-golf","timestamp":"2026-03-12T09:00:18.679Z"}
{"featured_media_set":"no","image_role":"featured","level":"warn","message":"Stage 6: featured media upload failed ΓÇö non-blocking","timestamp":"2026-03-12T09:00:18.679Z","wp_post_id":701}
{"image_role":"hero","level":"info","message":"Stage 6: no hero image bytes from Stage 4 ΓÇö skipping hero upload","timestamp":"2026-03-12T09:00:18.679Z","wp_post_id":701}
{"heading_count":0,"level":"info","message":"Content enrichment: < 3 H2/H3 headings ΓÇö skipping TOC","timestamp":"2026-03-12T09:00:18.679Z"}
{"final_status":"draft_wp","level":"info","message":"Stage 6: publisher complete","publish_posture":"always_draft","queue_id":"c31bb594-c7dd-43a2-b699-f8d5db2228c7","tags_attached":1,"timestamp":"2026-03-12T09:00:18.680Z","wp_post_id":701,"wp_tag_not_found_count":0}

[90mstdout[2m | src/stages/stage6.test.ts[2m > [22m[2mStage 6 ΓÇö Publisher[2m > [22m[2mFeatured Image Upload[2m > [22m[2mnon-blocking: uploadMedia throws ΓåÆ draft_wp preserved, reasons include media_upload_failed
[22m[39m{"has_stage3_5":false,"html_len":0,"html_trim_len":0,"level":"info","message":"Stage 6: content source pre-resolve","resolved_source":"markdown","timestamp":"2026-03-12T09:00:18.683Z"}
{"content_length":6,"content_source":"markdown","html_available":false,"level":"info","message":"Stage 6: content source resolved","timestamp":"2026-03-12T09:00:18.683Z"}
{"category_slug_final":"hoc-golf","category_source":"stage5_taxonomy","level":"info","message":"Stage 6: category resolution","raw_category":"hoc-golf","timestamp":"2026-03-12T09:00:18.683Z"}
{"error":"network error","featured_media_set":"no","image_role":"featured","level":"warn","message":"Stage 6: featured media upload error ΓÇö non-blocking","timestamp":"2026-03-12T09:00:18.684Z","wp_post_id":702}
{"image_role":"hero","level":"info","message":"Stage 6: no hero image bytes from Stage 4 ΓÇö skipping hero upload","timestamp":"2026-03-12T09:00:18.684Z","wp_post_id":702}
{"heading_count":0,"level":"info","message":"Content enrichment: < 3 H2/H3 headings ΓÇö skipping TOC","timestamp":"2026-03-12T09:00:18.684Z"}
{"final_status":"draft_wp","level":"info","message":"Stage 6: publisher complete","publish_posture":"always_draft","queue_id":"de9292b3-f69a-4e69-bcb7-3ebe6c3346de","tags_attached":1,"timestamp":"2026-03-12T09:00:18.684Z","wp_post_id":702,"wp_tag_not_found_count":0}

[90mstdout[2m | src/stages/stage6.test.ts[2m > [22m[2mStage 6 ΓÇö Publisher[2m > [22m[2mFeatured Image Upload[2m > [22m[2mskips featured image when no image bytes in Stage4Output
[22m[39m{"has_stage3_5":false,"html_len":0,"html_trim_len":0,"level":"info","message":"Stage 6: content source pre-resolve","resolved_source":"markdown","timestamp":"2026-03-12T09:00:18.687Z"}
{"content_length":6,"content_source":"markdown","html_available":false,"level":"info","message":"Stage 6: content source resolved","timestamp":"2026-03-12T09:00:18.688Z"}
{"category_slug_final":"hoc-golf","category_source":"stage5_taxonomy","level":"info","message":"Stage 6: category resolution","raw_category":"hoc-golf","timestamp":"2026-03-12T09:00:18.688Z"}
{"featured_media_set":"no","image_role":"featured","level":"info","message":"Stage 6: no featured image bytes from Stage 4 ΓÇö skipping featured image","timestamp":"2026-03-12T09:00:18.688Z","wp_post_id":703}
{"image_role":"hero","level":"info","message":"Stage 6: no hero image bytes from Stage 4 ΓÇö skipping hero upload","timestamp":"2026-03-12T09:00:18.688Z","wp_post_id":703}
{"heading_count":0,"level":"info","message":"Content enrichment: < 3 H2/H3 headings ΓÇö skipping TOC","timestamp":"2026-03-12T09:00:18.688Z"}
{"final_status":"draft_wp","level":"info","message":"Stage 6: publisher complete","publish_posture":"always_draft","queue_id":"768d5aac-1ccc-41a4-ace2-bf2ea441f360","tags_attached":1,"timestamp":"2026-03-12T09:00:18.688Z","wp_post_id":703,"wp_tag_not_found_count":0}

[90mstdout[2m | src/stages/stage6.test.ts[2m > [22m[2mStage 6 ΓÇö Publisher[2m > [22m[2mFeatured Image Upload[2m > [22m[2mnon-blocking: featured_media update fails after upload ΓåÆ draft_wp, reasons include featured_media_update_failed
[22m[39m{"has_stage3_5":false,"html_len":0,"html_trim_len":0,"level":"info","message":"Stage 6: content source pre-resolve","resolved_source":"markdown","timestamp":"2026-03-12T09:00:18.692Z"}
{"content_length":6,"content_source":"markdown","html_available":false,"level":"info","message":"Stage 6: content source resolved","timestamp":"2026-03-12T09:00:18.692Z"}
{"category_slug_final":"hoc-golf","category_source":"stage5_taxonomy","level":"info","message":"Stage 6: category resolution","raw_category":"hoc-golf","timestamp":"2026-03-12T09:00:18.692Z"}
{"featured_media_set":"no","image_role":"featured","level":"warn","message":"Stage 6: featured_media update failed ΓÇö non-blocking","timestamp":"2026-03-12T09:00:18.692Z","wp_media_id":10,"wp_post_id":704}
{"image_role":"hero","level":"info","message":"Stage 6: no hero image bytes from Stage 4 ΓÇö skipping hero upload","timestamp":"2026-03-12T09:00:18.693Z","wp_post_id":704}
{"heading_count":0,"level":"info","message":"Content enrichment: < 3 H2/H3 headings ΓÇö skipping TOC","timestamp":"2026-03-12T09:00:18.693Z"}
{"final_status":"draft_wp","level":"info","message":"Stage 6: publisher complete","publish_posture":"always_draft","queue_id":"bc7e6850-69d3-4d5b-bb54-0bf8f75e3ef3","tags_attached":1,"timestamp":"2026-03-12T09:00:18.693Z","wp_post_id":704,"wp_tag_not_found_count":0}

[90mstdout[2m | src/stages/stage6.test.ts[2m > [22m[2mStage 6 ΓÇö Publisher[2m > [22m[2mContent Enrichment ΓÇö Hero + TOC[2m > [22m[2mhero_injected=true and toc_injected=true when media upload succeeds and content has >= 3 headings
[22m[39m{"has_stage3_5":false,"html_len":0,"html_trim_len":0,"level":"info","message":"Stage 6: content source pre-resolve","resolved_source":"markdown","timestamp":"2026-03-12T09:00:18.699Z"}
{"content_length":197,"content_source":"markdown","html_available":false,"level":"info","message":"Stage 6: content source resolved","timestamp":"2026-03-12T09:00:18.699Z"}
{"category_slug_final":"hoc-golf","category_source":"stage5_taxonomy","level":"info","message":"Stage 6: category resolution","raw_category":"hoc-golf","timestamp":"2026-03-12T09:00:18.699Z"}
{"featured_media_set":"yes","image_role":"featured","level":"info","message":"Stage 6: featured image set","timestamp":"2026-03-12T09:00:18.699Z","wp_media_id":10,"wp_post_id":800}
{"image_role":"hero","level":"info","message":"Stage 6: no hero image bytes from Stage 4 ΓÇö skipping hero upload","timestamp":"2026-03-12T09:00:18.699Z","wp_post_id":800}
{"content_length":964,"content_source":"markdown","heading_count":4,"hero_injected":true,"hero_source":"featured_image","level":"info","message":"Stage 6: content enriched","timestamp":"2026-03-12T09:00:18.700Z","toc_injected":true,"wp_post_id":800}
{"final_status":"draft_wp","level":"info","message":"Stage 6: publisher complete","publish_posture":"always_draft","queue_id":"cea3d75c-ddd4-4678-9fc3-52cdc7cb8105","tags_attached":1,"timestamp":"2026-03-12T09:00:18.700Z","wp_post_id":800,"wp_tag_not_found_count":0}

[90mstdout[2m | src/stages/stage6.test.ts[2m > [22m[2mStage 6 ΓÇö Publisher[2m > [22m[2mContent Enrichment ΓÇö Hero + TOC[2m > [22m[2mhero_injected=false when no image uploaded, toc_injected=true
[22m[39m{"has_stage3_5":false,"html_len":0,"html_trim_len":0,"level":"info","message":"Stage 6: content source pre-resolve","resolved_source":"markdown","timestamp":"2026-03-12T09:00:18.704Z"}
{"content_length":197,"content_source":"markdown","html_available":false,"level":"info","message":"Stage 6: content source resolved","timestamp":"2026-03-12T09:00:18.704Z"}
{"category_slug_final":"hoc-golf","category_source":"stage5_taxonomy","level":"info","message":"Stage 6: category resolution","raw_category":"hoc-golf","timestamp":"2026-03-12T09:00:18.704Z"}
{"featured_media_set":"no","image_role":"featured","level":"info","message":"Stage 6: no featured image bytes from Stage 4 ΓÇö skipping featured image","timestamp":"2026-03-12T09:00:18.704Z","wp_post_id":801}
{"image_role":"hero","level":"info","message":"Stage 6: no hero image bytes from Stage 4 ΓÇö skipping hero upload","timestamp":"2026-03-12T09:00:18.704Z","wp_post_id":801}
{"content_length":709,"content_source":"markdown","heading_count":4,"hero_injected":false,"hero_source":"featured_image","level":"info","message":"Stage 6: content enriched","timestamp":"2026-03-12T09:00:18.704Z","toc_injected":true,"wp_post_id":801}
{"final_status":"draft_wp","level":"info","message":"Stage 6: publisher complete","publish_posture":"always_draft","queue_id":"309d3c14-2eab-45ed-ae76-9875ededb49e","tags_attached":1,"timestamp":"2026-03-12T09:00:18.704Z","wp_post_id":801,"wp_tag_not_found_count":0}

[90mstdout[2m | src/stages/stage6.test.ts[2m > [22m[2mStage 6 ΓÇö Publisher[2m > [22m[2mContent Enrichment ΓÇö Hero + TOC[2m > [22m[2mtoc_injected=false when < 3 headings
[22m[39m{"has_stage3_5":false,"html_len":0,"html_trim_len":0,"level":"info","message":"Stage 6: content source pre-resolve","resolved_source":"markdown","timestamp":"2026-03-12T09:00:18.708Z"}
{"content_length":56,"content_source":"markdown","html_available":false,"level":"info","message":"Stage 6: content source resolved","timestamp":"2026-03-12T09:00:18.708Z"}
{"category_slug_final":"hoc-golf","category_source":"stage5_taxonomy","level":"info","message":"Stage 6: category resolution","raw_category":"hoc-golf","timestamp":"2026-03-12T09:00:18.708Z"}
{"featured_media_set":"yes","image_role":"featured","level":"info","message":"Stage 6: featured image set","timestamp":"2026-03-12T09:00:18.708Z","wp_media_id":10,"wp_post_id":802}
{"image_role":"hero","level":"info","message":"Stage 6: no hero image bytes from Stage 4 ΓÇö skipping hero upload","timestamp":"2026-03-12T09:00:18.708Z","wp_post_id":802}
{"heading_count":2,"level":"info","message":"Content enrichment: < 3 H2/H3 headings ΓÇö skipping TOC","timestamp":"2026-03-12T09:00:18.708Z"}
{"content_length":311,"content_source":"markdown","heading_count":2,"hero_injected":true,"hero_source":"featured_image","level":"info","message":"Stage 6: content enriched","timestamp":"2026-03-12T09:00:18.708Z","toc_injected":false,"wp_post_id":802}
{"final_status":"draft_wp","level":"info","message":"Stage 6: publisher complete","publish_posture":"always_draft","queue_id":"b23becf4-f7cf-432f-8210-df62b65e72b7","tags_attached":1,"timestamp":"2026-03-12T09:00:18.708Z","wp_post_id":802,"wp_tag_not_found_count":0}

[90mstdout[2m | src/stages/stage6.test.ts[2m > [22m[2mStage 6 ΓÇö Publisher[2m > [22m[2mContent Enrichment ΓÇö Hero + TOC[2m > [22m[2mhero NOT injected when content already has <img> tag
[22m[39m{"has_stage3_5":false,"html_len":0,"html_trim_len":0,"level":"info","message":"Stage 6: content source pre-resolve","resolved_source":"markdown","timestamp":"2026-03-12T09:00:18.712Z"}
{"content_length":71,"content_source":"markdown","html_available":false,"level":"info","message":"Stage 6: content source resolved","timestamp":"2026-03-12T09:00:18.713Z"}
{"category_slug_final":"hoc-golf","category_source":"stage5_taxonomy","level":"info","message":"Stage 6: category resolution","raw_category":"hoc-golf","timestamp":"2026-03-12T09:00:18.713Z"}
{"featured_media_set":"yes","image_role":"featured","level":"info","message":"Stage 6: featured image set","timestamp":"2026-03-12T09:00:18.713Z","wp_media_id":10,"wp_post_id":803}
{"image_role":"hero","level":"info","message":"Stage 6: no hero image bytes from Stage 4 ΓÇö skipping hero upload","timestamp":"2026-03-12T09:00:18.713Z","wp_post_id":803}
{"hero_skipped":true,"level":"info","message":"Content enrichment: top image/hero exists ΓÇö skipping hero","timestamp":"2026-03-12T09:00:18.713Z"}
{"content_length":416,"content_source":"markdown","heading_count":3,"hero_injected":false,"hero_source":"featured_image","level":"info","message":"Stage 6: content enriched","timestamp":"2026-03-12T09:00:18.713Z","toc_injected":true,"wp_post_id":803}
{"final_status":"draft_wp","level":"info","message":"Stage 6: publisher complete","publish_posture":"always_draft","queue_id":"1dc62eaf-2917-4214-9966-7b37fa97724f","tags_attached":1,"timestamp":"2026-03-12T09:00:18.713Z","wp_post_id":803,"wp_tag_not_found_count":0}

[90mstdout[2m | src/stages/stage6.test.ts[2m > [22m[2mStage 6 ΓÇö Publisher[2m > [22m[2mContent Enrichment ΓÇö Hero + TOC[2m > [22m[2mnon-blocking: content enrichment update fails ΓåÆ draft_wp preserved, reasons include failure
[22m[39m{"has_stage3_5":false,"html_len":0,"html_trim_len":0,"level":"info","message":"Stage 6: content source pre-resolve","resolved_source":"markdown","timestamp":"2026-03-12T09:00:18.716Z"}
{"content_length":197,"content_source":"markdown","html_available":false,"level":"info","message":"Stage 6: content source resolved","timestamp":"2026-03-12T09:00:18.716Z"}
{"category_slug_final":"hoc-golf","category_source":"stage5_taxonomy","level":"info","message":"Stage 6: category resolution","raw_category":"hoc-golf","timestamp":"2026-03-12T09:00:18.716Z"}
{"featured_media_set":"yes","image_role":"featured","level":"info","message":"Stage 6: featured image set","timestamp":"2026-03-12T09:00:18.717Z","wp_media_id":10,"wp_post_id":804}
{"image_role":"hero","level":"info","message":"Stage 6: no hero image bytes from Stage 4 ΓÇö skipping hero upload","timestamp":"2026-03-12T09:00:18.717Z","wp_post_id":804}
{"level":"warn","message":"Stage 6: content enrichment update failed ΓÇö non-blocking","timestamp":"2026-03-12T09:00:18.717Z","wp_post_id":804}
{"final_status":"draft_wp","level":"info","message":"Stage 6: publisher complete","publish_posture":"always_draft","queue_id":"41049e77-0978-463f-96d6-5b671d0f7395","tags_attached":1,"timestamp":"2026-03-12T09:00:18.717Z","wp_post_id":804,"wp_tag_not_found_count":0}

[90mstdout[2m | src/stages/stage6.test.ts[2m > [22m[2mStage 6 ΓÇö Publisher[2m > [22m[2mPublish Posture ΓÇö always_draft vs auto_publish[2m > [22m[2malways_draft: never publishes, even when recommendation=PUBLISH
[22m[39m{"has_stage3_5":false,"html_len":0,"html_trim_len":0,"level":"info","message":"Stage 6: content source pre-resolve","resolved_source":"markdown","timestamp":"2026-03-12T09:00:18.720Z"}
{"content_length":6,"content_source":"markdown","html_available":false,"level":"info","message":"Stage 6: content source resolved","timestamp":"2026-03-12T09:00:18.720Z"}
{"category_slug_final":"hoc-golf","category_source":"stage5_taxonomy","level":"info","message":"Stage 6: category resolution","raw_category":"hoc-golf","timestamp":"2026-03-12T09:00:18.720Z"}
{"featured_media_set":"no","image_role":"featured","level":"info","message":"Stage 6: no featured image bytes from Stage 4 ΓÇö skipping featured image","timestamp":"2026-03-12T09:00:18.720Z","wp_post_id":900}
{"image_role":"hero","level":"info","message":"Stage 6: no hero image bytes from Stage 4 ΓÇö skipping hero upload","timestamp":"2026-03-12T09:00:18.721Z","wp_post_id":900}
{"heading_count":0,"level":"info","message":"Content enrichment: < 3 H2/H3 headings ΓÇö skipping TOC","timestamp":"2026-03-12T09:00:18.721Z"}
{"final_status":"draft_wp","level":"info","message":"Stage 6: publisher complete","publish_posture":"always_draft","queue_id":"bcd71557-3c0f-4445-9ede-e07822f7ce9a","tags_attached":1,"timestamp":"2026-03-12T09:00:18.721Z","wp_post_id":900,"wp_tag_not_found_count":0}

[90mstdout[2m | src/stages/stage6.test.ts[2m > [22m[2mStage 6 ΓÇö Publisher[2m > [22m[2mPublish Posture ΓÇö always_draft vs auto_publish[2m > [22m[2mauto_publish: publishes when recommendation=PUBLISH and WP confirms
[22m[39m{"has_stage3_5":false,"html_len":0,"html_trim_len":0,"level":"info","message":"Stage 6: content source pre-resolve","resolved_source":"markdown","timestamp":"2026-03-12T09:00:18.725Z"}
{"content_length":6,"content_source":"markdown","html_available":false,"level":"info","message":"Stage 6: content source resolved","timestamp":"2026-03-12T09:00:18.725Z"}
{"category_slug_final":"hoc-golf","category_source":"stage5_taxonomy","level":"info","message":"Stage 6: category resolution","raw_category":"hoc-golf","timestamp":"2026-03-12T09:00:18.725Z"}
{"level":"info","message":"Stage 6: publish confirmed via GET","timestamp":"2026-03-12T09:00:18.725Z","wp_post_id":901}
{"featured_media_set":"no","image_role":"featured","level":"info","message":"Stage 6: no featured image bytes from Stage 4 ΓÇö skipping featured image","timestamp":"2026-03-12T09:00:18.725Z","wp_post_id":901}
{"image_role":"hero","level":"info","message":"Stage 6: no hero image bytes from Stage 4 ΓÇö skipping hero upload","timestamp":"2026-03-12T09:00:18.725Z","wp_post_id":901}
{"heading_count":0,"level":"info","message":"Content enrichment: < 3 H2/H3 headings ΓÇö skipping TOC","timestamp":"2026-03-12T09:00:18.725Z"}
{"final_status":"published","level":"info","message":"Stage 6: publisher complete","publish_posture":"auto_publish","queue_id":"7205ca66-ceb9-4eb6-927b-8ef2472f5092","tags_attached":1,"timestamp":"2026-03-12T09:00:18.725Z","wp_post_id":901,"wp_tag_not_found_count":0}

[90mstdout[2m | src/stages/stage6.test.ts[2m > [22m[2mStage 6 ΓÇö Publisher[2m > [22m[2mPublish Posture ΓÇö always_draft vs auto_publish[2m > [22m[2mauto_publish: recommendation=DRAFT still creates draft, not publish
[22m[39m{"has_stage3_5":false,"html_len":0,"html_trim_len":0,"level":"info","message":"Stage 6: content source pre-resolve","resolved_source":"markdown","timestamp":"2026-03-12T09:00:18.729Z"}
{"content_length":6,"content_source":"markdown","html_available":false,"level":"info","message":"Stage 6: content source resolved","timestamp":"2026-03-12T09:00:18.729Z"}
{"category_slug_final":"hoc-golf","category_source":"stage5_taxonomy","level":"info","message":"Stage 6: category resolution","raw_category":"hoc-golf","timestamp":"2026-03-12T09:00:18.729Z"}
{"featured_media_set":"no","image_role":"featured","level":"info","message":"Stage 6: no featured image bytes from Stage 4 ΓÇö skipping featured image","timestamp":"2026-03-12T09:00:18.729Z","wp_post_id":902}
{"image_role":"hero","level":"info","message":"Stage 6: no hero image bytes from Stage 4 ΓÇö skipping hero upload","timestamp":"2026-03-12T09:00:18.729Z","wp_post_id":902}
{"heading_count":0,"level":"info","message":"Content enrichment: < 3 H2/H3 headings ΓÇö skipping TOC","timestamp":"2026-03-12T09:00:18.729Z"}
{"final_status":"draft_wp","level":"info","message":"Stage 6: publisher complete","publish_posture":"auto_publish","queue_id":"bbba7e7c-8534-414f-af73-d983d8f78251","tags_attached":1,"timestamp":"2026-03-12T09:00:18.729Z","wp_post_id":902,"wp_tag_not_found_count":0}

[90mstdout[2m | src/stages/stage6.test.ts[2m > [22m[2mStage 6 ΓÇö Publisher[2m > [22m[2mPublish Posture ΓÇö always_draft vs auto_publish[2m > [22m[2mauto_publish: verification fails ΓåÆ rollback to draft + noindex, final_status=draft_wp (QA AC-4, WPC-014)
[22m[39m{"has_stage3_5":false,"html_len":0,"html_trim_len":0,"level":"info","message":"Stage 6: content source pre-resolve","resolved_source":"markdown","timestamp":"2026-03-12T09:00:18.733Z"}
{"content_length":6,"content_source":"markdown","html_available":false,"level":"info","message":"Stage 6: content source resolved","timestamp":"2026-03-12T09:00:18.733Z"}
{"category_slug_final":"hoc-golf","category_source":"stage5_taxonomy","level":"info","message":"Stage 6: category resolution","raw_category":"hoc-golf","timestamp":"2026-03-12T09:00:18.733Z"}
{"level":"warn","message":"Stage 6: publish NOT confirmed ΓÇö initiating rollback","returned_status":"draft","timestamp":"2026-03-12T09:00:18.733Z","wp_post_id":903}
{"level":"info","message":"Stage 6: rollback to draft succeeded","timestamp":"2026-03-12T09:00:18.733Z","wp_post_id":903}
{"level":"info","message":"Stage 6: noindex,follow applied after rollback","timestamp":"2026-03-12T09:00:18.733Z","wp_post_id":903}
{"featured_media_set":"no","image_role":"featured","level":"info","message":"Stage 6: no featured image bytes from Stage 4 ΓÇö skipping featured image","timestamp":"2026-03-12T09:00:18.733Z","wp_post_id":903}
{"image_role":"hero","level":"info","message":"Stage 6: no hero image bytes from Stage 4 ΓÇö skipping hero upload","timestamp":"2026-03-12T09:00:18.733Z","wp_post_id":903}
{"heading_count":0,"level":"info","message":"Content enrichment: < 3 H2/H3 headings ΓÇö skipping TOC","timestamp":"2026-03-12T09:00:18.733Z"}
{"final_status":"draft_wp","level":"info","message":"Stage 6: publisher complete","publish_posture":"auto_publish","queue_id":"81297ee9-a491-41af-b5fc-147f8269b338","tags_attached":1,"timestamp":"2026-03-12T09:00:18.734Z","wp_post_id":903,"wp_tag_not_found_count":0}

[90mstdout[2m | src/stages/stage6.test.ts[2m > [22m[2mStage 6 ΓÇö Publisher[2m > [22m[2mPublish Posture ΓÇö always_draft vs auto_publish[2m > [22m[2mauto_publish: verification fails + rollback API fails ΓåÆ final_status=failed + rollback_failed (WPC-014)
[22m[39m{"has_stage3_5":false,"html_len":0,"html_trim_len":0,"level":"info","message":"Stage 6: content source pre-resolve","resolved_source":"markdown","timestamp":"2026-03-12T09:00:18.737Z"}
{"content_length":6,"content_source":"markdown","html_available":false,"level":"info","message":"Stage 6: content source resolved","timestamp":"2026-03-12T09:00:18.737Z"}
{"category_slug_final":"hoc-golf","category_source":"stage5_taxonomy","level":"info","message":"Stage 6: category resolution","raw_category":"hoc-golf","timestamp":"2026-03-12T09:00:18.737Z"}
{"level":"warn","message":"Stage 6: publish NOT confirmed ΓÇö initiating rollback","returned_status":"draft","timestamp":"2026-03-12T09:00:18.737Z","wp_post_id":910}
{"level":"error","message":"Stage 6: rollback to draft FAILED ΓÇö marking run failed","rollback_status":500,"timestamp":"2026-03-12T09:00:18.737Z","wp_post_id":910}
{"featured_media_set":"no","image_role":"featured","level":"info","message":"Stage 6: no featured image bytes from Stage 4 ΓÇö skipping featured image","timestamp":"2026-03-12T09:00:18.737Z","wp_post_id":910}
{"image_role":"hero","level":"info","message":"Stage 6: no hero image bytes from Stage 4 ΓÇö skipping hero upload","timestamp":"2026-03-12T09:00:18.737Z","wp_post_id":910}
{"heading_count":0,"level":"info","message":"Content enrichment: < 3 H2/H3 headings ΓÇö skipping TOC","timestamp":"2026-03-12T09:00:18.737Z"}
{"final_status":"failed","level":"info","message":"Stage 6: publisher complete","publish_posture":"auto_publish","queue_id":"0a5ff901-518c-4a7a-a022-4aa6611af258","tags_attached":1,"timestamp":"2026-03-12T09:00:18.738Z","wp_post_id":910,"wp_tag_not_found_count":0}

[90mstdout[2m | src/stages/stage6.test.ts[2m > [22m[2mStage 6 ΓÇö Publisher[2m > [22m[2mPublish Posture ΓÇö always_draft vs auto_publish[2m > [22m[2mauto_publish: verification GET throws + rollback succeeds ΓåÆ draft_wp + verification_failed_rolled_back
[22m[39m{"has_stage3_5":false,"html_len":0,"html_trim_len":0,"level":"info","message":"Stage 6: content source pre-resolve","resolved_source":"markdown","timestamp":"2026-03-12T09:00:18.741Z"}
{"content_length":6,"content_source":"markdown","html_available":false,"level":"info","message":"Stage 6: content source resolved","timestamp":"2026-03-12T09:00:18.742Z"}
{"category_slug_final":"hoc-golf","category_source":"stage5_taxonomy","level":"info","message":"Stage 6: category resolution","raw_category":"hoc-golf","timestamp":"2026-03-12T09:00:18.742Z"}
{"error":"network timeout","level":"warn","message":"Stage 6: publish verification network error ΓÇö initiating rollback","timestamp":"2026-03-12T09:00:18.742Z","wp_post_id":904}
{"level":"info","message":"Stage 6: rollback to draft succeeded","timestamp":"2026-03-12T09:00:18.742Z","wp_post_id":904}
{"level":"info","message":"Stage 6: noindex,follow applied after rollback","timestamp":"2026-03-12T09:00:18.742Z","wp_post_id":904}
{"featured_media_set":"no","image_role":"featured","level":"info","message":"Stage 6: no featured image bytes from Stage 4 ΓÇö skipping featured image","timestamp":"2026-03-12T09:00:18.742Z","wp_post_id":904}
{"image_role":"hero","level":"info","message":"Stage 6: no hero image bytes from Stage 4 ΓÇö skipping hero upload","timestamp":"2026-03-12T09:00:18.742Z","wp_post_id":904}
{"heading_count":0,"level":"info","message":"Content enrichment: < 3 H2/H3 headings ΓÇö skipping TOC","timestamp":"2026-03-12T09:00:18.742Z"}
{"final_status":"draft_wp","level":"info","message":"Stage 6: publisher complete","publish_posture":"auto_publish","queue_id":"c7593176-30ae-4b71-bff5-81fc34df3504","tags_attached":1,"timestamp":"2026-03-12T09:00:18.742Z","wp_post_id":904,"wp_tag_not_found_count":0}

[90mstdout[2m | src/stages/stage6.test.ts[2m > [22m[2mStage 6 ΓÇö Publisher[2m > [22m[2mPublish Posture ΓÇö always_draft vs auto_publish[2m > [22m[2mauto_publish: verification fails + rollback succeeds but RankMath not discovered ΓåÆ draft_wp + noindex_not_supported
[22m[39m{"has_stage3_5":false,"html_len":0,"html_trim_len":0,"level":"info","message":"Stage 6: content source pre-resolve","resolved_source":"markdown","timestamp":"2026-03-12T09:00:18.746Z"}
{"content_length":6,"content_source":"markdown","html_available":false,"level":"info","message":"Stage 6: content source resolved","timestamp":"2026-03-12T09:00:18.746Z"}
{"category_slug_final":"hoc-golf","category_source":"stage5_taxonomy","level":"info","message":"Stage 6: category resolution","raw_category":"hoc-golf","timestamp":"2026-03-12T09:00:18.746Z"}
{"level":"warn","message":"Stage 6: publish NOT confirmed ΓÇö initiating rollback","returned_status":"draft","timestamp":"2026-03-12T09:00:18.746Z","wp_post_id":911}
{"level":"info","message":"Stage 6: rollback to draft succeeded","timestamp":"2026-03-12T09:00:18.746Z","wp_post_id":911}
{"level":"info","message":"Stage 6: noindex,follow not applied ΓÇö Rank Math keys not discovered","timestamp":"2026-03-12T09:00:18.746Z","wp_post_id":911}
{"featured_media_set":"no","image_role":"featured","level":"info","message":"Stage 6: no featured image bytes from Stage 4 ΓÇö skipping featured image","timestamp":"2026-03-12T09:00:18.746Z","wp_post_id":911}
{"image_role":"hero","level":"info","message":"Stage 6: no hero image bytes from Stage 4 ΓÇö skipping hero upload","timestamp":"2026-03-12T09:00:18.746Z","wp_post_id":911}
{"heading_count":0,"level":"info","message":"Content enrichment: < 3 H2/H3 headings ΓÇö skipping TOC","timestamp":"2026-03-12T09:00:18.746Z"}
{"final_status":"draft_wp","level":"info","message":"Stage 6: publisher complete","publish_posture":"auto_publish","queue_id":"a541f886-baa2-48f7-ac49-6694a1071117","tags_attached":1,"timestamp":"2026-03-12T09:00:18.746Z","wp_post_id":911,"wp_tag_not_found_count":0}

[90mstdout[2m | src/stages/stage6.test.ts[2m > [22m[2mStage 6 ΓÇö Publisher[2m > [22m[2mPublish Posture ΓÇö always_draft vs auto_publish[2m > [22m[2mauto_publish: idempotent rerun on already-published post ΓåÆ no duplicate, final_status=published
[22m[39m{"has_stage3_5":false,"html_len":0,"html_trim_len":0,"level":"info","message":"Stage 6: content source pre-resolve","resolved_source":"markdown","timestamp":"2026-03-12T09:00:18.750Z"}
{"content_length":6,"content_source":"markdown","html_available":false,"level":"info","message":"Stage 6: content source resolved","timestamp":"2026-03-12T09:00:18.750Z"}
{"level":"info","message":"Stage 6: already published ΓÇö idempotent no-op","timestamp":"2026-03-12T09:00:18.750Z","wp_post_id":905}

[90mstdout[2m | src/stages/stage6.test.ts[2m > [22m[2mStage 6 ΓÇö Publisher[2m > [22m[2mPublish Posture ΓÇö always_draft vs auto_publish[2m > [22m[2mauto_publish: existing draft ΓåÆ updates with status=publish and verifies
[22m[39m{"has_stage3_5":false,"html_len":0,"html_trim_len":0,"level":"info","message":"Stage 6: content source pre-resolve","resolved_source":"markdown","timestamp":"2026-03-12T09:00:18.753Z"}
{"content_length":6,"content_source":"markdown","html_available":false,"level":"info","message":"Stage 6: content source resolved","timestamp":"2026-03-12T09:00:18.753Z"}
{"category_slug_final":"hoc-golf","category_source":"stage5_taxonomy","level":"info","message":"Stage 6: category resolution","raw_category":"hoc-golf","timestamp":"2026-03-12T09:00:18.753Z"}
{"level":"info","message":"Stage 6: updating existing post","target_status":"publish","timestamp":"2026-03-12T09:00:18.753Z","wp_post_id":906}
{"level":"info","message":"Stage 6: publish confirmed via GET","timestamp":"2026-03-12T09:00:18.753Z","wp_post_id":906}
{"featured_media_set":"no","image_role":"featured","level":"info","message":"Stage 6: no featured image bytes from Stage 4 ΓÇö skipping featured image","timestamp":"2026-03-12T09:00:18.753Z","wp_post_id":906}
{"image_role":"hero","level":"info","message":"Stage 6: no hero image bytes from Stage 4 ΓÇö skipping hero upload","timestamp":"2026-03-12T09:00:18.753Z","wp_post_id":906}
{"heading_count":0,"level":"info","message":"Content enrichment: < 3 H2/H3 headings ΓÇö skipping TOC","timestamp":"2026-03-12T09:00:18.753Z"}
{"final_status":"published","level":"info","message":"Stage 6: publisher complete","publish_posture":"auto_publish","queue_id":"57af9bbc-e2a6-4da7-a15f-876ac23d1fa5","tags_attached":1,"timestamp":"2026-03-12T09:00:18.753Z","wp_post_id":906,"wp_tag_not_found_count":0}

[90mstdout[2m | src/stages/stage6.test.ts[2m > [22m[2mStage 6 ΓÇö Publisher[2m > [22m[2mPublish Posture ΓÇö always_draft vs auto_publish[2m > [22m[2malways_draft: existing published post -> HOLD no-op (does not edit live content)
[22m[39m{"has_stage3_5":false,"html_len":0,"html_trim_len":0,"level":"info","message":"Stage 6: content source pre-resolve","resolved_source":"markdown","timestamp":"2026-03-12T09:00:18.757Z"}
{"content_length":6,"content_source":"markdown","html_available":false,"level":"info","message":"Stage 6: content source resolved","timestamp":"2026-03-12T09:00:18.757Z"}
{"level":"warn","message":"Stage 6: always_draft + existing published post ΓÇö no-op HOLD","slug":"test-slug","timestamp":"2026-03-12T09:00:18.757Z","wp_post_id":907}

[90mstdout[2m | src/stages/stage6.test.ts[2m > [22m[2mStage 6 ΓÇö Publisher[2m > [22m[2mPublish Posture ΓÇö always_draft vs auto_publish[2m > [22m[2mschema_version is "1.0" in publish posture outputs
[22m[39m{"has_stage3_5":false,"html_len":0,"html_trim_len":0,"level":"info","message":"Stage 6: content source pre-resolve","resolved_source":"markdown","timestamp":"2026-03-12T09:00:18.761Z"}
{"content_length":6,"content_source":"markdown","html_available":false,"level":"info","message":"Stage 6: content source resolved","timestamp":"2026-03-12T09:00:18.761Z"}
{"category_slug_final":"hoc-golf","category_source":"stage5_taxonomy","level":"info","message":"Stage 6: category resolution","raw_category":"hoc-golf","timestamp":"2026-03-12T09:00:18.761Z"}
{"level":"info","message":"Stage 6: publish confirmed via GET","timestamp":"2026-03-12T09:00:18.761Z","wp_post_id":908}
{"featured_media_set":"no","image_role":"featured","level":"info","message":"Stage 6: no featured image bytes from Stage 4 ΓÇö skipping featured image","timestamp":"2026-03-12T09:00:18.761Z","wp_post_id":908}
{"image_role":"hero","level":"info","message":"Stage 6: no hero image bytes from Stage 4 ΓÇö skipping hero upload","timestamp":"2026-03-12T09:00:18.761Z","wp_post_id":908}
{"heading_count":0,"level":"info","message":"Content enrichment: < 3 H2/H3 headings ΓÇö skipping TOC","timestamp":"2026-03-12T09:00:18.761Z"}
{"final_status":"published","level":"info","message":"Stage 6: publisher complete","publish_posture":"auto_publish","queue_id":"6d935468-648d-4a80-a842-630dd79bd66c","tags_attached":1,"timestamp":"2026-03-12T09:00:18.761Z","wp_post_id":908,"wp_tag_not_found_count":0}

[90mstdout[2m | src/stages/stage6.test.ts[2m > [22m[2mStage 6 ΓÇö Publisher[2m > [22m[2mHTML-First Content Enrichment[2m > [22m[2mHTML-first: enrichment parses HTML headings, produces TOC with heading_count >= 3
[22m[39m{"has_stage3_5":true,"html_len":220,"html_trim_len":220,"level":"info","message":"Stage 6: content source pre-resolve","resolved_source":"html","timestamp":"2026-03-12T09:00:18.764Z"}
{"content_length":220,"content_source":"html","html_available":true,"level":"info","message":"Stage 6: content source resolved","timestamp":"2026-03-12T09:00:18.764Z"}
{"category_slug_final":"hoc-golf","category_source":"stage5_taxonomy","level":"info","message":"Stage 6: category resolution","raw_category":"hoc-golf","timestamp":"2026-03-12T09:00:18.764Z"}
{"featured_media_set":"yes","image_role":"featured","level":"info","message":"Stage 6: featured image set","timestamp":"2026-03-12T09:00:18.765Z","wp_media_id":10,"wp_post_id":960}
{"image_role":"hero","level":"info","message":"Stage 6: no hero image bytes from Stage 4 ΓÇö skipping hero upload","timestamp":"2026-03-12T09:00:18.765Z","wp_post_id":960}
{"content_length":1046,"content_source":"html","heading_count":4,"hero_injected":true,"hero_source":"featured_image","level":"info","message":"Stage 6: content enriched","timestamp":"2026-03-12T09:00:18.765Z","toc_injected":true,"wp_post_id":960}
{"final_status":"draft_wp","level":"info","message":"Stage 6: publisher complete","publish_posture":"always_draft","queue_id":"715fddaf-5d99-4b93-8645-682b67f4c7c3","tags_attached":1,"timestamp":"2026-03-12T09:00:18.765Z","wp_post_id":960,"wp_tag_not_found_count":0}

[90mstdout[2m | src/stages/stage6.test.ts[2m > [22m[2mStage 6 ΓÇö Publisher[2m > [22m[2mHTML-First Content Enrichment[2m > [22m[2mHTML-first: regression ΓÇö does NOT use markdown builder for HTML source
[22m[39m{"has_stage3_5":true,"html_len":105,"html_trim_len":105,"level":"info","message":"Stage 6: content source pre-resolve","resolved_source":"html","timestamp":"2026-03-12T09:00:18.769Z"}
{"content_length":105,"content_source":"html","html_available":true,"level":"info","message":"Stage 6: content source resolved","timestamp":"2026-03-12T09:00:18.769Z"}
{"category_slug_final":"hoc-golf","category_source":"stage5_taxonomy","level":"info","message":"Stage 6: category resolution","raw_category":"hoc-golf","timestamp":"2026-03-12T09:00:18.769Z"}
{"featured_media_set":"no","image_role":"featured","level":"info","message":"Stage 6: no featured image bytes from Stage 4 ΓÇö skipping featured image","timestamp":"2026-03-12T09:00:18.769Z","wp_post_id":961}
{"image_role":"hero","level":"info","message":"Stage 6: no hero image bytes from Stage 4 ΓÇö skipping hero upload","timestamp":"2026-03-12T09:00:18.769Z","wp_post_id":961}
{"content_length":522,"content_source":"html","heading_count":3,"hero_injected":false,"hero_source":"featured_image","level":"info","message":"Stage 6: content enriched","timestamp":"2026-03-12T09:00:18.769Z","toc_injected":true,"wp_post_id":961}
{"final_status":"draft_wp","level":"info","message":"Stage 6: publisher complete","publish_posture":"always_draft","queue_id":"0ed5bd7e-4b8c-4f4e-a04e-5307742f95b9","tags_attached":1,"timestamp":"2026-03-12T09:00:18.769Z","wp_post_id":961,"wp_tag_not_found_count":0}

[90mstdout[2m | src/stages/stage6.test.ts[2m > [22m[2mStage 6 ΓÇö Publisher[2m > [22m[2mHTML-First Content Enrichment[2m > [22m[2mHTML-first: falls back to markdown when stage3_5 is not provided
[22m[39m{"has_stage3_5":false,"html_len":0,"html_trim_len":0,"level":"info","message":"Stage 6: content source pre-resolve","resolved_source":"markdown","timestamp":"2026-03-12T09:00:18.772Z"}
{"content_length":6,"content_source":"markdown","html_available":false,"level":"info","message":"Stage 6: content source resolved","timestamp":"2026-03-12T09:00:18.772Z"}
{"category_slug_final":"hoc-golf","category_source":"stage5_taxonomy","level":"info","message":"Stage 6: category resolution","raw_category":"hoc-golf","timestamp":"2026-03-12T09:00:18.772Z"}
{"featured_media_set":"no","image_role":"featured","level":"info","message":"Stage 6: no featured image bytes from Stage 4 ΓÇö skipping featured image","timestamp":"2026-03-12T09:00:18.772Z","wp_post_id":962}
{"image_role":"hero","level":"info","message":"Stage 6: no hero image bytes from Stage 4 ΓÇö skipping hero upload","timestamp":"2026-03-12T09:00:18.772Z","wp_post_id":962}
{"heading_count":0,"level":"info","message":"Content enrichment: < 3 H2/H3 headings ΓÇö skipping TOC","timestamp":"2026-03-12T09:00:18.772Z"}
{"final_status":"draft_wp","level":"info","message":"Stage 6: publisher complete","publish_posture":"always_draft","queue_id":"afe54c3d-7224-4d32-8191-517bd7ce3884","tags_attached":1,"timestamp":"2026-03-12T09:00:18.773Z","wp_post_id":962,"wp_tag_not_found_count":0}

[90mstdout[2m | src/stages/stage6.test.ts[2m > [22m[2mStage 6 ΓÇö Publisher[2m > [22m[2mHTML-First Content Enrichment[2m > [22m[2mHTML-first: falls back to markdown when content_html is empty
[22m[39m{"has_stage3_5":true,"html_len":0,"html_trim_len":0,"level":"info","message":"Stage 6: content source pre-resolve","resolved_source":"markdown","timestamp":"2026-03-12T09:00:18.776Z"}
{"content_length":6,"content_source":"markdown","html_available":false,"level":"info","message":"Stage 6: content source resolved","timestamp":"2026-03-12T09:00:18.776Z"}
{"category_slug_final":"hoc-golf","category_source":"stage5_taxonomy","level":"info","message":"Stage 6: category resolution","raw_category":"hoc-golf","timestamp":"2026-03-12T09:00:18.776Z"}
{"featured_media_set":"no","image_role":"featured","level":"info","message":"Stage 6: no featured image bytes from Stage 4 ΓÇö skipping featured image","timestamp":"2026-03-12T09:00:18.776Z","wp_post_id":963}
{"image_role":"hero","level":"info","message":"Stage 6: no hero image bytes from Stage 4 ΓÇö skipping hero upload","timestamp":"2026-03-12T09:00:18.777Z","wp_post_id":963}
{"heading_count":0,"level":"info","message":"Content enrichment: < 3 H2/H3 headings ΓÇö skipping TOC","timestamp":"2026-03-12T09:00:18.777Z"}
{"final_status":"draft_wp","level":"info","message":"Stage 6: publisher complete","publish_posture":"always_draft","queue_id":"9b8a073f-ee59-4521-a9fc-8aa1432df7bb","tags_attached":1,"timestamp":"2026-03-12T09:00:18.777Z","wp_post_id":963,"wp_tag_not_found_count":0}

[90mstdout[2m | src/stages/stage6.test.ts[2m > [22m[2mStage 6 ΓÇö Publisher[2m > [22m[2mHTML-First Content Enrichment[2m > [22m[2mHTML-first: updatePost during enrichment uses HTML body with TOC nav
[22m[39m{"has_stage3_5":true,"html_len":136,"html_trim_len":136,"level":"info","message":"Stage 6: content source pre-resolve","resolved_source":"html","timestamp":"2026-03-12T09:00:18.784Z"}
{"content_length":136,"content_source":"html","html_available":true,"level":"info","message":"Stage 6: content source resolved","timestamp":"2026-03-12T09:00:18.784Z"}
{"category_slug_final":"hoc-golf","category_source":"stage5_taxonomy","level":"info","message":"Stage 6: category resolution","raw_category":"hoc-golf","timestamp":"2026-03-12T09:00:18.784Z"}
{"featured_media_set":"yes","image_role":"featured","level":"info","message":"Stage 6: featured image set","timestamp":"2026-03-12T09:00:18.784Z","wp_media_id":10,"wp_post_id":964}
{"image_role":"hero","level":"info","message":"Stage 6: no hero image bytes from Stage 4 ΓÇö skipping hero upload","timestamp":"2026-03-12T09:00:18.785Z","wp_post_id":964}
{"content_length":858,"content_source":"html","heading_count":4,"hero_injected":true,"hero_source":"featured_image","level":"info","message":"Stage 6: content enriched","timestamp":"2026-03-12T09:00:18.785Z","toc_injected":true,"wp_post_id":964}
{"final_status":"draft_wp","level":"info","message":"Stage 6: publisher complete","publish_posture":"always_draft","queue_id":"6fb01128-fc3a-47c8-be4c-1b8a2f5e5f10","tags_attached":1,"timestamp":"2026-03-12T09:00:18.785Z","wp_post_id":964,"wp_tag_not_found_count":0}

[90mstdout[2m | src/stages/stage6.test.ts[2m > [22m[2mStage 6 ΓÇö Publisher[2m > [22m[2mHTML-first content source[2m > [22m[2mcontent_source="html" when stage3_5 provides non-empty HTML
[22m[39m{"has_stage3_5":true,"html_len":114,"html_trim_len":114,"level":"info","message":"Stage 6: content source pre-resolve","resolved_source":"html","timestamp":"2026-03-12T09:00:18.789Z"}
{"content_length":114,"content_source":"html","html_available":true,"level":"info","message":"Stage 6: content source resolved","timestamp":"2026-03-12T09:00:18.789Z"}
{"category_slug_final":"hoc-golf","category_source":"stage5_taxonomy","level":"info","message":"Stage 6: category resolution","raw_category":"hoc-golf","timestamp":"2026-03-12T09:00:18.789Z"}
{"featured_media_set":"no","image_role":"featured","level":"info","message":"Stage 6: no featured image bytes from Stage 4 ΓÇö skipping featured image","timestamp":"2026-03-12T09:00:18.789Z","wp_post_id":900}
{"image_role":"hero","level":"info","message":"Stage 6: no hero image bytes from Stage 4 ΓÇö skipping hero upload","timestamp":"2026-03-12T09:00:18.789Z","wp_post_id":900}
{"heading_count":2,"level":"info","message":"Content enrichment: < 3 H2/H3 headings ΓÇö skipping TOC","timestamp":"2026-03-12T09:00:18.789Z"}
{"final_status":"draft_wp","level":"info","message":"Stage 6: publisher complete","publish_posture":"always_draft","queue_id":"03a7b107-b007-4a9e-b840-d75985fedcec","tags_attached":1,"timestamp":"2026-03-12T09:00:18.789Z","wp_post_id":900,"wp_tag_not_found_count":0}

[90mstdout[2m | src/stages/stage6.test.ts[2m > [22m[2mStage 6 ΓÇö Publisher[2m > [22m[2mHTML-first content source[2m > [22m[2mcontent_source="markdown" when stage3_5 is undefined
[22m[39m{"has_stage3_5":false,"html_len":0,"html_trim_len":0,"level":"info","message":"Stage 6: content source pre-resolve","resolved_source":"markdown","timestamp":"2026-03-12T09:00:18.792Z"}
{"content_length":6,"content_source":"markdown","html_available":false,"level":"info","message":"Stage 6: content source resolved","timestamp":"2026-03-12T09:00:18.792Z"}
{"category_slug_final":"hoc-golf","category_source":"stage5_taxonomy","level":"info","message":"Stage 6: category resolution","raw_category":"hoc-golf","timestamp":"2026-03-12T09:00:18.792Z"}
{"featured_media_set":"no","image_role":"featured","level":"info","message":"Stage 6: no featured image bytes from Stage 4 ΓÇö skipping featured image","timestamp":"2026-03-12T09:00:18.792Z","wp_post_id":901}
{"image_role":"hero","level":"info","message":"Stage 6: no hero image bytes from Stage 4 ΓÇö skipping hero upload","timestamp":"2026-03-12T09:00:18.793Z","wp_post_id":901}
{"heading_count":0,"level":"info","message":"Content enrichment: < 3 H2/H3 headings ΓÇö skipping TOC","timestamp":"2026-03-12T09:00:18.793Z"}
{"final_status":"draft_wp","level":"info","message":"Stage 6: publisher complete","publish_posture":"always_draft","queue_id":"626207de-f1ce-42cd-a5f8-9fc42a3bf345","tags_attached":1,"timestamp":"2026-03-12T09:00:18.793Z","wp_post_id":901,"wp_tag_not_found_count":0}

[90mstdout[2m | src/stages/stage6.test.ts[2m > [22m[2mStage 6 ΓÇö Publisher[2m > [22m[2mHTML-first content source[2m > [22m[2mcontent_source="markdown" when stage3_5 has empty content_html
[22m[39m{"has_stage3_5":true,"html_len":0,"html_trim_len":0,"level":"info","message":"Stage 6: content source pre-resolve","resolved_source":"markdown","timestamp":"2026-03-12T09:00:18.796Z"}
{"content_length":6,"content_source":"markdown","html_available":false,"level":"info","message":"Stage 6: content source resolved","timestamp":"2026-03-12T09:00:18.796Z"}
{"category_slug_final":"hoc-golf","category_source":"stage5_taxonomy","level":"info","message":"Stage 6: category resolution","raw_category":"hoc-golf","timestamp":"2026-03-12T09:00:18.796Z"}
{"featured_media_set":"no","image_role":"featured","level":"info","message":"Stage 6: no featured image bytes from Stage 4 ΓÇö skipping featured image","timestamp":"2026-03-12T09:00:18.796Z","wp_post_id":902}
{"image_role":"hero","level":"info","message":"Stage 6: no hero image bytes from Stage 4 ΓÇö skipping hero upload","timestamp":"2026-03-12T09:00:18.796Z","wp_post_id":902}
{"heading_count":0,"level":"info","message":"Content enrichment: < 3 H2/H3 headings ΓÇö skipping TOC","timestamp":"2026-03-12T09:00:18.796Z"}
{"final_status":"draft_wp","level":"info","message":"Stage 6: publisher complete","publish_posture":"always_draft","queue_id":"7a4b4d06-9544-4203-9cb0-77d0ec11ec8a","tags_attached":1,"timestamp":"2026-03-12T09:00:18.796Z","wp_post_id":902,"wp_tag_not_found_count":0}

[90mstdout[2m | src/stages/stage6.test.ts[2m > [22m[2mStage 6 ΓÇö Publisher[2m > [22m[2mHTML-first content source[2m > [22m[2mcontent_source="markdown" when stage3_5 has whitespace-only content_html
[22m[39m{"has_stage3_5":true,"html_len":7,"html_trim_len":0,"level":"info","message":"Stage 6: content source pre-resolve","resolved_source":"markdown","timestamp":"2026-03-12T09:00:18.799Z"}
{"content_length":6,"content_source":"markdown","html_available":false,"level":"info","message":"Stage 6: content source resolved","timestamp":"2026-03-12T09:00:18.799Z"}
{"category_slug_final":"hoc-golf","category_source":"stage5_taxonomy","level":"info","message":"Stage 6: category resolution","raw_category":"hoc-golf","timestamp":"2026-03-12T09:00:18.799Z"}
{"featured_media_set":"no","image_role":"featured","level":"info","message":"Stage 6: no featured image bytes from Stage 4 ΓÇö skipping featured image","timestamp":"2026-03-12T09:00:18.799Z","wp_post_id":903}
{"image_role":"hero","level":"info","message":"Stage 6: no hero image bytes from Stage 4 ΓÇö skipping hero upload","timestamp":"2026-03-12T09:00:18.799Z","wp_post_id":903}
{"heading_count":0,"level":"info","message":"Content enrichment: < 3 H2/H3 headings ΓÇö skipping TOC","timestamp":"2026-03-12T09:00:18.799Z"}
{"final_status":"draft_wp","level":"info","message":"Stage 6: publisher complete","publish_posture":"always_draft","queue_id":"af3b0a53-3e2a-49d9-a748-fe47194429dd","tags_attached":1,"timestamp":"2026-03-12T09:00:18.800Z","wp_post_id":903,"wp_tag_not_found_count":0}

 [32mΓ£ô[39m src/stages/stage6.test.ts [2m([22m[2m59 tests[22m[2m)[22m[33m 362[2mms[22m[39m
[90mstdout[2m | src/services/csv-ingest.test.ts[2m > [22m[2mingestKeywords[2m > [22m[2mdry-run does not write to DB
[22m[39m{"dry_run":true,"inserted":5,"level":"info","message":"csv-ingest: complete","skipped":0,"timestamp":"2026-03-12T09:00:19.153Z","total_rows":5}

 [31mΓ¥»[39m src/services/csv-ingest.test.ts [2m([22m[2m25 tests[22m[2m | [22m[31m12 failed[39m[2m)[22m[33m 498[2mms[22m[39m
[31m   [31m├ù[31m ingestKeywords[2m > [22minserts planned rows from sample CSV[90m 214[2mms[22m[31m[39m
[31m     ΓåÆ Cannot find module '../config'
Require stack:
- E:\Golfy_website_check\wp-content-autopilot\src\services\csv-ingest.ts[39m
[31m   [31m├ù[31m ingestKeywords[2m > [22mre-run is idempotent ΓÇö skips duplicates[90m 7[2mms[22m[31m[39m
[31m     ΓåÆ Cannot find module '../config'
Require stack:
- E:\Golfy_website_check\wp-content-autopilot\src\services\csv-ingest.ts[39m
[31m   [31m├ù[31m ingestKeywords[2m > [22m--limit works deterministically (inserts first N rows by row_order)[90m 6[2mms[22m[31m[39m
[31m     ΓåÆ Cannot find module '../config'
Require stack:
- E:\Golfy_website_check\wp-content-autopilot\src\services\csv-ingest.ts[39m
[31m   [31m├ù[31m ingestKeywords[2m > [22m--limit + re-run ingests remaining rows[90m 6[2mms[22m[31m[39m
[31m     ΓåÆ Cannot find module '../config'
Require stack:
- E:\Golfy_website_check\wp-content-autopilot\src\services\csv-ingest.ts[39m
[31m   [31m├ù[31m ingestKeywords[2m > [22mcanonical_category is persisted from CSV[90m 7[2mms[22m[31m[39m
[31m     ΓåÆ Cannot find module '../config'
Require stack:
- E:\Golfy_website_check\wp-content-autopilot\src\services\csv-ingest.ts[39m
[31m   [31m├ù[31m ingestKeywords[2m > [22mcanonical_category precedence ΓÇö CSV slug used by Stage 6[90m 154[2mms[22m[31m[39m
[31m     ΓåÆ Cannot find module '../config'
Require stack:
- E:\Golfy_website_check\wp-content-autopilot\src\services\csv-ingest.ts[39m
[31m   [31m├ù[31m ingestKeywords[2m > [22mcontent_type defaults to BlogPost when not in CSV[90m 38[2mms[22m[31m[39m
[31m     ΓåÆ Cannot find module '../config'
Require stack:
- E:\Golfy_website_check\wp-content-autopilot\src\services\csv-ingest.ts[39m
[31m   [31m├ù[31m ingestKeywords[2m > [22mdry-run shows correct skip count on re-run[90m 8[2mms[22m[31m[39m
[31m     ΓåÆ Cannot find module '../config'
Require stack:
- E:\Golfy_website_check\wp-content-autopilot\src\services\csv-ingest.ts[39m
[31m   [31m├ù[31m ingestKeywords[2m > [22mstatus is always planned for newly inserted rows[90m 10[2mms[22m[31m[39m
[31m     ΓåÆ Cannot find module '../config'
Require stack:
- E:\Golfy_website_check\wp-content-autopilot\src\services\csv-ingest.ts[39m
[31m   [31m├ù[31m ingestKeywords[2m > [22mhandles CSV without row_order ΓÇö uses keyword-only key[90m 7[2mms[22m[31m[39m
[31m     ΓåÆ Cannot find module '../config'
Require stack:
- E:\Golfy_website_check\wp-content-autopilot\src\services\csv-ingest.ts[39m
[31m   [31m├ù[31m ingestKeywords[2m > [22mcluster field is persisted from CSV[90m 5[2mms[22m[31m[39m
[31m     ΓåÆ Cannot find module '../config'
Require stack:
- E:\Golfy_website_check\wp-content-autopilot\src\services\csv-ingest.ts[39m
[31m   [31m├ù[31m ingestKeywords[2m > [22mlanguage defaults to vi[90m 5[2mms[22m[31m[39m
[31m     ΓåÆ Cannot find module '../config'
Require stack:
- E:\Golfy_website_check\wp-content-autopilot\src\services\csv-ingest.ts[39m
[90mstdout[2m | src/gates/engine.test.ts
[22m[39m[dotenv@17.3.1] injecting env (0) from .env -- tip: ΓÜÖ∩╕Å  enable debug logging with { debug: true }

[90mstdout[2m | src/services/internal-links.test.ts
[22m[39m[dotenv@17.3.1] injecting env (0) from .env -- tip: ≡ƒöÉ prevent committing .env to code: https://dotenvx.com/precommit

[90mstdout[2m | src/scheduler.test.ts[2m > [22m[2mScheduler ΓÇö CRON_ENABLED toggle[2m > [22m[2mstartScheduler does nothing when cronEnabled=false
[22m[39m{"level":"info","message":"Scheduler: CRON_ENABLED=false ΓÇö scheduler disabled","timestamp":"2026-03-12T09:00:19.773Z"}

[90mstdout[2m | src/scheduler.test.ts[2m > [22m[2mScheduler ΓÇö CRON_ENABLED toggle[2m > [22m[2mstartScheduler starts when cronEnabled=true without throwing
[22m[39m{"cron_schedule":"0 6 * * *","cron_timezone_canonical":"Asia/Ho_Chi_Minh","cron_timezone_raw":"Asia/Ho_Chi_Minh","level":"info","message":"EffectiveCronConfig","system_tz":"Asia/Saigon","timestamp":"2026-03-12T09:00:19.778Z","tz_match":true}
{"cron_enabled":true,"delay_ms":50380225,"level":"info","message":"Scheduler: starting","next_run_local":"03/13/2026, 06:00","next_run_utc":"2026-03-12T23:00:00.000Z","schedule":"0 6 * * *","system_tz":"Asia/Saigon","timestamp":"2026-03-12T09:00:19.778Z","timezone":"Asia/Ho_Chi_Minh"}

[90mstdout[2m | src/scheduler.test.ts[2m > [22m[2mScheduler ΓÇö helper functions[2m > [22m[2mparseCronSchedule defaults to 06:00 on invalid input
[22m[39m{"level":"warn","message":"Scheduler: invalid cron expression, defaulting to 06:00","schedule":"invalid","timestamp":"2026-03-12T09:00:19.801Z"}

 [32mΓ£ô[39m src/scheduler.test.ts [2m([22m[2m31 tests[22m[2m)[22m[90m 102[2mms[22m[39m
[90mstdout[2m | src/services/gemini-adapter.test.ts[2m > [22m[2mextractTextFromGenerateContentResponse[2m > [22m[2mB) candidates exist but all text parts empty => throws gemini_empty_text_response
[22m[39m{"candidate_count":1,"has_response_text":false,"level":"warn","message":"Gemini: empty extracted text","nonempty_text_part_count":0,"part_count":3,"text_part_count":2,"timestamp":"2026-03-12T09:00:19.786Z"}

[90mstdout[2m | src/services/gemini-adapter.test.ts[2m > [22m[2mextractTextFromGenerateContentResponse[2m > [22m[2mB) no candidates at all => throws gemini_empty_text_response
[22m[39m{"candidate_count":0,"has_response_text":false,"level":"warn","message":"Gemini: empty extracted text","nonempty_text_part_count":0,"part_count":0,"text_part_count":0,"timestamp":"2026-03-12T09:00:19.809Z"}

[90mstdout[2m | src/services/gemini-adapter.test.ts[2m > [22m[2mextractTextFromGenerateContentResponse[2m > [22m[2mB) error diagnostics include bounded counts
[22m[39m{"candidate_count":1,"has_response_text":false,"level":"warn","message":"Gemini: empty extracted text","nonempty_text_part_count":0,"part_count":2,"text_part_count":1,"timestamp":"2026-03-12T09:00:19.810Z"}

 [32mΓ£ô[39m src/services/gemini-adapter.test.ts [2m([22m[2m20 tests[22m[2m)[22m[90m 50[2mms[22m[39m
[90mstdout[2m | src/stages/stage5.test.ts[2m > [22m[2mrunStage5[2m > [22m[2msucceeds with valid inputs and taxonomy config
[22m[39m{"level":"info","message":"Gate G1_KEYWORD_DEDUP: PASS","reasons":[],"timestamp":"2026-03-12T09:00:19.852Z"}
{"level":"info","message":"Gate G2_SIMILARITY: PASS","reasons":[],"timestamp":"2026-03-12T09:00:19.856Z"}
{"level":"info","message":"Gate G3_LOCAL_DOORWAY: PASS","reasons":["No local modifier"],"timestamp":"2026-03-12T09:00:19.856Z"}
{"level":"info","message":"Gate G4_FACT_CLASS: PASS","reasons":[],"timestamp":"2026-03-12T09:00:19.856Z"}
{"level":"info","message":"Gate G5_TEMPLATE: DRAFT","reasons":["FAQ requires >= 3 items","Content too short: 7 words (min 300)"],"timestamp":"2026-03-12T09:00:19.857Z"}
{"level":"info","message":"Gate G6_TONE: PASS","reasons":[],"timestamp":"2026-03-12T09:00:19.857Z"}
{"level":"info","message":"Gate G7_IMAGE: PASS","reasons":[],"timestamp":"2026-03-12T09:00:19.857Z"}
{"level":"info","message":"Gate G8_SEO_META: DRAFT","reasons":["meta_description length 65 outside 120-170 range","additional_keywords should have >= 3 items"],"timestamp":"2026-03-12T09:00:19.858Z"}
{"dropped_tags_count":0,"final_tags_count":3,"level":"info","message":"Stage 5: QA gate complete","queue_id":"q-001","recommendation":"DRAFT","robots":"index,follow","timestamp":"2026-03-12T09:00:19.859Z"}

[90mstdout[2m | src/gates/engine.test.ts[2m > [22m[2mGate Engine[2m > [22m[2mall gates PASS ΓåÆ recommendation PUBLISH
[22m[39m{"level":"info","message":"Gate G1_KEYWORD_DEDUP: PASS","reasons":[],"timestamp":"2026-03-12T09:00:19.765Z"}
{"level":"info","message":"Gate G2_SIMILARITY: PASS","reasons":[],"timestamp":"2026-03-12T09:00:19.768Z"}
{"level":"info","message":"Gate G3_LOCAL_DOORWAY: PASS","reasons":["No local modifier"],"timestamp":"2026-03-12T09:00:19.768Z"}
{"level":"info","message":"Gate G4_FACT_CLASS: PASS","reasons":[],"timestamp":"2026-03-12T09:00:19.768Z"}
{"level":"info","message":"Gate G5_TEMPLATE: PASS","reasons":[],"timestamp":"2026-03-12T09:00:19.769Z"}
{"level":"info","message":"Gate G6_TONE: PASS","reasons":[],"timestamp":"2026-03-12T09:00:19.769Z"}
{"level":"info","message":"Gate G7_IMAGE: PASS","reasons":[],"timestamp":"2026-03-12T09:00:19.769Z"}
{"level":"info","message":"Gate G8_SEO_META: PASS","reasons":[],"timestamp":"2026-03-12T09:00:19.769Z"}

[90mstdout[2m | src/stages/optionb-bundle.test.ts[2m > [22m[2mDropped-Tag Report ΓÇö Generation[2m > [22m[2mgenerates empty report when no tag data exists
[22m[39m{"artifact_path":"C:/Users/longl/AppData/Local/Temp/dropped-tag-report-2026-03-12.json","dropped_total":0,"dropped_unique":0,"level":"info","message":"Dropped-tag report generated","not_found_total":0,"not_found_unique":0,"rows_scanned":0,"timestamp":"2026-03-12T09:00:19.721Z","window_days":7}

[90mstdout[2m | src/stages/stage5.test.ts[2m > [22m[2mrunStage5[2m > [22m[2mfails with schema_version mismatch in stage3
[22m[39m{"level":"error","message":"Stage 5: schema_version mismatch ΓÇö fail closed","stage3_version":"2.0","stage4_version":"1.0","timestamp":"2026-03-12T09:00:19.863Z"}

[90mstdout[2m | src/gates/engine.test.ts[2m > [22m[2mGate Engine[2m > [22m[2mG1 HOLD when keyword already published
[22m[39m{"level":"info","message":"Gate G1_KEYWORD_DEDUP: HOLD","reasons":["Keyword \"c├ích ─æ├ính golf\" already published as wp_post_id=42"],"timestamp":"2026-03-12T09:00:19.776Z"}
{"level":"info","message":"Gate G2_SIMILARITY: PASS","reasons":[],"timestamp":"2026-03-12T09:00:19.779Z"}
{"level":"info","message":"Gate G3_LOCAL_DOORWAY: PASS","reasons":["No local modifier"],"timestamp":"2026-03-12T09:00:19.779Z"}
{"level":"info","message":"Gate G4_FACT_CLASS: PASS","reasons":[],"timestamp":"2026-03-12T09:00:19.779Z"}
{"level":"info","message":"Gate G5_TEMPLATE: PASS","reasons":[],"timestamp":"2026-03-12T09:00:19.779Z"}
{"level":"info","message":"Gate G6_TONE: PASS","reasons":[],"timestamp":"2026-03-12T09:00:19.780Z"}
{"level":"info","message":"Gate G7_IMAGE: PASS","reasons":[],"timestamp":"2026-03-12T09:00:19.780Z"}
{"level":"info","message":"Gate G8_SEO_META: PASS","reasons":[],"timestamp":"2026-03-12T09:00:19.780Z"}

[90mstdout[2m | src/stages/optionb-bundle.test.ts[2m > [22m[2mDropped-Tag Report ΓÇö Generation[2m > [22m[2maggregates dropped_tags counts from multiple rows
[22m[39m{"artifact_path":"C:/Users/longl/AppData/Local/Temp/dropped-tag-report-2026-03-12.json","dropped_total":5,"dropped_unique":3,"level":"info","message":"Dropped-tag report generated","not_found_total":0,"not_found_unique":0,"rows_scanned":3,"timestamp":"2026-03-12T09:00:19.750Z","window_days":7}

[90mstdout[2m | src/stages/stage5.test.ts[2m > [22m[2mrunStage5[2m > [22m[2mfails with schema_version mismatch in stage4
[22m[39m{"level":"error","message":"Stage 5: schema_version mismatch ΓÇö fail closed","stage3_version":"1.0","stage4_version":"0.5","timestamp":"2026-03-12T09:00:19.865Z"}

[90mstdout[2m | src/gates/engine.test.ts[2m > [22m[2mGate Engine[2m > [22m[2mG3 PASS when no local modifier
[22m[39m{"level":"info","message":"Gate G1_KEYWORD_DEDUP: PASS","reasons":[],"timestamp":"2026-03-12T09:00:19.792Z"}
{"level":"info","message":"Gate G2_SIMILARITY: PASS","reasons":[],"timestamp":"2026-03-12T09:00:19.792Z"}
{"level":"info","message":"Gate G3_LOCAL_DOORWAY: PASS","reasons":["No local modifier"],"timestamp":"2026-03-12T09:00:19.792Z"}
{"level":"info","message":"Gate G4_FACT_CLASS: PASS","reasons":[],"timestamp":"2026-03-12T09:00:19.792Z"}
{"level":"info","message":"Gate G5_TEMPLATE: PASS","reasons":[],"timestamp":"2026-03-12T09:00:19.793Z"}
{"level":"info","message":"Gate G6_TONE: PASS","reasons":[],"timestamp":"2026-03-12T09:00:19.793Z"}
{"level":"info","message":"Gate G7_IMAGE: PASS","reasons":[],"timestamp":"2026-03-12T09:00:19.793Z"}
{"level":"info","message":"Gate G8_SEO_META: PASS","reasons":[],"timestamp":"2026-03-12T09:00:19.793Z"}

[90mstdout[2m | src/stages/optionb-bundle.test.ts[2m > [22m[2mDropped-Tag Report ΓÇö Generation[2m > [22m[2maggregates wp_tag_not_found counts
[22m[39m{"artifact_path":"C:/Users/longl/AppData/Local/Temp/dropped-tag-report-2026-03-12.json","dropped_total":0,"dropped_unique":0,"level":"info","message":"Dropped-tag report generated","not_found_total":3,"not_found_unique":2,"rows_scanned":2,"timestamp":"2026-03-12T09:00:19.805Z","window_days":7}

[90mstdout[2m | src/stages/stage5.test.ts[2m > [22m[2mrunStage5[2m > [22m[2mfails when taxonomy config is missing
[22m[39m{"level":"info","message":"Gate G1_KEYWORD_DEDUP: PASS","reasons":[],"timestamp":"2026-03-12T09:00:19.865Z"}
{"level":"info","message":"Gate G2_SIMILARITY: PASS","reasons":[],"timestamp":"2026-03-12T09:00:19.866Z"}
{"level":"info","message":"Gate G3_LOCAL_DOORWAY: PASS","reasons":["No local modifier"],"timestamp":"2026-03-12T09:00:19.866Z"}
{"level":"info","message":"Gate G4_FACT_CLASS: PASS","reasons":[],"timestamp":"2026-03-12T09:00:19.866Z"}
{"level":"info","message":"Gate G5_TEMPLATE: DRAFT","reasons":["FAQ requires >= 3 items","Content too short: 7 words (min 300)"],"timestamp":"2026-03-12T09:00:19.866Z"}
{"level":"info","message":"Gate G6_TONE: PASS","reasons":[],"timestamp":"2026-03-12T09:00:19.866Z"}
{"level":"info","message":"Gate G7_IMAGE: PASS","reasons":[],"timestamp":"2026-03-12T09:00:19.866Z"}
{"level":"info","message":"Gate G8_SEO_META: DRAFT","reasons":["meta_description length 65 outside 120-170 range","additional_keywords should have >= 3 items"],"timestamp":"2026-03-12T09:00:19.866Z"}
{"level":"error","message":"Stage 5: taxonomy config missing ΓÇö fail closed","timestamp":"2026-03-12T09:00:19.866Z"}

[90mstdout[2m | src/gates/engine.test.ts[2m > [22m[2mGate Engine[2m > [22m[2mG3 HOLD for Landing content without verified entry
[22m[39m{"level":"info","message":"Gate G1_KEYWORD_DEDUP: PASS","reasons":[],"timestamp":"2026-03-12T09:00:19.798Z"}
{"level":"info","message":"Gate G2_SIMILARITY: PASS","reasons":[],"timestamp":"2026-03-12T09:00:19.798Z"}
{"level":"info","message":"Gate G3_LOCAL_DOORWAY: HOLD","reasons":["No verified local entry for \"H├á Nß╗Öi\" ΓÇö Landing pages require verification"],"timestamp":"2026-03-12T09:00:19.799Z"}
{"level":"info","message":"Gate G4_FACT_CLASS: PASS","reasons":[],"timestamp":"2026-03-12T09:00:19.799Z"}
{"level":"info","message":"Gate G5_TEMPLATE: PASS","reasons":[],"timestamp":"2026-03-12T09:00:19.799Z"}
{"level":"info","message":"Gate G6_TONE: PASS","reasons":[],"timestamp":"2026-03-12T09:00:19.799Z"}
{"level":"info","message":"Gate G7_IMAGE: PASS","reasons":[],"timestamp":"2026-03-12T09:00:19.799Z"}
{"level":"info","message":"Gate G8_SEO_META: PASS","reasons":[],"timestamp":"2026-03-12T09:00:19.799Z"}

[90mstdout[2m | src/stages/optionb-bundle.test.ts[2m > [22m[2mDropped-Tag Report ΓÇö Generation[2m > [22m[2mrespects window_days parameter ΓÇö excludes old rows
[22m[39m{"artifact_path":"C:/Users/longl/AppData/Local/Temp/dropped-tag-report-2026-03-12.json","dropped_total":1,"dropped_unique":1,"level":"info","message":"Dropped-tag report generated","not_found_total":0,"not_found_unique":0,"rows_scanned":1,"timestamp":"2026-03-12T09:00:19.815Z","window_days":7}

[90mstdout[2m | src/stages/stage5.test.ts[2m > [22m[2mrunStage5[2m > [22m[2muses BlogPosting schema type for BlogPost content
[22m[39m{"level":"info","message":"Gate G1_KEYWORD_DEDUP: PASS","reasons":[],"timestamp":"2026-03-12T09:00:19.867Z"}
{"level":"info","message":"Gate G2_SIMILARITY: PASS","reasons":[],"timestamp":"2026-03-12T09:00:19.867Z"}
{"level":"info","message":"Gate G3_LOCAL_DOORWAY: PASS","reasons":["No local modifier"],"timestamp":"2026-03-12T09:00:19.867Z"}
{"level":"info","message":"Gate G4_FACT_CLASS: PASS","reasons":[],"timestamp":"2026-03-12T09:00:19.867Z"}
{"level":"info","message":"Gate G5_TEMPLATE: DRAFT","reasons":["FAQ requires >= 3 items","Content too short: 7 words (min 300)"],"timestamp":"2026-03-12T09:00:19.867Z"}
{"level":"info","message":"Gate G6_TONE: PASS","reasons":[],"timestamp":"2026-03-12T09:00:19.867Z"}
{"level":"info","message":"Gate G7_IMAGE: PASS","reasons":[],"timestamp":"2026-03-12T09:00:19.868Z"}
{"level":"info","message":"Gate G8_SEO_META: DRAFT","reasons":["meta_description length 65 outside 120-170 range","additional_keywords should have >= 3 items"],"timestamp":"2026-03-12T09:00:19.868Z"}
{"dropped_tags_count":0,"final_tags_count":3,"level":"info","message":"Stage 5: QA gate complete","queue_id":"q-001","recommendation":"DRAFT","robots":"index,follow","timestamp":"2026-03-12T09:00:19.868Z"}

[90mstdout[2m | src/gates/engine.test.ts[2m > [22m[2mGate Engine[2m > [22m[2mG3 DRAFT for BlogPost without verified local entry
[22m[39m{"level":"info","message":"Gate G1_KEYWORD_DEDUP: PASS","reasons":[],"timestamp":"2026-03-12T09:00:19.804Z"}
{"level":"info","message":"Gate G2_SIMILARITY: PASS","reasons":[],"timestamp":"2026-03-12T09:00:19.804Z"}
{"level":"info","message":"Gate G3_LOCAL_DOORWAY: DRAFT","reasons":["No verified local entry for \"H├á Nß╗Öi\" ΓÇö DRAFT + noindex"],"timestamp":"2026-03-12T09:00:19.804Z"}
{"level":"info","message":"Gate G4_FACT_CLASS: PASS","reasons":[],"timestamp":"2026-03-12T09:00:19.805Z"}
{"level":"info","message":"Gate G5_TEMPLATE: PASS","reasons":[],"timestamp":"2026-03-12T09:00:19.805Z"}
{"level":"info","message":"Gate G6_TONE: PASS","reasons":[],"timestamp":"2026-03-12T09:00:19.805Z"}
{"level":"info","message":"Gate G7_IMAGE: PASS","reasons":[],"timestamp":"2026-03-12T09:00:19.805Z"}
{"level":"info","message":"Gate G8_SEO_META: PASS","reasons":[],"timestamp":"2026-03-12T09:00:19.805Z"}

[90mstdout[2m | src/stages/optionb-bundle.test.ts[2m > [22m[2mDropped-Tag Report ΓÇö Generation[2m > [22m[2mhandles malformed JSON gracefully
[22m[39m{"artifact_path":"C:/Users/longl/AppData/Local/Temp/dropped-tag-report-2026-03-12.json","dropped_total":0,"dropped_unique":0,"level":"info","message":"Dropped-tag report generated","not_found_total":0,"not_found_unique":0,"rows_scanned":1,"timestamp":"2026-03-12T09:00:19.822Z","window_days":7}

[90mstdout[2m | src/stages/stage5.test.ts[2m > [22m[2mrunStage5[2m > [22m[2muses DefinedTerm schema type for Glossary content
[22m[39m{"level":"info","message":"Gate G1_KEYWORD_DEDUP: PASS","reasons":[],"timestamp":"2026-03-12T09:00:19.868Z"}
{"level":"info","message":"Gate G2_SIMILARITY: PASS","reasons":[],"timestamp":"2026-03-12T09:00:19.869Z"}
{"level":"info","message":"Gate G3_LOCAL_DOORWAY: PASS","reasons":["No local modifier"],"timestamp":"2026-03-12T09:00:19.869Z"}
{"level":"info","message":"Gate G4_FACT_CLASS: PASS","reasons":[],"timestamp":"2026-03-12T09:00:19.869Z"}
{"level":"info","message":"Gate G5_TEMPLATE: DRAFT","reasons":["FAQ requires >= 3 items","Content too short: 7 words (min 300)"],"timestamp":"2026-03-12T09:00:19.869Z"}
{"level":"info","message":"Gate G6_TONE: PASS","reasons":[],"timestamp":"2026-03-12T09:00:19.869Z"}
{"level":"info","message":"Gate G7_IMAGE: PASS","reasons":[],"timestamp":"2026-03-12T09:00:19.869Z"}
{"level":"info","message":"Gate G8_SEO_META: DRAFT","reasons":["meta_description length 65 outside 120-170 range","additional_keywords should have >= 3 items"],"timestamp":"2026-03-12T09:00:19.869Z"}
{"dropped_tags_count":0,"final_tags_count":3,"level":"info","message":"Stage 5: QA gate complete","queue_id":"q-001","recommendation":"DRAFT","robots":"index,follow","timestamp":"2026-03-12T09:00:19.869Z"}

[90mstdout[2m | src/gates/engine.test.ts[2m > [22m[2mGate Engine[2m > [22m[2mG3 PASS when verified local entry exists
[22m[39m{"level":"info","message":"Gate G1_KEYWORD_DEDUP: PASS","reasons":[],"timestamp":"2026-03-12T09:00:19.816Z"}
{"level":"info","message":"Gate G2_SIMILARITY: PASS","reasons":[],"timestamp":"2026-03-12T09:00:19.817Z"}
{"level":"info","message":"Gate G3_LOCAL_DOORWAY: PASS","reasons":["Verified local entry found"],"timestamp":"2026-03-12T09:00:19.817Z"}
{"level":"info","message":"Gate G4_FACT_CLASS: PASS","reasons":[],"timestamp":"2026-03-12T09:00:19.817Z"}
{"level":"info","message":"Gate G5_TEMPLATE: PASS","reasons":[],"timestamp":"2026-03-12T09:00:19.817Z"}
{"level":"info","message":"Gate G6_TONE: PASS","reasons":[],"timestamp":"2026-03-12T09:00:19.817Z"}
{"level":"info","message":"Gate G7_IMAGE: PASS","reasons":[],"timestamp":"2026-03-12T09:00:19.817Z"}
{"level":"info","message":"Gate G8_SEO_META: PASS","reasons":[],"timestamp":"2026-03-12T09:00:19.817Z"}

[90mstdout[2m | src/stages/optionb-bundle.test.ts[2m > [22m[2mDropped-Tag Report ΓÇö Generation[2m > [22m[2mcaps top N results
[22m[39m{"artifact_path":"C:/Users/longl/AppData/Local/Temp/dropped-tag-report-2026-03-12.json","dropped_total":30,"dropped_unique":30,"level":"info","message":"Dropped-tag report generated","not_found_total":0,"not_found_unique":0,"rows_scanned":1,"timestamp":"2026-03-12T09:00:19.829Z","window_days":7}

[90mstdout[2m | src/stages/stage5.test.ts[2m > [22m[2mrunStage5[2m > [22m[2mfilters tags through tag gate and tracks dropped tags
[22m[39m{"level":"info","message":"Gate G1_KEYWORD_DEDUP: PASS","reasons":[],"timestamp":"2026-03-12T09:00:19.869Z"}
{"level":"info","message":"Gate G2_SIMILARITY: PASS","reasons":[],"timestamp":"2026-03-12T09:00:19.869Z"}
{"level":"info","message":"Gate G3_LOCAL_DOORWAY: PASS","reasons":["No local modifier"],"timestamp":"2026-03-12T09:00:19.869Z"}
{"level":"info","message":"Gate G4_FACT_CLASS: PASS","reasons":[],"timestamp":"2026-03-12T09:00:19.869Z"}
{"level":"info","message":"Gate G5_TEMPLATE: DRAFT","reasons":["FAQ requires >= 3 items","Content too short: 7 words (min 300)"],"timestamp":"2026-03-12T09:00:19.869Z"}
{"level":"info","message":"Gate G6_TONE: PASS","reasons":[],"timestamp":"2026-03-12T09:00:19.870Z"}
{"level":"info","message":"Gate G7_IMAGE: PASS","reasons":[],"timestamp":"2026-03-12T09:00:19.870Z"}
{"level":"info","message":"Gate G8_SEO_META: DRAFT","reasons":["meta_description length 65 outside 120-170 range","additional_keywords should have >= 3 items"],"timestamp":"2026-03-12T09:00:19.870Z"}
{"dropped":["unknown-tag"],"dropped_count":1,"level":"info","message":"Tag gate: dropped tags","timestamp":"2026-03-12T09:00:19.870Z"}
{"dropped_tags_count":1,"final_tags_count":2,"level":"info","message":"Stage 5: QA gate complete","queue_id":"q-001","recommendation":"DRAFT","robots":"index,follow","timestamp":"2026-03-12T09:00:19.870Z"}

[90mstdout[2m | src/gates/engine.test.ts[2m > [22m[2mGate Engine[2m > [22m[2mG5 DRAFT when title missing
[22m[39m{"level":"info","message":"Gate G1_KEYWORD_DEDUP: PASS","reasons":[],"timestamp":"2026-03-12T09:00:19.823Z"}
{"level":"info","message":"Gate G2_SIMILARITY: PASS","reasons":[],"timestamp":"2026-03-12T09:00:19.825Z"}
{"level":"info","message":"Gate G3_LOCAL_DOORWAY: PASS","reasons":["No local modifier"],"timestamp":"2026-03-12T09:00:19.825Z"}
{"level":"info","message":"Gate G4_FACT_CLASS: PASS","reasons":[],"timestamp":"2026-03-12T09:00:19.825Z"}
{"level":"info","message":"Gate G5_TEMPLATE: DRAFT","reasons":["Missing title"],"timestamp":"2026-03-12T09:00:19.825Z"}
{"level":"info","message":"Gate G6_TONE: PASS","reasons":[],"timestamp":"2026-03-12T09:00:19.826Z"}
{"level":"info","message":"Gate G7_IMAGE: PASS","reasons":[],"timestamp":"2026-03-12T09:00:19.826Z"}
{"level":"info","message":"Gate G8_SEO_META: PASS","reasons":[],"timestamp":"2026-03-12T09:00:19.826Z"}

[90mstdout[2m | src/stages/optionb-bundle.test.ts[2m > [22m[2mDropped-Tag Report ΓÇö Generation[2m > [22m[2mwrites JSON artifact to disk
[22m[39m{"artifact_path":"C:/Users/longl/AppData/Local/Temp/wcap-test-1773306019838/dropped-tag-report-2026-03-12.json","dropped_total":1,"dropped_unique":1,"level":"info","message":"Dropped-tag report generated","not_found_total":0,"not_found_unique":0,"rows_scanned":1,"timestamp":"2026-03-12T09:00:19.842Z","window_days":7}

[90mstdout[2m | src/stages/stage5.test.ts[2m > [22m[2mrunStage5[2m > [22m[2mupdates queue with gate results
[22m[39m{"level":"info","message":"Gate G1_KEYWORD_DEDUP: PASS","reasons":[],"timestamp":"2026-03-12T09:00:19.870Z"}
{"level":"info","message":"Gate G2_SIMILARITY: PASS","reasons":[],"timestamp":"2026-03-12T09:00:19.871Z"}
{"level":"info","message":"Gate G3_LOCAL_DOORWAY: PASS","reasons":["No local modifier"],"timestamp":"2026-03-12T09:00:19.871Z"}
{"level":"info","message":"Gate G4_FACT_CLASS: PASS","reasons":[],"timestamp":"2026-03-12T09:00:19.871Z"}
{"level":"info","message":"Gate G5_TEMPLATE: DRAFT","reasons":["FAQ requires >= 3 items","Content too short: 7 words (min 300)"],"timestamp":"2026-03-12T09:00:19.871Z"}
{"level":"info","message":"Gate G6_TONE: PASS","reasons":[],"timestamp":"2026-03-12T09:00:19.871Z"}
{"level":"info","message":"Gate G7_IMAGE: PASS","reasons":[],"timestamp":"2026-03-12T09:00:19.871Z"}
{"level":"info","message":"Gate G8_SEO_META: DRAFT","reasons":["meta_description length 65 outside 120-170 range","additional_keywords should have >= 3 items"],"timestamp":"2026-03-12T09:00:19.871Z"}
{"dropped_tags_count":0,"final_tags_count":3,"level":"info","message":"Stage 5: QA gate complete","queue_id":"q-001","recommendation":"DRAFT","robots":"index,follow","timestamp":"2026-03-12T09:00:19.871Z"}

[90mstdout[2m | src/gates/engine.test.ts[2m > [22m[2mGate Engine[2m > [22m[2mG6 DRAFT when AI phrase detected
[22m[39m{"level":"info","message":"Gate G1_KEYWORD_DEDUP: PASS","reasons":[],"timestamp":"2026-03-12T09:00:19.838Z"}
{"level":"info","message":"Gate G2_SIMILARITY: PASS","reasons":[],"timestamp":"2026-03-12T09:00:19.839Z"}
{"level":"info","message":"Gate G3_LOCAL_DOORWAY: PASS","reasons":["No local modifier"],"timestamp":"2026-03-12T09:00:19.839Z"}
{"level":"info","message":"Gate G4_FACT_CLASS: PASS","reasons":[],"timestamp":"2026-03-12T09:00:19.839Z"}
{"level":"info","message":"Gate G5_TEMPLATE: DRAFT","reasons":["Content too short: 11 words (min 300)"],"timestamp":"2026-03-12T09:00:19.839Z"}
{"level":"info","message":"Gate G6_TONE: DRAFT","reasons":["Banned phrases detected: as an ai language model, i cannot"],"timestamp":"2026-03-12T09:00:19.839Z"}
{"level":"info","message":"Gate G7_IMAGE: PASS","reasons":[],"timestamp":"2026-03-12T09:00:19.839Z"}
{"level":"info","message":"Gate G8_SEO_META: PASS","reasons":[],"timestamp":"2026-03-12T09:00:19.839Z"}

[90mstdout[2m | src/stages/optionb-bundle.test.ts[2m > [22m[2mTaxonomy Sync ΓÇö Approved Additions[2m > [22m[2mcreates approved tags idempotently
[22m[39m{"level":"info","message":"taxonomy-sync: fetching existing WP categories","timestamp":"2026-03-12T09:00:19.864Z"}
{"level":"info","message":"taxonomy-sync: fetching existing WP tags","timestamp":"2026-03-12T09:00:19.864Z"}
{"created":true,"level":"info","message":"taxonomy-sync: category ensured","slug":"gay-golf","timestamp":"2026-03-12T09:00:19.865Z"}
{"created":true,"level":"info","message":"taxonomy-sync: category ensured","slug":"golf-fitting","timestamp":"2026-03-12T09:00:19.865Z"}
{"created":true,"level":"info","message":"taxonomy-sync: category ensured","slug":"hoc-golf","timestamp":"2026-03-12T09:00:19.865Z"}
{"created":true,"level":"info","message":"taxonomy-sync: category ensured","slug":"san-golf","timestamp":"2026-03-12T09:00:19.865Z"}
{"created":true,"level":"info","message":"taxonomy-sync: category ensured","slug":"shop-golf","timestamp":"2026-03-12T09:00:19.866Z"}
{"created":true,"level":"info","message":"taxonomy-sync: category ensured","slug":"luat-golf","timestamp":"2026-03-12T09:00:19.866Z"}
{"created":true,"level":"info","message":"taxonomy-sync: category ensured","slug":"golf-cong-nghe","timestamp":"2026-03-12T09:00:19.866Z"}
{"created":true,"level":"info","message":"taxonomy-sync: category ensured","slug":"chi-phi-va-van-hoa","timestamp":"2026-03-12T09:00:19.866Z"}
{"created":true,"level":"info","message":"taxonomy-sync: category ensured","slug":"suc-khoe-fitness","timestamp":"2026-03-12T09:00:19.866Z"}
{"created":true,"level":"info","message":"taxonomy-sync: category ensured","slug":"du-lich-su-kien","timestamp":"2026-03-12T09:00:19.866Z"}
{"created":true,"level":"info","message":"taxonomy-sync: tag ensured","slug":"titleist","timestamp":"2026-03-12T09:00:19.866Z"}
{"created":true,"level":"info","message":"taxonomy-sync: tag ensured","slug":"taylormade","timestamp":"2026-03-12T09:00:19.866Z"}
{"created":true,"level":"info","message":"taxonomy-sync: tag ensured","slug":"callaway","timestamp":"2026-03-12T09:00:19.866Z"}
{"created":true,"level":"info","message":"taxonomy-sync: tag ensured","slug":"ping","timestamp":"2026-03-12T09:00:19.866Z"}
{"created":true,"level":"info","message":"taxonomy-sync: tag ensured","slug":"honma","timestamp":"2026-03-12T09:00:19.866Z"}
{"created":true,"level":"info","message":"taxonomy-sync: tag ensured","slug":"mizuno","timestamp":"2026-03-12T09:00:19.866Z"}
{"created":true,"level":"info","message":"taxonomy-sync: tag ensured","slug":"srixon","timestamp":"2026-03-12T09:00:19.866Z"}
{"created":true,"level":"info","message":"taxonomy-sync: tag ensured","slug":"cobra","timestamp":"2026-03-12T09:00:19.866Z"}
{"created":true,"level":"info","message":"taxonomy-sync: tag ensured","slug":"cleveland","timestamp":"2026-03-12T09:00:19.866Z"}
{"created":true,"level":"info","message":"taxonomy-sync: tag ensured","slug":"xxio","timestamp":"2026-03-12T09:00:19.867Z"}
{"created":true,"level":"info","message":"taxonomy-sync: tag ensured","slug":"pxg","timestamp":"2026-03-12T09:00:19.867Z"}
{"created":true,"level":"info","message":"taxonomy-sync: tag ensured","slug":"fujikura","timestamp":"2026-03-12T09:00:19.867Z"}
{"created":true,"level":"info","message":"taxonomy-sync: tag ensured","slug":"graphite-design","timestamp":"2026-03-12T09:00:19.867Z"}
{"created":true,"level":"info","message":"taxonomy-sync: tag ensured","slug":"project-x","timestamp":"2026-03-12T09:00:19.867Z"}
{"created":true,"level":"info","message":"taxonomy-sync: tag ensured","slug":"kbs","timestamp":"2026-03-12T09:00:19.867Z"}
{"created":true,"level":"info","message":"taxonomy-sync: tag ensured","slug":"nippon","timestamp":"2026-03-12T09:00:19.867Z"}
{"created":true,"level":"info","message":"taxonomy-sync: tag ensured","slug":"mitsubishi","timestamp":"2026-03-12T09:00:19.867Z"}
{"created":true,"level":"info","message":"taxonomy-sync: tag ensured","slug":"ust-mamiya","timestamp":"2026-03-12T09:00:19.867Z"}
{"created":true,"level":"info","message":"taxonomy-sync: tag ensured","slug":"accra","timestamp":"2026-03-12T09:00:19.867Z"}
{"created":true,"level":"info","message":"taxonomy-sync: tag ensured","slug":"pro-v1","timestamp":"2026-03-12T09:00:19.867Z"}
{"created":true,"level":"info","message":"taxonomy-sync: tag ensured","slug":"tp5","timestamp":"2026-03-12T09:00:19.867Z"}
{"created":true,"level":"info","message":"taxonomy-sync: tag ensured","slug":"chrome-soft","timestamp":"2026-03-12T09:00:19.867Z"}
{"created":true,"level":"info","message":"taxonomy-sync: tag ensured","slug":"z-star","timestamp":"2026-03-12T09:00:19.867Z"}
{"created":true,"level":"info","message":"taxonomy-sync: tag ensured","slug":"tour-b","timestamp":"2026-03-12T09:00:19.868Z"}
{"created":true,"level":"info","message":"taxonomy-sync: tag ensured","slug":"slice","timestamp":"2026-03-12T09:00:19.868Z"}
{"created":true,"level":"info","message":"taxonomy-sync: tag ensured","slug":"hook","timestamp":"2026-03-12T09:00:19.868Z"}
{"created":true,"level":"info","message":"taxonomy-sync: tag ensured","slug":"topping","timestamp":"2026-03-12T09:00:19.868Z"}
{"created":true,"level":"info","message":"taxonomy-sync: tag ensured","slug":"chunk","timestamp":"2026-03-12T09:00:19.868Z"}
{"created":true,"level":"info","message":"taxonomy-sync: tag ensured","slug":"putting","timestamp":"2026-03-12T09:00:19.868Z"}
{"created":true,"level":"info","message":"taxonomy-sync: tag ensured","slug":"chipping","timestamp":"2026-03-12T09:00:19.868Z"}
{"created":true,"level":"info","message":"taxonomy-sync: tag ensured","slug":"bunker","timestamp":"2026-03-12T09:00:19.868Z"}
{"created":true,"level":"info","message":"taxonomy-sync: tag ensured","slug":"hcp-0-9","timestamp":"2026-03-12T09:00:19.868Z"}
{"created":true,"level":"info","message":"taxonomy-sync: tag ensured","slug":"hcp-10-19","timestamp":"2026-03-12T09:00:19.868Z"}
{"created":true,"level":"info","message":"taxonomy-sync: tag ensured","slug":"hcp-20-36","timestamp":"2026-03-12T09:00:19.868Z"}
{"count":2,"level":"info","message":"taxonomy-sync: processing approved additions","timestamp":"2026-03-12T09:00:19.868Z"}
{"group":"brand","level":"info","message":"taxonomy-sync: approved tag created","slug":"new-brand-a","timestamp":"2026-03-12T09:00:19.869Z"}
{"group":"brand","level":"info","message":"taxonomy-sync: approved tag created","slug":"new-brand-b","timestamp":"2026-03-12T09:00:19.869Z"}

 [32mΓ£ô[39m src/stages/stage5.test.ts [2m([22m[2m8 tests[22m[2m)[22m[90m 26[2mms[22m[39m
[90mstdout[2m | src/gates/engine.test.ts[2m > [22m[2mGate Engine[2m > [22m[2mG7 HOLD when featured image missing
[22m[39m{"level":"info","message":"Gate G1_KEYWORD_DEDUP: PASS","reasons":[],"timestamp":"2026-03-12T09:00:19.847Z"}
{"level":"info","message":"Gate G2_SIMILARITY: PASS","reasons":[],"timestamp":"2026-03-12T09:00:19.847Z"}
{"level":"info","message":"Gate G3_LOCAL_DOORWAY: PASS","reasons":["No local modifier"],"timestamp":"2026-03-12T09:00:19.847Z"}
{"level":"info","message":"Gate G4_FACT_CLASS: PASS","reasons":[],"timestamp":"2026-03-12T09:00:19.847Z"}
{"level":"info","message":"Gate G5_TEMPLATE: PASS","reasons":[],"timestamp":"2026-03-12T09:00:19.848Z"}
{"level":"info","message":"Gate G6_TONE: PASS","reasons":[],"timestamp":"2026-03-12T09:00:19.848Z"}
{"level":"info","message":"Gate G7_IMAGE: HOLD","reasons":["Missing featured image or alt text"],"timestamp":"2026-03-12T09:00:19.848Z"}
{"level":"info","message":"Gate G8_SEO_META: PASS","reasons":[],"timestamp":"2026-03-12T09:00:19.848Z"}

[90mstdout[2m | src/stages/optionb-bundle.test.ts[2m > [22m[2mTaxonomy Sync ΓÇö Approved Additions[2m > [22m[2mskips existing approved tags without error
[22m[39m{"level":"info","message":"taxonomy-sync: fetching existing WP categories","timestamp":"2026-03-12T09:00:19.869Z"}
{"level":"info","message":"taxonomy-sync: fetching existing WP tags","timestamp":"2026-03-12T09:00:19.869Z"}
{"created":true,"level":"info","message":"taxonomy-sync: category ensured","slug":"gay-golf","timestamp":"2026-03-12T09:00:19.870Z"}
{"created":true,"level":"info","message":"taxonomy-sync: category ensured","slug":"golf-fitting","timestamp":"2026-03-12T09:00:19.870Z"}
{"created":true,"level":"info","message":"taxonomy-sync: category ensured","slug":"hoc-golf","timestamp":"2026-03-12T09:00:19.870Z"}
{"created":true,"level":"info","message":"taxonomy-sync: category ensured","slug":"san-golf","timestamp":"2026-03-12T09:00:19.870Z"}
{"created":true,"level":"info","message":"taxonomy-sync: category ensured","slug":"shop-golf","timestamp":"2026-03-12T09:00:19.870Z"}
{"created":true,"level":"info","message":"taxonomy-sync: category ensured","slug":"luat-golf","timestamp":"2026-03-12T09:00:19.870Z"}
{"created":true,"level":"info","message":"taxonomy-sync: category ensured","slug":"golf-cong-nghe","timestamp":"2026-03-12T09:00:19.870Z"}
{"created":true,"level":"info","message":"taxonomy-sync: category ensured","slug":"chi-phi-va-van-hoa","timestamp":"2026-03-12T09:00:19.870Z"}
{"created":true,"level":"info","message":"taxonomy-sync: category ensured","slug":"suc-khoe-fitness","timestamp":"2026-03-12T09:00:19.870Z"}
{"created":true,"level":"info","message":"taxonomy-sync: category ensured","slug":"du-lich-su-kien","timestamp":"2026-03-12T09:00:19.871Z"}
{"created":true,"level":"info","message":"taxonomy-sync: tag ensured","slug":"titleist","timestamp":"2026-03-12T09:00:19.871Z"}
{"created":true,"level":"info","message":"taxonomy-sync: tag ensured","slug":"taylormade","timestamp":"2026-03-12T09:00:19.871Z"}
{"created":true,"level":"info","message":"taxonomy-sync: tag ensured","slug":"callaway","timestamp":"2026-03-12T09:00:19.871Z"}
{"created":true,"level":"info","message":"taxonomy-sync: tag ensured","slug":"ping","timestamp":"2026-03-12T09:00:19.871Z"}
{"created":true,"level":"info","message":"taxonomy-sync: tag ensured","slug":"honma","timestamp":"2026-03-12T09:00:19.871Z"}
{"created":true,"level":"info","message":"taxonomy-sync: tag ensured","slug":"mizuno","timestamp":"2026-03-12T09:00:19.871Z"}
{"created":true,"level":"info","message":"taxonomy-sync: tag ensured","slug":"srixon","timestamp":"2026-03-12T09:00:19.871Z"}
{"created":true,"level":"info","message":"taxonomy-sync: tag ensured","slug":"cobra","timestamp":"2026-03-12T09:00:19.871Z"}
{"created":true,"level":"info","message":"taxonomy-sync: tag ensured","slug":"cleveland","timestamp":"2026-03-12T09:00:19.871Z"}
{"created":true,"level":"info","message":"taxonomy-sync: tag ensured","slug":"xxio","timestamp":"2026-03-12T09:00:19.871Z"}
{"created":true,"level":"info","message":"taxonomy-sync: tag ensured","slug":"pxg","timestamp":"2026-03-12T09:00:19.871Z"}
{"created":true,"level":"info","message":"taxonomy-sync: tag ensured","slug":"fujikura","timestamp":"2026-03-12T09:00:19.871Z"}
{"created":true,"level":"info","message":"taxonomy-sync: tag ensured","slug":"graphite-design","timestamp":"2026-03-12T09:00:19.871Z"}
{"created":true,"level":"info","message":"taxonomy-sync: tag ensured","slug":"project-x","timestamp":"2026-03-12T09:00:19.871Z"}
{"created":true,"level":"info","message":"taxonomy-sync: tag ensured","slug":"kbs","timestamp":"2026-03-12T09:00:19.871Z"}
{"created":true,"level":"info","message":"taxonomy-sync: tag ensured","slug":"nippon","timestamp":"2026-03-12T09:00:19.871Z"}
{"created":true,"level":"info","message":"taxonomy-sync: tag ensured","slug":"mitsubishi","timestamp":"2026-03-12T09:00:19.871Z"}
{"created":true,"level":"info","message":"taxonomy-sync: tag ensured","slug":"ust-mamiya","timestamp":"2026-03-12T09:00:19.871Z"}
{"created":true,"level":"info","message":"taxonomy-sync: tag ensured","slug":"accra","timestamp":"2026-03-12T09:00:19.872Z"}
{"created":true,"level":"info","message":"taxonomy-sync: tag ensured","slug":"pro-v1","timestamp":"2026-03-12T09:00:19.872Z"}
{"created":true,"level":"info","message":"taxonomy-sync: tag ensured","slug":"tp5","timestamp":"2026-03-12T09:00:19.872Z"}
{"created":true,"level":"info","message":"taxonomy-sync: tag ensured","slug":"chrome-soft","timestamp":"2026-03-12T09:00:19.872Z"}
{"created":true,"level":"info","message":"taxonomy-sync: tag ensured","slug":"z-star","timestamp":"2026-03-12T09:00:19.872Z"}
{"created":true,"level":"info","message":"taxonomy-sync: tag ensured","slug":"tour-b","timestamp":"2026-03-12T09:00:19.872Z"}
{"created":true,"level":"info","message":"taxonomy-sync: tag ensured","slug":"slice","timestamp":"2026-03-12T09:00:19.872Z"}
{"created":true,"level":"info","message":"taxonomy-sync: tag ensured","slug":"hook","timestamp":"2026-03-12T09:00:19.872Z"}
{"created":true,"level":"info","message":"taxonomy-sync: tag ensured","slug":"topping","timestamp":"2026-03-12T09:00:19.872Z"}
{"created":true,"level":"info","message":"taxonomy-sync: tag ensured","slug":"chunk","timestamp":"2026-03-12T09:00:19.872Z"}
{"created":true,"level":"info","message":"taxonomy-sync: tag ensured","slug":"putting","timestamp":"2026-03-12T09:00:19.872Z"}
{"created":true,"level":"info","message":"taxonomy-sync: tag ensured","slug":"chipping","timestamp":"2026-03-12T09:00:19.872Z"}
{"created":true,"level":"info","message":"taxonomy-sync: tag ensured","slug":"bunker","timestamp":"2026-03-12T09:00:19.872Z"}
{"created":true,"level":"info","message":"taxonomy-sync: tag ensured","slug":"hcp-0-9","timestamp":"2026-03-12T09:00:19.872Z"}
{"created":true,"level":"info","message":"taxonomy-sync: tag ensured","slug":"hcp-10-19","timestamp":"2026-03-12T09:00:19.872Z"}
{"created":true,"level":"info","message":"taxonomy-sync: tag ensured","slug":"hcp-20-36","timestamp":"2026-03-12T09:00:19.872Z"}
{"count":1,"level":"info","message":"taxonomy-sync: processing approved additions","timestamp":"2026-03-12T09:00:19.872Z"}

[90mstdout[2m | src/gates/engine.test.ts[2m > [22m[2mGate Engine[2m > [22m[2mG8 DRAFT when meta_title missing
[22m[39m{"level":"info","message":"Gate G1_KEYWORD_DEDUP: PASS","reasons":[],"timestamp":"2026-03-12T09:00:19.853Z"}
{"level":"info","message":"Gate G2_SIMILARITY: PASS","reasons":[],"timestamp":"2026-03-12T09:00:19.854Z"}
{"level":"info","message":"Gate G3_LOCAL_DOORWAY: PASS","reasons":["No local modifier"],"timestamp":"2026-03-12T09:00:19.854Z"}
{"level":"info","message":"Gate G4_FACT_CLASS: PASS","reasons":[],"timestamp":"2026-03-12T09:00:19.854Z"}
{"level":"info","message":"Gate G5_TEMPLATE: PASS","reasons":[],"timestamp":"2026-03-12T09:00:19.855Z"}
{"level":"info","message":"Gate G6_TONE: PASS","reasons":[],"timestamp":"2026-03-12T09:00:19.855Z"}
{"level":"info","message":"Gate G7_IMAGE: PASS","reasons":[],"timestamp":"2026-03-12T09:00:19.855Z"}
{"level":"info","message":"Gate G8_SEO_META: DRAFT","reasons":["Missing meta_title"],"timestamp":"2026-03-12T09:00:19.856Z"}

[90mstdout[2m | src/stages/optionb-bundle.test.ts[2m > [22m[2mTaxonomy Sync ΓÇö Approved Additions[2m > [22m[2mattempts Rank Math robots update for approved tags when key provided
[22m[39m{"level":"info","message":"taxonomy-sync: fetching existing WP categories","timestamp":"2026-03-12T09:00:19.873Z"}
{"level":"info","message":"taxonomy-sync: fetching existing WP tags","timestamp":"2026-03-12T09:00:19.873Z"}
{"created":true,"level":"info","message":"taxonomy-sync: category ensured","slug":"gay-golf","timestamp":"2026-03-12T09:00:19.873Z"}
{"created":true,"level":"info","message":"taxonomy-sync: category ensured","slug":"golf-fitting","timestamp":"2026-03-12T09:00:19.873Z"}
{"created":true,"level":"info","message":"taxonomy-sync: category ensured","slug":"hoc-golf","timestamp":"2026-03-12T09:00:19.873Z"}
{"created":true,"level":"info","message":"taxonomy-sync: category ensured","slug":"san-golf","timestamp":"2026-03-12T09:00:19.873Z"}
{"created":true,"level":"info","message":"taxonomy-sync: category ensured","slug":"shop-golf","timestamp":"2026-03-12T09:00:19.873Z"}
{"created":true,"level":"info","message":"taxonomy-sync: category ensured","slug":"luat-golf","timestamp":"2026-03-12T09:00:19.873Z"}
{"created":true,"level":"info","message":"taxonomy-sync: category ensured","slug":"golf-cong-nghe","timestamp":"2026-03-12T09:00:19.873Z"}
{"created":true,"level":"info","message":"taxonomy-sync: category ensured","slug":"chi-phi-va-van-hoa","timestamp":"2026-03-12T09:00:19.873Z"}
{"created":true,"level":"info","message":"taxonomy-sync: category ensured","slug":"suc-khoe-fitness","timestamp":"2026-03-12T09:00:19.874Z"}
{"created":true,"level":"info","message":"taxonomy-sync: category ensured","slug":"du-lich-su-kien","timestamp":"2026-03-12T09:00:19.874Z"}
{"created":true,"level":"info","message":"taxonomy-sync: tag ensured","slug":"titleist","timestamp":"2026-03-12T09:00:19.874Z"}
{"created":true,"level":"info","message":"taxonomy-sync: tag ensured","slug":"taylormade","timestamp":"2026-03-12T09:00:19.874Z"}
{"created":true,"level":"info","message":"taxonomy-sync: tag ensured","slug":"callaway","timestamp":"2026-03-12T09:00:19.874Z"}
{"created":true,"level":"info","message":"taxonomy-sync: tag ensured","slug":"ping","timestamp":"2026-03-12T09:00:19.874Z"}
{"created":true,"level":"info","message":"taxonomy-sync: tag ensured","slug":"honma","timestamp":"2026-03-12T09:00:19.874Z"}
{"created":true,"level":"info","message":"taxonomy-sync: tag ensured","slug":"mizuno","timestamp":"2026-03-12T09:00:19.874Z"}
{"created":true,"level":"info","message":"taxonomy-sync: tag ensured","slug":"srixon","timestamp":"2026-03-12T09:00:19.874Z"}
{"created":true,"level":"info","message":"taxonomy-sync: tag ensured","slug":"cobra","timestamp":"2026-03-12T09:00:19.874Z"}
{"created":true,"level":"info","message":"taxonomy-sync: tag ensured","slug":"cleveland","timestamp":"2026-03-12T09:00:19.874Z"}
{"created":true,"level":"info","message":"taxonomy-sync: tag ensured","slug":"xxio","timestamp":"2026-03-12T09:00:19.874Z"}
{"created":true,"level":"info","message":"taxonomy-sync: tag ensured","slug":"pxg","timestamp":"2026-03-12T09:00:19.874Z"}
{"created":true,"level":"info","message":"taxonomy-sync: tag ensured","slug":"fujikura","timestamp":"2026-03-12T09:00:19.875Z"}
{"created":true,"level":"info","message":"taxonomy-sync: tag ensured","slug":"graphite-design","timestamp":"2026-03-12T09:00:19.875Z"}
{"created":true,"level":"info","message":"taxonomy-sync: tag ensured","slug":"project-x","timestamp":"2026-03-12T09:00:19.875Z"}
{"created":true,"level":"info","message":"taxonomy-sync: tag ensured","slug":"kbs","timestamp":"2026-03-12T09:00:19.875Z"}
{"created":true,"level":"info","message":"taxonomy-sync: tag ensured","slug":"nippon","timestamp":"2026-03-12T09:00:19.875Z"}
{"created":true,"level":"info","message":"taxonomy-sync: tag ensured","slug":"mitsubishi","timestamp":"2026-03-12T09:00:19.875Z"}
{"created":true,"level":"info","message":"taxonomy-sync: tag ensured","slug":"ust-mamiya","timestamp":"2026-03-12T09:00:19.875Z"}
{"created":true,"level":"info","message":"taxonomy-sync: tag ensured","slug":"accra","timestamp":"2026-03-12T09:00:19.875Z"}
{"created":true,"level":"info","message":"taxonomy-sync: tag ensured","slug":"pro-v1","timestamp":"2026-03-12T09:00:19.875Z"}
{"created":true,"level":"info","message":"taxonomy-sync: tag ensured","slug":"tp5","timestamp":"2026-03-12T09:00:19.875Z"}
{"created":true,"level":"info","message":"taxonomy-sync: tag ensured","slug":"chrome-soft","timestamp":"2026-03-12T09:00:19.875Z"}
{"created":true,"level":"info","message":"taxonomy-sync: tag ensured","slug":"z-star","timestamp":"2026-03-12T09:00:19.875Z"}
{"created":true,"level":"info","message":"taxonomy-sync: tag ensured","slug":"tour-b","timestamp":"2026-03-12T09:00:19.875Z"}
{"created":true,"level":"info","message":"taxonomy-sync: tag ensured","slug":"slice","timestamp":"2026-03-12T09:00:19.875Z"}
{"created":true,"level":"info","message":"taxonomy-sync: tag ensured","slug":"hook","timestamp":"2026-03-12T09:00:19.875Z"}
{"created":true,"level":"info","message":"taxonomy-sync: tag ensured","slug":"topping","timestamp":"2026-03-12T09:00:19.875Z"}
{"created":true,"level":"info","message":"taxonomy-sync: tag ensured","slug":"chunk","timestamp":"2026-03-12T09:00:19.875Z"}
{"created":true,"level":"info","message":"taxonomy-sync: tag ensured","slug":"putting","timestamp":"2026-03-12T09:00:19.875Z"}
{"created":true,"level":"info","message":"taxonomy-sync: tag ensured","slug":"chipping","timestamp":"2026-03-12T09:00:19.875Z"}
{"created":true,"level":"info","message":"taxonomy-sync: tag ensured","slug":"bunker","timestamp":"2026-03-12T09:00:19.875Z"}
{"created":true,"level":"info","message":"taxonomy-sync: tag ensured","slug":"hcp-0-9","timestamp":"2026-03-12T09:00:19.875Z"}
{"created":true,"level":"info","message":"taxonomy-sync: tag ensured","slug":"hcp-10-19","timestamp":"2026-03-12T09:00:19.875Z"}
{"created":true,"level":"info","message":"taxonomy-sync: tag ensured","slug":"hcp-20-36","timestamp":"2026-03-12T09:00:19.875Z"}
{"count":1,"level":"info","message":"taxonomy-sync: processing approved additions","timestamp":"2026-03-12T09:00:19.875Z"}
{"group":"brand","level":"info","message":"taxonomy-sync: approved tag created","slug":"rm-test-tag","timestamp":"2026-03-12T09:00:19.875Z"}

[90mstdout[2m | src/gates/engine.test.ts[2m > [22m[2mGate Engine[2m > [22m[2mHOLD > DRAFT > PUBLISH precedence: any HOLD ΓåÆ recommendation HOLD
[22m[39m{"level":"info","message":"Gate G1_KEYWORD_DEDUP: PASS","reasons":[],"timestamp":"2026-03-12T09:00:19.865Z"}
{"level":"info","message":"Gate G2_SIMILARITY: PASS","reasons":[],"timestamp":"2026-03-12T09:00:19.865Z"}
{"level":"info","message":"Gate G3_LOCAL_DOORWAY: PASS","reasons":["No local modifier"],"timestamp":"2026-03-12T09:00:19.865Z"}
{"level":"info","message":"Gate G4_FACT_CLASS: PASS","reasons":[],"timestamp":"2026-03-12T09:00:19.865Z"}
{"level":"info","message":"Gate G5_TEMPLATE: DRAFT","reasons":["Content too short: 8 words (min 300)"],"timestamp":"2026-03-12T09:00:19.865Z"}
{"level":"info","message":"Gate G6_TONE: DRAFT","reasons":["Banned phrases detected: as an ai language model"],"timestamp":"2026-03-12T09:00:19.865Z"}
{"level":"info","message":"Gate G7_IMAGE: HOLD","reasons":["Missing featured image or alt text"],"timestamp":"2026-03-12T09:00:19.865Z"}
{"level":"info","message":"Gate G8_SEO_META: PASS","reasons":[],"timestamp":"2026-03-12T09:00:19.865Z"}

[90mstdout[2m | src/stages/optionb-bundle.test.ts[2m > [22m[2mTaxonomy Sync ΓÇö Approved Additions[2m > [22m[2mskips robots update when no Rank Math key provided
[22m[39m{"level":"info","message":"taxonomy-sync: fetching existing WP categories","timestamp":"2026-03-12T09:00:19.880Z"}
{"level":"info","message":"taxonomy-sync: fetching existing WP tags","timestamp":"2026-03-12T09:00:19.881Z"}
{"created":true,"level":"info","message":"taxonomy-sync: category ensured","slug":"gay-golf","timestamp":"2026-03-12T09:00:19.881Z"}
{"created":true,"level":"info","message":"taxonomy-sync: category ensured","slug":"golf-fitting","timestamp":"2026-03-12T09:00:19.881Z"}
{"created":true,"level":"info","message":"taxonomy-sync: category ensured","slug":"hoc-golf","timestamp":"2026-03-12T09:00:19.881Z"}
{"created":true,"level":"info","message":"taxonomy-sync: category ensured","slug":"san-golf","timestamp":"2026-03-12T09:00:19.881Z"}
{"created":true,"level":"info","message":"taxonomy-sync: category ensured","slug":"shop-golf","timestamp":"2026-03-12T09:00:19.881Z"}
{"created":true,"level":"info","message":"taxonomy-sync: category ensured","slug":"luat-golf","timestamp":"2026-03-12T09:00:19.881Z"}
{"created":true,"level":"info","message":"taxonomy-sync: category ensured","slug":"golf-cong-nghe","timestamp":"2026-03-12T09:00:19.881Z"}
{"created":true,"level":"info","message":"taxonomy-sync: category ensured","slug":"chi-phi-va-van-hoa","timestamp":"2026-03-12T09:00:19.881Z"}
{"created":true,"level":"info","message":"taxonomy-sync: category ensured","slug":"suc-khoe-fitness","timestamp":"2026-03-12T09:00:19.881Z"}
{"created":true,"level":"info","message":"taxonomy-sync: category ensured","slug":"du-lich-su-kien","timestamp":"2026-03-12T09:00:19.881Z"}
{"created":true,"level":"info","message":"taxonomy-sync: tag ensured","slug":"titleist","timestamp":"2026-03-12T09:00:19.881Z"}
{"created":true,"level":"info","message":"taxonomy-sync: tag ensured","slug":"taylormade","timestamp":"2026-03-12T09:00:19.881Z"}
{"created":true,"level":"info","message":"taxonomy-sync: tag ensured","slug":"callaway","timestamp":"2026-03-12T09:00:19.881Z"}
{"created":true,"level":"info","message":"taxonomy-sync: tag ensured","slug":"ping","timestamp":"2026-03-12T09:00:19.881Z"}
{"created":true,"level":"info","message":"taxonomy-sync: tag ensured","slug":"honma","timestamp":"2026-03-12T09:00:19.881Z"}
{"created":true,"level":"info","message":"taxonomy-sync: tag ensured","slug":"mizuno","timestamp":"2026-03-12T09:00:19.881Z"}
{"created":true,"level":"info","message":"taxonomy-sync: tag ensured","slug":"srixon","timestamp":"2026-03-12T09:00:19.881Z"}
{"created":true,"level":"info","message":"taxonomy-sync: tag ensured","slug":"cobra","timestamp":"2026-03-12T09:00:19.881Z"}
{"created":true,"level":"info","message":"taxonomy-sync: tag ensured","slug":"cleveland","timestamp":"2026-03-12T09:00:19.881Z"}
{"created":true,"level":"info","message":"taxonomy-sync: tag ensured","slug":"xxio","timestamp":"2026-03-12T09:00:19.881Z"}
{"created":true,"level":"info","message":"taxonomy-sync: tag ensured","slug":"pxg","timestamp":"2026-03-12T09:00:19.881Z"}
{"created":true,"level":"info","message":"taxonomy-sync: tag ensured","slug":"fujikura","timestamp":"2026-03-12T09:00:19.881Z"}
{"created":true,"level":"info","message":"taxonomy-sync: tag ensured","slug":"graphite-design","timestamp":"2026-03-12T09:00:19.881Z"}
{"created":true,"level":"info","message":"taxonomy-sync: tag ensured","slug":"project-x","timestamp":"2026-03-12T09:00:19.881Z"}
{"created":true,"level":"info","message":"taxonomy-sync: tag ensured","slug":"kbs","timestamp":"2026-03-12T09:00:19.881Z"}
{"created":true,"level":"info","message":"taxonomy-sync: tag ensured","slug":"nippon","timestamp":"2026-03-12T09:00:19.882Z"}
{"created":true,"level":"info","message":"taxonomy-sync: tag ensured","slug":"mitsubishi","timestamp":"2026-03-12T09:00:19.882Z"}
{"created":true,"level":"info","message":"taxonomy-sync: tag ensured","slug":"ust-mamiya","timestamp":"2026-03-12T09:00:19.882Z"}
{"created":true,"level":"info","message":"taxonomy-sync: tag ensured","slug":"accra","timestamp":"2026-03-12T09:00:19.882Z"}
{"created":true,"level":"info","message":"taxonomy-sync: tag ensured","slug":"pro-v1","timestamp":"2026-03-12T09:00:19.882Z"}
{"created":true,"level":"info","message":"taxonomy-sync: tag ensured","slug":"tp5","timestamp":"2026-03-12T09:00:19.882Z"}
{"created":true,"level":"info","message":"taxonomy-sync: tag ensured","slug":"chrome-soft","timestamp":"2026-03-12T09:00:19.882Z"}
{"created":true,"level":"info","message":"taxonomy-sync: tag ensured","slug":"z-star","timestamp":"2026-03-12T09:00:19.882Z"}
{"created":true,"level":"info","message":"taxonomy-sync: tag ensured","slug":"tour-b","timestamp":"2026-03-12T09:00:19.882Z"}
{"created":true,"level":"info","message":"taxonomy-sync: tag ensured","slug":"slice","timestamp":"2026-03-12T09:00:19.882Z"}
{"created":true,"level":"info","message":"taxonomy-sync: tag ensured","slug":"hook","timestamp":"2026-03-12T09:00:19.882Z"}
{"created":true,"level":"info","message":"taxonomy-sync: tag ensured","slug":"topping","timestamp":"2026-03-12T09:00:19.882Z"}
{"created":true,"level":"info","message":"taxonomy-sync: tag ensured","slug":"chunk","timestamp":"2026-03-12T09:00:19.882Z"}
{"created":true,"level":"info","message":"taxonomy-sync: tag ensured","slug":"putting","timestamp":"2026-03-12T09:00:19.882Z"}
{"created":true,"level":"info","message":"taxonomy-sync: tag ensured","slug":"chipping","timestamp":"2026-03-12T09:00:19.882Z"}
{"created":true,"level":"info","message":"taxonomy-sync: tag ensured","slug":"bunker","timestamp":"2026-03-12T09:00:19.882Z"}
{"created":true,"level":"info","message":"taxonomy-sync: tag ensured","slug":"hcp-0-9","timestamp":"2026-03-12T09:00:19.882Z"}
{"created":true,"level":"info","message":"taxonomy-sync: tag ensured","slug":"hcp-10-19","timestamp":"2026-03-12T09:00:19.882Z"}
{"created":true,"level":"info","message":"taxonomy-sync: tag ensured","slug":"hcp-20-36","timestamp":"2026-03-12T09:00:19.882Z"}
{"count":1,"level":"info","message":"taxonomy-sync: processing approved additions","timestamp":"2026-03-12T09:00:19.882Z"}
{"group":"brand","level":"info","message":"taxonomy-sync: approved tag created","slug":"no-rm-tag","timestamp":"2026-03-12T09:00:19.882Z"}

[90mstdout[2m | src/gates/engine.test.ts[2m > [22m[2mGate Engine[2m > [22m[2mNo HOLD + any DRAFT ΓåÆ recommendation DRAFT
[22m[39m{"level":"info","message":"Gate G1_KEYWORD_DEDUP: PASS","reasons":[],"timestamp":"2026-03-12T09:00:19.870Z"}
{"level":"info","message":"Gate G2_SIMILARITY: PASS","reasons":[],"timestamp":"2026-03-12T09:00:19.870Z"}
{"level":"info","message":"Gate G3_LOCAL_DOORWAY: PASS","reasons":["No local modifier"],"timestamp":"2026-03-12T09:00:19.870Z"}
{"level":"info","message":"Gate G4_FACT_CLASS: PASS","reasons":[],"timestamp":"2026-03-12T09:00:19.870Z"}
{"level":"info","message":"Gate G5_TEMPLATE: DRAFT","reasons":["Content too short: 9 words (min 300)"],"timestamp":"2026-03-12T09:00:19.870Z"}
{"level":"info","message":"Gate G6_TONE: DRAFT","reasons":["Banned phrases detected: as an ai language model"],"timestamp":"2026-03-12T09:00:19.870Z"}
{"level":"info","message":"Gate G7_IMAGE: PASS","reasons":[],"timestamp":"2026-03-12T09:00:19.870Z"}
{"level":"info","message":"Gate G8_SEO_META: PASS","reasons":[],"timestamp":"2026-03-12T09:00:19.870Z"}

[90mstdout[2m | src/stages/optionb-bundle.test.ts[2m > [22m[2mStage 6 Regression ΓÇö Tag Handling[2m > [22m[2mStage 6 does NOT create tags ΓÇö only attaches existing ones
[22m[39m{"has_stage3_5":false,"html_len":0,"html_trim_len":0,"level":"info","message":"Stage 6: content source pre-resolve","resolved_source":"markdown","timestamp":"2026-03-12T09:00:19.887Z"}
{"content_length":6,"content_source":"markdown","html_available":false,"level":"info","message":"Stage 6: content source resolved","timestamp":"2026-03-12T09:00:19.888Z"}
{"category_slug_final":"gay-golf","category_source":"stage5_taxonomy","level":"info","message":"Stage 6: category resolution","raw_category":"Gß║¡y Golf","timestamp":"2026-03-12T09:00:19.888Z"}
{"level":"info","message":"Stage 6: whitelisted tag not in WP ΓÇö skipped","tag":"new-tag","timestamp":"2026-03-12T09:00:19.889Z"}
{"featured_media_set":"no","image_role":"featured","level":"info","message":"Stage 6: no featured image bytes from Stage 4 ΓÇö skipping featured image","timestamp":"2026-03-12T09:00:19.889Z","wp_post_id":42}
{"image_role":"hero","level":"info","message":"Stage 6: no hero image bytes from Stage 4 ΓÇö skipping hero upload","timestamp":"2026-03-12T09:00:19.889Z","wp_post_id":42}
{"heading_count":0,"level":"info","message":"Content enrichment: < 3 H2/H3 headings ΓÇö skipping TOC","timestamp":"2026-03-12T09:00:19.890Z"}
{"final_status":"draft_wp","level":"info","message":"Stage 6: publisher complete","publish_posture":"always_draft","queue_id":"q-tag-test","tags_attached":1,"timestamp":"2026-03-12T09:00:19.891Z","wp_post_id":42,"wp_tag_not_found_count":1}

 [32mΓ£ô[39m src/gates/engine.test.ts [2m([22m[2m18 tests[22m[2m)[22m[90m 138[2mms[22m[39m
[90mstdout[2m | src/gates/tag-gate.test.ts[2m > [22m[2mrunTagGate ΓÇö whitelist intersection[2m > [22m[2mrejects non-whitelisted tags
[22m[39m{"dropped":["random-tag","invented-topic"],"dropped_count":2,"level":"info","message":"Tag gate: dropped tags","timestamp":"2026-03-12T09:00:20.000Z"}

[90mstdout[2m | src/services/json-repair.test.ts[2m > [22m[2mtryParseJsonResponse[2m > [22m[2mstrips ```json code fences and parses
[22m[39m{"head_120":"```json\n{\"outline_points\": [\"A\"], \"facts\": []}\n```","level":"warn","message":"Stage2 JSON parse error","parse_error_message":"Unexpected token '`', \"```json\n{\"\"... is not valid JSON","raw_len":50,"stage":"fast_path","tail_120":"```json\n{\"outline_points\": [\"A\"], \"facts\": []}\n```","timestamp":"2026-03-12T09:00:19.995Z"}

[90mstdout[2m | src/config/taxonomy-config-loader.test.ts[2m > [22m[2mTaxonomy Config Loader[2m > [22m[2mloads taxonomy_config.yaml from default path
[22m[39m{"exists":true,"level":"info","message":"Taxonomy config resolution","resolved_path":"E:\\Golfy_website_check\\wp-content-autopilot\\src\\config\\taxonomy_config.yaml","source":"auto_resolve","timestamp":"2026-03-12T09:00:19.992Z"}
{"approved_additions_count":0,"groups":"brand, category, topic","level":"info","max_tags_per_post":8,"message":"Taxonomy config loaded","timestamp":"2026-03-12T09:00:19.998Z","total_whitelist_tags":9,"version":"2.1"}

[90mstdout[2m | src/hardening.test.ts[2m > [22m[2mContent QA Gate ΓÇö Pre-WP Checks[2m > [22m[2mG5: detects <script> tag in content
[22m[39m{"level":"info","message":"Gate G1_KEYWORD_DEDUP: PASS","reasons":[],"timestamp":"2026-03-12T09:00:19.856Z"}
{"level":"info","message":"Gate G2_SIMILARITY: PASS","reasons":[],"timestamp":"2026-03-12T09:00:19.945Z"}
{"level":"info","message":"Gate G3_LOCAL_DOORWAY: PASS","reasons":["No local modifier"],"timestamp":"2026-03-12T09:00:19.945Z"}
{"level":"info","message":"Gate G4_FACT_CLASS: PASS","reasons":[],"timestamp":"2026-03-12T09:00:19.945Z"}
{"level":"info","message":"Gate G5_TEMPLATE: DRAFT","reasons":["Banned HTML: <script> tag detected"],"timestamp":"2026-03-12T09:00:19.946Z"}
{"level":"info","message":"Gate G6_TONE: PASS","reasons":[],"timestamp":"2026-03-12T09:00:19.946Z"}
{"level":"info","message":"Gate G7_IMAGE: PASS","reasons":[],"timestamp":"2026-03-12T09:00:19.946Z"}
{"level":"info","message":"Gate G8_SEO_META: DRAFT","reasons":["meta_title too short (13 chars, min 35)","meta_description length 79 outside 120-170 range","additional_keywords should have >= 3 items"],"timestamp":"2026-03-12T09:00:19.946Z"}

[90mstdout[2m | src/stages/optionb-bundle.test.ts[2m > [22m[2mStage 6 Regression ΓÇö Tag Handling[2m > [22m[2mStage 6 records wp_tag_not_found when tag missing from WP
[22m[39m{"has_stage3_5":false,"html_len":0,"html_trim_len":0,"level":"info","message":"Stage 6: content source pre-resolve","resolved_source":"markdown","timestamp":"2026-03-12T09:00:19.895Z"}
{"content_length":6,"content_source":"markdown","html_available":false,"level":"info","message":"Stage 6: content source resolved","timestamp":"2026-03-12T09:00:19.895Z"}
{"category_slug_final":"gay-golf","category_source":"stage5_taxonomy","level":"info","message":"Stage 6: category resolution","raw_category":"Gß║¡y Golf","timestamp":"2026-03-12T09:00:19.895Z"}
{"level":"info","message":"Stage 6: whitelisted tag not in WP ΓÇö skipped","tag":"missing-tag","timestamp":"2026-03-12T09:00:19.895Z"}
{"featured_media_set":"no","image_role":"featured","level":"info","message":"Stage 6: no featured image bytes from Stage 4 ΓÇö skipping featured image","timestamp":"2026-03-12T09:00:19.895Z","wp_post_id":43}
{"image_role":"hero","level":"info","message":"Stage 6: no hero image bytes from Stage 4 ΓÇö skipping hero upload","timestamp":"2026-03-12T09:00:19.895Z","wp_post_id":43}
{"heading_count":0,"level":"info","message":"Content enrichment: < 3 H2/H3 headings ΓÇö skipping TOC","timestamp":"2026-03-12T09:00:19.895Z"}
{"final_status":"draft_wp","level":"info","message":"Stage 6: publisher complete","publish_posture":"always_draft","queue_id":"q-tag-test","tags_attached":0,"timestamp":"2026-03-12T09:00:19.896Z","wp_post_id":43,"wp_tag_not_found_count":1}

[90mstdout[2m | src/gates/tag-gate.test.ts[2m > [22m[2mrunTagGate ΓÇö city rule[2m > [22m[2mdrops city tags when hasVerifiedLocalValue is false
[22m[39m{"dropped":["ho-chi-minh"],"dropped_count":1,"level":"info","message":"Tag gate: dropped tags","timestamp":"2026-03-12T09:00:20.006Z"}

[90mstdout[2m | src/services/json-repair.test.ts[2m > [22m[2mtryParseJsonResponse[2m > [22m[2mstrips ```JSON code fences (uppercase)
[22m[39m{"head_120":"```JSON\n{\"key\": \"value\"}\n```","level":"warn","message":"Stage2 JSON parse error","parse_error_message":"Unexpected token '`', \"```JSON\n{\"\"... is not valid JSON","raw_len":28,"stage":"fast_path","tail_120":"```JSON\n{\"key\": \"value\"}\n```","timestamp":"2026-03-12T09:00:20.000Z"}

[90mstdout[2m | src/config/taxonomy-config-loader.test.ts[2m > [22m[2mTaxonomy Config Loader[2m > [22m[2mwhitelist contains expected brand slugs
[22m[39m{"exists":true,"level":"info","message":"Taxonomy config resolution","resolved_path":"E:\\Golfy_website_check\\wp-content-autopilot\\src\\config\\taxonomy_config.yaml","source":"auto_resolve","timestamp":"2026-03-12T09:00:20.008Z"}
{"approved_additions_count":0,"groups":"brand, category, topic","level":"info","max_tags_per_post":8,"message":"Taxonomy config loaded","timestamp":"2026-03-12T09:00:20.008Z","total_whitelist_tags":9,"version":"2.1"}

[90mstdout[2m | src/hardening.test.ts[2m > [22m[2mContent QA Gate ΓÇö Pre-WP Checks[2m > [22m[2mG5: detects <iframe> tag in content
[22m[39m{"level":"info","message":"Gate G1_KEYWORD_DEDUP: PASS","reasons":[],"timestamp":"2026-03-12T09:00:19.953Z"}
{"level":"info","message":"Gate G2_SIMILARITY: PASS","reasons":[],"timestamp":"2026-03-12T09:00:19.954Z"}
{"level":"info","message":"Gate G3_LOCAL_DOORWAY: PASS","reasons":["No local modifier"],"timestamp":"2026-03-12T09:00:19.954Z"}
{"level":"info","message":"Gate G4_FACT_CLASS: PASS","reasons":[],"timestamp":"2026-03-12T09:00:19.954Z"}
{"level":"info","message":"Gate G5_TEMPLATE: DRAFT","reasons":["Banned HTML: <iframe> tag detected"],"timestamp":"2026-03-12T09:00:19.954Z"}
{"level":"info","message":"Gate G6_TONE: PASS","reasons":[],"timestamp":"2026-03-12T09:00:19.954Z"}
{"level":"info","message":"Gate G7_IMAGE: PASS","reasons":[],"timestamp":"2026-03-12T09:00:19.955Z"}
{"level":"info","message":"Gate G8_SEO_META: DRAFT","reasons":["meta_title too short (13 chars, min 35)","meta_description length 79 outside 120-170 range","additional_keywords should have >= 3 items"],"timestamp":"2026-03-12T09:00:19.955Z"}

[90mstdout[2m | src/operability.test.ts[2m > [22m[2menv-bootstrap ΓÇö dotenv auto-load[2m > [22m[2mexports printConfigPreflight function without crashing
[22m[39m=== Config Preflight ===
dotenv loaded: false
  APP_ENV: NOT SET
  SITE_BASE_URL: SET
  WP_BASE_URL: SET
  WP_API_USER: SET
  WP_APPLICATION_PASSWORD: SET
  AI_API_KEY: NOT SET
  OPENAI_API_KEY: SET
  GEMINI_API_KEY: NOT SET
  DB_PATH: NOT SET
  SERVICE_PORT: NOT SET
  LOG_LEVEL: NOT SET
  LLM_RESEARCH_PROVIDER: SET
  LLM_RESEARCH_MODEL: SET
  LLM_DRAFT_PROVIDER: SET
  LLM_DRAFT_MODEL: SET
  LLM_FINAL_PROVIDER: SET
  LLM_FINAL_MODEL: SET
  LLM_IMAGE_PROVIDER: SET
  LLM_IMAGE_MODEL: SET
  LLM_RESEARCH_GROUNDING: SET
  LLM_IMAGE_REQUIRED: SET
  GEMINI_API_MODE: NOT SET
  CRON_ENABLED: NOT SET
  CRON_SCHEDULE: NOT SET
  CRON_TIMEZONE: NOT SET
========================

 [32mΓ£ô[39m src/stages/optionb-bundle.test.ts [2m([22m[2m16 tests[22m[2m)[22m[90m 194[2mms[22m[39m
[90mstdout[2m | src/gates/tag-gate.test.ts[2m > [22m[2mrunTagGate ΓÇö priority cap[2m > [22m[2mcaps at max_tags_per_post (8)
[22m[39m{"dropped":["cleveland","xxio"],"dropped_count":2,"level":"info","message":"Tag gate: dropped tags","timestamp":"2026-03-12T09:00:20.008Z"}

[90mstdout[2m | src/services/json-repair.test.ts[2m > [22m[2mtryParseJsonResponse[2m > [22m[2mstrips ``` code fences without language tag
[22m[39m{"head_120":"```\n{\"key\": \"value\"}\n```","level":"warn","message":"Stage2 JSON parse error","parse_error_message":"Unexpected token '`', \"```\n{\"key\"\"... is not valid JSON","raw_len":24,"stage":"fast_path","tail_120":"```\n{\"key\": \"value\"}\n```","timestamp":"2026-03-12T09:00:20.001Z"}

[90mstdout[2m | src/config/taxonomy-config-loader.test.ts[2m > [22m[2mTaxonomy Config Loader[2m > [22m[2mwhitelist contains expected skill slugs
[22m[39m{"exists":true,"level":"info","message":"Taxonomy config resolution","resolved_path":"E:\\Golfy_website_check\\wp-content-autopilot\\src\\config\\taxonomy_config.yaml","source":"auto_resolve","timestamp":"2026-03-12T09:00:20.013Z"}
{"approved_additions_count":0,"groups":"brand, category, topic","level":"info","max_tags_per_post":8,"message":"Taxonomy config loaded","timestamp":"2026-03-12T09:00:20.014Z","total_whitelist_tags":9,"version":"2.1"}

[90mstdout[2m | src/hardening.test.ts[2m > [22m[2mContent QA Gate ΓÇö Pre-WP Checks[2m > [22m[2mG5: detects content below 300-word minimum
[22m[39m{"level":"info","message":"Gate G1_KEYWORD_DEDUP: PASS","reasons":[],"timestamp":"2026-03-12T09:00:19.958Z"}
{"level":"info","message":"Gate G2_SIMILARITY: PASS","reasons":[],"timestamp":"2026-03-12T09:00:19.959Z"}
{"level":"info","message":"Gate G3_LOCAL_DOORWAY: PASS","reasons":["No local modifier"],"timestamp":"2026-03-12T09:00:19.959Z"}
{"level":"info","message":"Gate G4_FACT_CLASS: PASS","reasons":[],"timestamp":"2026-03-12T09:00:19.959Z"}
{"level":"info","message":"Gate G5_TEMPLATE: DRAFT","reasons":["Content too short: 7 words (min 300)"],"timestamp":"2026-03-12T09:00:19.959Z"}
{"level":"info","message":"Gate G6_TONE: PASS","reasons":[],"timestamp":"2026-03-12T09:00:19.959Z"}
{"level":"info","message":"Gate G7_IMAGE: PASS","reasons":[],"timestamp":"2026-03-12T09:00:19.959Z"}
{"level":"info","message":"Gate G8_SEO_META: DRAFT","reasons":["meta_title too short (13 chars, min 35)","meta_description length 79 outside 120-170 range","additional_keywords should have >= 3 items"],"timestamp":"2026-03-12T09:00:19.959Z"}

 [31mΓ¥»[39m src/operability.test.ts [2m([22m[2m14 tests[22m[2m | [22m[31m5 failed[39m[2m)[22m[33m 1358[2mms[22m[39m
[31m   [31m├ù[31m POST /run ΓÇö optional body support[2m > [22m/run with keyword body enqueues a planned row[33m 1346[2mms[22m[31m[39m
[31m     ΓåÆ table publish_queue has no column named news_source_url[39m
[31m   [31m├ù[31m POST /run ΓÇö optional body support[2m > [22m/run preserves existing behavior with empty body (no keyword)[90m 1[2mms[22m[31m[39m
[31m     ΓåÆ EBUSY: resource busy or locked, unlink 'E:\Golfy_website_check\wp-content-autopilot\data\test-operability.db'[39m
[31m   [31m├ù[31m POST /run ΓÇö optional body support[2m > [22midempotency: same idempotency_key does NOT enqueue duplicate[90m 0[2mms[22m[31m[39m
[31m     ΓåÆ EBUSY: resource busy or locked, unlink 'E:\Golfy_website_check\wp-content-autopilot\data\test-operability.db'[39m
[31m   [31m├ù[31m POST /run ΓÇö optional body support[2m > [22mserver app still has POST /run route[90m 0[2mms[22m[31m[39m
[31m     ΓåÆ EBUSY: resource busy or locked, unlink 'E:\Golfy_website_check\wp-content-autopilot\data\test-operability.db'[39m
[31m   [31m├ù[31m POST /run ΓÇö optional body support[2m > [22mnormalize keyword handles Vietnamese patterns correctly[90m 1[2mms[22m[31m[39m
[31m     ΓåÆ EBUSY: resource busy or locked, unlink 'E:\Golfy_website_check\wp-content-autopilot\data\test-operability.db'[39m
[90mstdout[2m | src/gates/tag-gate.test.ts[2m > [22m[2mrunTagGate ΓÇö priority cap[2m > [22m[2mpreserves priority order: Brand > Skill > City > Format
[22m[39m{"dropped":["buying-guide"],"dropped_count":1,"level":"info","message":"Tag gate: dropped tags","timestamp":"2026-03-12T09:00:20.009Z"}

[90mstdout[2m | src/services/json-repair.test.ts[2m > [22m[2mtryParseJsonResponse[2m > [22m[2mextracts JSON from leading prose text
[22m[39m{"head_120":"Here is the research data:\n{\"outline_points\": [\"A\"]}","level":"warn","message":"Stage2 JSON parse error","parse_error_message":"Unexpected token 'H', \"Here is th\"... is not valid JSON","raw_len":52,"stage":"fast_path","tail_120":"Here is the research data:\n{\"outline_points\": [\"A\"]}","timestamp":"2026-03-12T09:00:20.002Z"}
{"head_120":"Here is the research data:\n{\"outline_points\": [\"A\"]}","level":"warn","message":"Stage2 JSON parse error","parse_error_message":"Unexpected token 'H', \"Here is th\"... is not valid JSON","raw_len":52,"stage":"strip_fences","tail_120":"Here is the research data:\n{\"outline_points\": [\"A\"]}","timestamp":"2026-03-12T09:00:20.002Z"}

[90mstdout[2m | src/config/taxonomy-config-loader.test.ts[2m > [22m[2mTaxonomy Config Loader[2m > [22m[2mwhitelist contains expected city slugs
[22m[39m{"exists":true,"level":"info","message":"Taxonomy config resolution","resolved_path":"E:\\Golfy_website_check\\wp-content-autopilot\\src\\config\\taxonomy_config.yaml","source":"auto_resolve","timestamp":"2026-03-12T09:00:20.015Z"}
{"approved_additions_count":0,"groups":"brand, category, topic","level":"info","max_tags_per_post":8,"message":"Taxonomy config loaded","timestamp":"2026-03-12T09:00:20.016Z","total_whitelist_tags":9,"version":"2.1"}

[90mstdout[2m | src/hardening.test.ts[2m > [22m[2mContent QA Gate ΓÇö Pre-WP Checks[2m > [22m[2mG5: passes with adequate content (300+ words no banned HTML)
[22m[39m{"level":"info","message":"Gate G1_KEYWORD_DEDUP: PASS","reasons":[],"timestamp":"2026-03-12T09:00:19.962Z"}
{"level":"info","message":"Gate G2_SIMILARITY: PASS","reasons":[],"timestamp":"2026-03-12T09:00:19.962Z"}
{"level":"info","message":"Gate G3_LOCAL_DOORWAY: PASS","reasons":["No local modifier"],"timestamp":"2026-03-12T09:00:19.962Z"}
{"level":"info","message":"Gate G4_FACT_CLASS: PASS","reasons":[],"timestamp":"2026-03-12T09:00:19.962Z"}
{"level":"info","message":"Gate G5_TEMPLATE: PASS","reasons":[],"timestamp":"2026-03-12T09:00:19.962Z"}
{"level":"info","message":"Gate G6_TONE: PASS","reasons":[],"timestamp":"2026-03-12T09:00:19.962Z"}
{"level":"info","message":"Gate G7_IMAGE: PASS","reasons":[],"timestamp":"2026-03-12T09:00:19.962Z"}
{"level":"info","message":"Gate G8_SEO_META: DRAFT","reasons":["meta_title too short (13 chars, min 35)","meta_description length 79 outside 120-170 range","additional_keywords should have >= 3 items"],"timestamp":"2026-03-12T09:00:19.962Z"}

[90mstdout[2m | src/gates/tag-gate.test.ts[2m > [22m[2mrunTagGate ΓÇö gated expansion[2m > [22m[2mnon-whitelist tag is always dropped (even with high planned count)
[22m[39m{"dropped":["new-brand"],"dropped_count":1,"level":"info","message":"Tag gate: dropped tags","timestamp":"2026-03-12T09:00:20.010Z"}

[90mstdout[2m | src/services/json-repair.test.ts[2m > [22m[2mtryParseJsonResponse[2m > [22m[2mextracts JSON object from trailing commentary
[22m[39m{"head_120":"{\"key\": \"val\"}\n\nI hope this helps!","level":"warn","message":"Stage2 JSON parse error","parse_error_message":"Unexpected non-whitespace character after JSON at position 16 (line 3 column 1)","raw_len":34,"stage":"fast_path","tail_120":"{\"key\": \"val\"}\n\nI hope this helps!","timestamp":"2026-03-12T09:00:20.003Z"}
{"head_120":"{\"key\": \"val\"}\n\nI hope this helps!","level":"warn","message":"Stage2 JSON parse error","parse_error_message":"Unexpected non-whitespace character after JSON at position 16 (line 3 column 1)","raw_len":34,"stage":"strip_fences","tail_120":"{\"key\": \"val\"}\n\nI hope this helps!","timestamp":"2026-03-12T09:00:20.003Z"}

[90mstdout[2m | src/config/taxonomy-config-loader.test.ts[2m > [22m[2mTaxonomy Config Loader[2m > [22m[2mwhitelist contains technology and format groups
[22m[39m{"exists":true,"level":"info","message":"Taxonomy config resolution","resolved_path":"E:\\Golfy_website_check\\wp-content-autopilot\\src\\config\\taxonomy_config.yaml","source":"auto_resolve","timestamp":"2026-03-12T09:00:20.017Z"}
{"approved_additions_count":0,"groups":"brand, category, topic","level":"info","max_tags_per_post":8,"message":"Taxonomy config loaded","timestamp":"2026-03-12T09:00:20.018Z","total_whitelist_tags":9,"version":"2.1"}

[90mstdout[2m | src/hardening.test.ts[2m > [22m[2mContent QA Gate ΓÇö Pre-WP Checks[2m > [22m[2mG6: detects expanded banned phrases ("as an artificial intelligence")
[22m[39m{"level":"info","message":"Gate G1_KEYWORD_DEDUP: PASS","reasons":[],"timestamp":"2026-03-12T09:00:19.965Z"}
{"level":"info","message":"Gate G2_SIMILARITY: PASS","reasons":[],"timestamp":"2026-03-12T09:00:19.966Z"}
{"level":"info","message":"Gate G3_LOCAL_DOORWAY: PASS","reasons":["No local modifier"],"timestamp":"2026-03-12T09:00:19.966Z"}
{"level":"info","message":"Gate G4_FACT_CLASS: PASS","reasons":[],"timestamp":"2026-03-12T09:00:19.966Z"}
{"level":"info","message":"Gate G5_TEMPLATE: PASS","reasons":[],"timestamp":"2026-03-12T09:00:19.966Z"}
{"level":"info","message":"Gate G6_TONE: DRAFT","reasons":["Banned phrases detected: as an artificial intelligence"],"timestamp":"2026-03-12T09:00:19.966Z"}
{"level":"info","message":"Gate G7_IMAGE: PASS","reasons":[],"timestamp":"2026-03-12T09:00:19.966Z"}
{"level":"info","message":"Gate G8_SEO_META: DRAFT","reasons":["meta_title too short (13 chars, min 35)","meta_description length 79 outside 120-170 range","additional_keywords should have >= 3 items"],"timestamp":"2026-03-12T09:00:19.966Z"}

[90mstdout[2m | src/gates/tag-gate.test.ts[2m > [22m[2mrunTagGate ΓÇö gated expansion[2m > [22m[2mnon-whitelist tag without planned count is dropped
[22m[39m{"dropped":["unknown-tag"],"dropped_count":1,"level":"info","message":"Tag gate: dropped tags","timestamp":"2026-03-12T09:00:20.011Z"}

[90mstdout[2m | src/services/json-repair.test.ts[2m > [22m[2mtryParseJsonResponse[2m > [22m[2mextracts JSON array from prose
[22m[39m{"head_120":"The results are:\n[{\"a\": 1}, {\"a\": 2}]\nEnd.","level":"warn","message":"Stage2 JSON parse error","parse_error_message":"Unexpected token 'T', \"The result\"... is not valid JSON","raw_len":42,"stage":"fast_path","tail_120":"The results are:\n[{\"a\": 1}, {\"a\": 2}]\nEnd.","timestamp":"2026-03-12T09:00:20.004Z"}
{"head_120":"The results are:\n[{\"a\": 1}, {\"a\": 2}]\nEnd.","level":"warn","message":"Stage2 JSON parse error","parse_error_message":"Unexpected token 'T', \"The result\"... is not valid JSON","raw_len":42,"stage":"strip_fences","tail_120":"The results are:\n[{\"a\": 1}, {\"a\": 2}]\nEnd.","timestamp":"2026-03-12T09:00:20.004Z"}

[90mstdout[2m | src/config/taxonomy-config-loader.test.ts[2m > [22m[2mTaxonomy Config Loader[2m > [22m[2mflatWhitelist is the union of all groups
[22m[39m{"exists":true,"level":"info","message":"Taxonomy config resolution","resolved_path":"E:\\Golfy_website_check\\wp-content-autopilot\\src\\config\\taxonomy_config.yaml","source":"auto_resolve","timestamp":"2026-03-12T09:00:20.020Z"}
{"approved_additions_count":0,"groups":"brand, category, topic","level":"info","max_tags_per_post":8,"message":"Taxonomy config loaded","timestamp":"2026-03-12T09:00:20.020Z","total_whitelist_tags":9,"version":"2.1"}

[90mstdout[2m | src/hardening.test.ts[2m > [22m[2mContent QA Gate ΓÇö Pre-WP Checks[2m > [22m[2mG8: rejects slug with uppercase or special chars
[22m[39m{"level":"info","message":"Gate G1_KEYWORD_DEDUP: PASS","reasons":[],"timestamp":"2026-03-12T09:00:19.970Z"}
{"level":"info","message":"Gate G2_SIMILARITY: PASS","reasons":[],"timestamp":"2026-03-12T09:00:19.970Z"}
{"level":"info","message":"Gate G3_LOCAL_DOORWAY: PASS","reasons":["No local modifier"],"timestamp":"2026-03-12T09:00:19.970Z"}
{"level":"info","message":"Gate G4_FACT_CLASS: PASS","reasons":[],"timestamp":"2026-03-12T09:00:19.970Z"}
{"level":"info","message":"Gate G5_TEMPLATE: PASS","reasons":[],"timestamp":"2026-03-12T09:00:19.970Z"}
{"level":"info","message":"Gate G6_TONE: PASS","reasons":[],"timestamp":"2026-03-12T09:00:19.970Z"}
{"level":"info","message":"Gate G7_IMAGE: PASS","reasons":[],"timestamp":"2026-03-12T09:00:19.971Z"}
{"level":"info","message":"Gate G8_SEO_META: DRAFT","reasons":["meta_title too short (13 chars, min 35)","meta_description length 79 outside 120-170 range","suggested_slug not valid kebab-case","additional_keywords should have >= 3 items"],"timestamp":"2026-03-12T09:00:19.971Z"}

[90mstdout[2m | src/gates/tag-gate.test.ts[2m > [22m[2mrunTagGate ΓÇö edge cases[2m > [22m[2mall tags dropped ΓåÆ includes tag_policy_drop_nonwhitelist reason
[22m[39m{"dropped":["fake-tag-1","fake-tag-2"],"dropped_count":2,"level":"info","message":"Tag gate: dropped tags","timestamp":"2026-03-12T09:00:20.012Z"}

[90mstdout[2m | src/services/json-repair.test.ts[2m > [22m[2mtryParseJsonResponse[2m > [22m[2mreturns ok:false with excerpt on totally invalid input
[22m[39m{"head_120":"This is just plain text with no JSON at all.","level":"warn","message":"Stage2 JSON parse error","parse_error_message":"Unexpected token 'T', \"This is ju\"... is not valid JSON","raw_len":44,"stage":"fast_path","tail_120":"This is just plain text with no JSON at all.","timestamp":"2026-03-12T09:00:20.005Z"}
{"head_120":"This is just plain text with no JSON at all.","level":"warn","message":"Stage2 JSON parse error","parse_error_message":"Unexpected token 'T', \"This is ju\"... is not valid JSON","raw_len":44,"stage":"strip_fences","tail_120":"This is just plain text with no JSON at all.","timestamp":"2026-03-12T09:00:20.006Z"}

[90mstdout[2m | src/config/taxonomy-config-loader.test.ts[2m > [22m[2mTaxonomy Config Loader[2m > [22m[2mmaxTagsPerPost is 8
[22m[39m{"exists":true,"level":"info","message":"Taxonomy config resolution","resolved_path":"E:\\Golfy_website_check\\wp-content-autopilot\\src\\config\\taxonomy_config.yaml","source":"auto_resolve","timestamp":"2026-03-12T09:00:20.021Z"}
{"approved_additions_count":0,"groups":"brand, category, topic","level":"info","max_tags_per_post":8,"message":"Taxonomy config loaded","timestamp":"2026-03-12T09:00:20.021Z","total_whitelist_tags":9,"version":"2.1"}

[90mstdout[2m | src/hardening.test.ts[2m > [22m[2mContent QA Gate ΓÇö Pre-WP Checks[2m > [22m[2mG8: rejects slug > 75 chars
[22m[39m{"level":"info","message":"Gate G1_KEYWORD_DEDUP: PASS","reasons":[],"timestamp":"2026-03-12T09:00:19.975Z"}
{"level":"info","message":"Gate G2_SIMILARITY: PASS","reasons":[],"timestamp":"2026-03-12T09:00:19.975Z"}
{"level":"info","message":"Gate G3_LOCAL_DOORWAY: PASS","reasons":["No local modifier"],"timestamp":"2026-03-12T09:00:19.975Z"}
{"level":"info","message":"Gate G4_FACT_CLASS: PASS","reasons":[],"timestamp":"2026-03-12T09:00:19.975Z"}
{"level":"info","message":"Gate G5_TEMPLATE: PASS","reasons":[],"timestamp":"2026-03-12T09:00:19.975Z"}
{"level":"info","message":"Gate G6_TONE: PASS","reasons":[],"timestamp":"2026-03-12T09:00:19.975Z"}
{"level":"info","message":"Gate G7_IMAGE: PASS","reasons":[],"timestamp":"2026-03-12T09:00:19.975Z"}
{"level":"info","message":"Gate G8_SEO_META: DRAFT","reasons":["meta_title too short (13 chars, min 35)","meta_description length 79 outside 120-170 range","suggested_slug too long (81 chars, max 75)","additional_keywords should have >= 3 items"],"timestamp":"2026-03-12T09:00:19.975Z"}

[90mstdout[2m | src/gates/tag-gate.test.ts[2m > [22m[2mrunTagGate ΓÇö edge cases[2m > [22m[2mmixed whitelisted and non-whitelisted tags
[22m[39m{"dropped":["unknown-brand","random-skill"],"dropped_count":2,"level":"info","message":"Tag gate: dropped tags","timestamp":"2026-03-12T09:00:20.013Z"}

[90mstdout[2m | src/services/json-repair.test.ts[2m > [22m[2mtryParseJsonResponse[2m > [22m[2mreturns ok:false with excerpt on malformed JSON
[22m[39m{"head_120":"{\"unclosed\": \"value","level":"warn","message":"Stage2 JSON parse error","parse_error_message":"Unterminated string in JSON at position 19 (line 1 column 20)","raw_len":19,"stage":"fast_path","tail_120":"{\"unclosed\": \"value","timestamp":"2026-03-12T09:00:20.006Z"}
{"head_120":"{\"unclosed\": \"value","level":"warn","message":"Stage2 JSON parse error","parse_error_message":"Unterminated string in JSON at position 19 (line 1 column 20)","raw_len":19,"stage":"strip_fences","tail_120":"{\"unclosed\": \"value","timestamp":"2026-03-12T09:00:20.006Z"}
{"depth_remaining":1,"level":"warn","message":"likely_truncated_json","raw_len":19,"tail_120":"{\"unclosed\": \"value","timestamp":"2026-03-12T09:00:20.006Z"}

[90mstdout[2m | src/config/taxonomy-config-loader.test.ts[2m > [22m[2mTaxonomy Config Loader[2m > [22m[2marchive policy default is set
[22m[39m{"exists":true,"level":"info","message":"Taxonomy config resolution","resolved_path":"E:\\Golfy_website_check\\wp-content-autopilot\\src\\config\\taxonomy_config.yaml","source":"auto_resolve","timestamp":"2026-03-12T09:00:20.021Z"}
{"approved_additions_count":0,"groups":"brand, category, topic","level":"info","max_tags_per_post":8,"message":"Taxonomy config loaded","timestamp":"2026-03-12T09:00:20.022Z","total_whitelist_tags":9,"version":"2.1"}

[90mstdout[2m | src/hardening.test.ts[2m > [22m[2mContent QA Gate ΓÇö Pre-WP Checks[2m > [22m[2mG8: rejects slug with double hyphens
[22m[39m{"level":"info","message":"Gate G1_KEYWORD_DEDUP: PASS","reasons":[],"timestamp":"2026-03-12T09:00:19.979Z"}
{"level":"info","message":"Gate G2_SIMILARITY: PASS","reasons":[],"timestamp":"2026-03-12T09:00:19.979Z"}
{"level":"info","message":"Gate G3_LOCAL_DOORWAY: PASS","reasons":["No local modifier"],"timestamp":"2026-03-12T09:00:19.979Z"}
{"level":"info","message":"Gate G4_FACT_CLASS: PASS","reasons":[],"timestamp":"2026-03-12T09:00:19.980Z"}
{"level":"info","message":"Gate G5_TEMPLATE: PASS","reasons":[],"timestamp":"2026-03-12T09:00:19.980Z"}
{"level":"info","message":"Gate G6_TONE: PASS","reasons":[],"timestamp":"2026-03-12T09:00:19.980Z"}
{"level":"info","message":"Gate G7_IMAGE: PASS","reasons":[],"timestamp":"2026-03-12T09:00:19.980Z"}
{"level":"info","message":"Gate G8_SEO_META: DRAFT","reasons":["meta_title too short (13 chars, min 35)","meta_description length 79 outside 120-170 range","suggested_slug not valid kebab-case","suggested_slug contains double hyphens","additional_keywords should have >= 3 items"],"timestamp":"2026-03-12T09:00:19.980Z"}

 [32mΓ£ô[39m src/gates/tag-gate.test.ts [2m([22m[2m22 tests[22m[2m)[22m[90m 26[2mms[22m[39m
[90mstdout[2m | src/services/json-repair.test.ts[2m > [22m[2mtryParseJsonResponse[2m > [22m[2mexcerpt is bounded to 500 chars max
[22m[39m{"head_120":"xxxxxxxxxxxxxxxxxxxxxxxxxxxxxxxxxxxxxxxxxxxxxxxxxxxxxxxxxxxxxxxxxxxxxxxxxxxxxxxxxxxxxxxxxxxxxxxxxxxxxxxxxxxxxxxxxxxxxxxx","level":"warn","message":"Stage2 JSON parse error","parse_error_message":"Unexpected token 'x', \"xxxxxxxxxx\"... is not valid JSON","raw_len":1000,"stage":"fast_path","tail_120":"xxxxxxxxxxxxxxxxxxxxxxxxxxxxxxxxxxxxxxxxxxxxxxxxxxxxxxxxxxxxxxxxxxxxxxxxxxxxxxxxxxxxxxxxxxxxxxxxxxxxxxxxxxxxxxxxxxxxxxxx","timestamp":"2026-03-12T09:00:20.007Z"}
{"head_120":"xxxxxxxxxxxxxxxxxxxxxxxxxxxxxxxxxxxxxxxxxxxxxxxxxxxxxxxxxxxxxxxxxxxxxxxxxxxxxxxxxxxxxxxxxxxxxxxxxxxxxxxxxxxxxxxxxxxxxxxx","level":"warn","message":"Stage2 JSON parse error","parse_error_message":"Unexpected token 'x', \"xxxxxxxxxx\"... is not valid JSON","raw_len":1000,"stage":"strip_fences","tail_120":"xxxxxxxxxxxxxxxxxxxxxxxxxxxxxxxxxxxxxxxxxxxxxxxxxxxxxxxxxxxxxxxxxxxxxxxxxxxxxxxxxxxxxxxxxxxxxxxxxxxxxxxxxxxxxxxxxxxxxxxx","timestamp":"2026-03-12T09:00:20.007Z"}

[90mstdout[2m | src/config/taxonomy-config-loader.test.ts[2m > [22m[2mTaxonomy Config Loader[2m > [22m[2mparses approved_additions entries with slug+group
[22m[39m{"exists":true,"level":"info","message":"Taxonomy config resolution","resolved_path":"C:\\Users\\longl\\AppData\\Local\\Temp\\test-taxonomy-approved-1773306020022.yaml","source":"explicit_arg","timestamp":"2026-03-12T09:00:20.023Z"}
{"approved_additions_count":1,"groups":"brand","level":"info","max_tags_per_post":8,"message":"Taxonomy config loaded","timestamp":"2026-03-12T09:00:20.023Z","total_whitelist_tags":1,"version":"2.1"}

[90mstdout[2m | src/hardening.test.ts[2m > [22m[2mContent QA Gate ΓÇö Pre-WP Checks[2m > [22m[2mG8: valid kebab-case slug passes
[22m[39m{"level":"info","message":"Gate G1_KEYWORD_DEDUP: PASS","reasons":[],"timestamp":"2026-03-12T09:00:19.984Z"}
{"level":"info","message":"Gate G2_SIMILARITY: PASS","reasons":[],"timestamp":"2026-03-12T09:00:19.985Z"}
{"level":"info","message":"Gate G3_LOCAL_DOORWAY: PASS","reasons":["No local modifier"],"timestamp":"2026-03-12T09:00:19.985Z"}
{"level":"info","message":"Gate G4_FACT_CLASS: PASS","reasons":[],"timestamp":"2026-03-12T09:00:19.985Z"}
{"level":"info","message":"Gate G5_TEMPLATE: PASS","reasons":[],"timestamp":"2026-03-12T09:00:19.985Z"}
{"level":"info","message":"Gate G6_TONE: PASS","reasons":[],"timestamp":"2026-03-12T09:00:19.990Z"}
{"level":"info","message":"Gate G7_IMAGE: PASS","reasons":[],"timestamp":"2026-03-12T09:00:19.990Z"}
{"level":"info","message":"Gate G8_SEO_META: DRAFT","reasons":["meta_title too short (13 chars, min 35)","meta_description length 79 outside 120-170 range","additional_keywords should have >= 3 items"],"timestamp":"2026-03-12T09:00:19.990Z"}

[90mstdout[2m | src/services/json-repair.test.ts[2m > [22m[2mtryParseJsonResponse[2m > [22m[2mhandles complex nested JSON inside code fences
[22m[39m{"head_120":"```json\n{\n  \"outline_points\": [\"Introduction\", \"History\", \"Technique\", \"FAQ\"],\n  \"facts\": [\n    {\"claim\": \"Golf originat","level":"warn","message":"Stage2 JSON parse error","parse_error_message":"Unexpected token '`', \"```json\n{\n\"... is not valid JSON","raw_len":426,"stage":"fast_path","tail_120":"ap: A measure of a golfer's ability\"],\n  \"unknowns\": [],\n  \"citations_required\": true,\n  \"citations_present\": true\n}\n```","timestamp":"2026-03-12T09:00:20.008Z"}

[90mstdout[2m | src/config/taxonomy-config-loader.test.ts[2m > [22m[2mTaxonomy Config Loader[2m > [22m[2mgetTagGroup returns correct group
[22m[39m{"exists":true,"level":"info","message":"Taxonomy config resolution","resolved_path":"E:\\Golfy_website_check\\wp-content-autopilot\\src\\config\\taxonomy_config.yaml","source":"auto_resolve","timestamp":"2026-03-12T09:00:20.025Z"}
{"approved_additions_count":0,"groups":"brand, category, topic","level":"info","max_tags_per_post":8,"message":"Taxonomy config loaded","timestamp":"2026-03-12T09:00:20.025Z","total_whitelist_tags":9,"version":"2.1"}

[90mstdout[2m | src/hardening.test.ts[2m > [22m[2mschema_version Contract[2m > [22m[2mall gate results maintain schema compatibility
[22m[39m{"level":"info","message":"Gate G1_KEYWORD_DEDUP: PASS","reasons":[],"timestamp":"2026-03-12T09:00:20.000Z"}
{"level":"info","message":"Gate G2_SIMILARITY: PASS","reasons":[],"timestamp":"2026-03-12T09:00:20.000Z"}
{"level":"info","message":"Gate G3_LOCAL_DOORWAY: PASS","reasons":["No local modifier"],"timestamp":"2026-03-12T09:00:20.000Z"}
{"level":"info","message":"Gate G4_FACT_CLASS: PASS","reasons":[],"timestamp":"2026-03-12T09:00:20.000Z"}
{"level":"info","message":"Gate G5_TEMPLATE: PASS","reasons":[],"timestamp":"2026-03-12T09:00:20.001Z"}
{"level":"info","message":"Gate G6_TONE: PASS","reasons":[],"timestamp":"2026-03-12T09:00:20.001Z"}
{"level":"info","message":"Gate G7_IMAGE: PASS","reasons":[],"timestamp":"2026-03-12T09:00:20.001Z"}
{"level":"info","message":"Gate G8_SEO_META: DRAFT","reasons":["meta_title too short (13 chars, min 35)","meta_description length 79 outside 120-170 range","additional_keywords should have >= 3 items"],"timestamp":"2026-03-12T09:00:20.001Z"}

[90mstdout[2m | src/services/json-repair.test.ts[2m > [22m[2mtryParseJsonResponse[2m > [22m[2mhandles empty string input
[22m[39m{"head_120":"","level":"warn","message":"Stage2 JSON parse error","parse_error_message":"Unexpected end of JSON input","raw_len":0,"stage":"fast_path","tail_120":"","timestamp":"2026-03-12T09:00:20.010Z"}
{"head_120":"","level":"warn","message":"Stage2 JSON parse error","parse_error_message":"Unexpected end of JSON input","raw_len":0,"stage":"strip_fences","tail_120":"","timestamp":"2026-03-12T09:00:20.010Z"}

[90mstdout[2m | src/config/taxonomy-config-loader.test.ts[2m > [22m[2mTaxonomy Config Loader[2m > [22m[2mgetTagGroup returns null for unknown slug
[22m[39m{"exists":true,"level":"info","message":"Taxonomy config resolution","resolved_path":"E:\\Golfy_website_check\\wp-content-autopilot\\src\\config\\taxonomy_config.yaml","source":"auto_resolve","timestamp":"2026-03-12T09:00:20.027Z"}
{"approved_additions_count":0,"groups":"brand, category, topic","level":"info","max_tags_per_post":8,"message":"Taxonomy config loaded","timestamp":"2026-03-12T09:00:20.027Z","total_whitelist_tags":9,"version":"2.1"}

[90mstdout[2m | src/hardening.test.ts[2m > [22m[2mTaxonomy/SEO Consistency[2m > [22m[2mALWAYS-DRAFT posture: gate recommendation maps correctly
[22m[39m{"level":"info","message":"Gate G1_KEYWORD_DEDUP: PASS","reasons":[],"timestamp":"2026-03-12T09:00:20.032Z"}
{"level":"info","message":"Gate G2_SIMILARITY: PASS","reasons":[],"timestamp":"2026-03-12T09:00:20.033Z"}
{"level":"info","message":"Gate G3_LOCAL_DOORWAY: PASS","reasons":["No local modifier"],"timestamp":"2026-03-12T09:00:20.033Z"}
{"level":"info","message":"Gate G4_FACT_CLASS: PASS","reasons":[],"timestamp":"2026-03-12T09:00:20.033Z"}
{"level":"info","message":"Gate G5_TEMPLATE: PASS","reasons":[],"timestamp":"2026-03-12T09:00:20.033Z"}
{"level":"info","message":"Gate G6_TONE: PASS","reasons":[],"timestamp":"2026-03-12T09:00:20.033Z"}
{"level":"info","message":"Gate G7_IMAGE: PASS","reasons":[],"timestamp":"2026-03-12T09:00:20.033Z"}
{"level":"info","message":"Gate G8_SEO_META: DRAFT","reasons":["meta_title too short (13 chars, min 35)","meta_description length 79 outside 120-170 range","additional_keywords should have >= 3 items"],"timestamp":"2026-03-12T09:00:20.033Z"}

[90mstdout[2m | src/services/json-repair.test.ts[2m > [22m[2mtryParseJsonResponse[2m > [22m[2mhandles whitespace-only input
[22m[39m{"head_120":"   \n\n   ","level":"warn","message":"Stage2 JSON parse error","parse_error_message":"Unexpected end of JSON input","raw_len":8,"stage":"fast_path","tail_120":"   \n\n   ","timestamp":"2026-03-12T09:00:20.010Z"}
{"head_120":"","level":"warn","message":"Stage2 JSON parse error","parse_error_message":"Unexpected end of JSON input","raw_len":0,"stage":"strip_fences","tail_120":"","timestamp":"2026-03-12T09:00:20.010Z"}

[90mstdout[2m | src/config/taxonomy-config-loader.test.ts[2m > [22m[2mTaxonomy Config Loader[2m > [22m[2mthrows on missing file
[22m[39m{"exists":false,"level":"info","message":"Taxonomy config resolution","resolved_path":"/nonexistent/path/config.yaml","source":"explicit_arg","timestamp":"2026-03-12T09:00:20.028Z"}

[90mstdout[2m | src/hardening.test.ts[2m > [22m[2mTaxonomy/SEO Consistency[2m > [22m[2mrobots_decision is only index,follow or noindex,follow
[22m[39m{"level":"info","message":"Gate G1_KEYWORD_DEDUP: PASS","reasons":[],"timestamp":"2026-03-12T09:00:20.036Z"}
{"level":"info","message":"Gate G2_SIMILARITY: PASS","reasons":[],"timestamp":"2026-03-12T09:00:20.036Z"}
{"level":"info","message":"Gate G3_LOCAL_DOORWAY: PASS","reasons":["No local modifier"],"timestamp":"2026-03-12T09:00:20.036Z"}
{"level":"info","message":"Gate G4_FACT_CLASS: PASS","reasons":[],"timestamp":"2026-03-12T09:00:20.036Z"}
{"level":"info","message":"Gate G5_TEMPLATE: PASS","reasons":[],"timestamp":"2026-03-12T09:00:20.036Z"}
{"level":"info","message":"Gate G6_TONE: PASS","reasons":[],"timestamp":"2026-03-12T09:00:20.036Z"}
{"level":"info","message":"Gate G7_IMAGE: PASS","reasons":[],"timestamp":"2026-03-12T09:00:20.036Z"}
{"level":"info","message":"Gate G8_SEO_META: DRAFT","reasons":["meta_title too short (13 chars, min 35)","meta_description length 79 outside 120-170 range","additional_keywords should have >= 3 items"],"timestamp":"2026-03-12T09:00:20.036Z"}

[90mstdout[2m | src/services/json-repair.test.ts[2m > [22m[2mtryParseJsonResponse[2m > [22m[2mextracts JSON from trailing prose via brace-match (not lastIndexOf)
[22m[39m{"head_120":"{\"key\": \"value\", \"nested\": {\"a\": 1}} This is commentary with a closing } brace.","level":"warn","message":"Stage2 JSON parse error","parse_error_message":"Unexpected non-whitespace character after JSON at position 37 (line 1 column 38)","raw_len":79,"stage":"fast_path","tail_120":"{\"key\": \"value\", \"nested\": {\"a\": 1}} This is commentary with a closing } brace.","timestamp":"2026-03-12T09:00:20.011Z"}
{"head_120":"{\"key\": \"value\", \"nested\": {\"a\": 1}} This is commentary with a closing } brace.","level":"warn","message":"Stage2 JSON parse error","parse_error_message":"Unexpected non-whitespace character after JSON at position 37 (line 1 column 38)","raw_len":79,"stage":"strip_fences","tail_120":"{\"key\": \"value\", \"nested\": {\"a\": 1}} This is commentary with a closing } brace.","timestamp":"2026-03-12T09:00:20.011Z"}

[90mstdout[2m | src/config/taxonomy-config-loader.test.ts[2m > [22m[2mTaxonomy Config Loader[2m > [22m[2mthrows on invalid YAML (missing version)
[22m[39m{"exists":true,"level":"info","message":"Taxonomy config resolution","resolved_path":"C:\\Users\\longl\\AppData\\Local\\Temp\\test-taxonomy-1773306020029.yaml","source":"explicit_arg","timestamp":"2026-03-12T09:00:20.029Z"}

 [31mΓ¥»[39m src/hardening.test.ts [2m([22m[2m30 tests[22m[2m | [22m[31m2 failed[39m[2m)[22m[90m 200[2mms[22m[39m
[31m   [31m├ù[31m No New Public Endpoint Regression[2m > [22mapp has ONLY the 4 allowed routes[90m 19[2mms[22m[31m[39m
[31m     ΓåÆ expected [ '/health', '/status', ΓÇª(2) ] to include '/ingest-news'[39m
[31m   [31m├ù[31m No New Public Endpoint Regression[2m > [22mno unexpected routes exist[90m 6[2mms[22m[31m[39m
[31m     ΓåÆ expected [ '/ingest-news' ] to have a length of +0 but got 1[39m
[90mstdout[2m | src/services/json-repair.test.ts[2m > [22m[2mtryParseJsonResponse[2m > [22m[2mhandles truncated JSON (missing closing }) via brace-match
[22m[39m{"head_120":"{\"outline_points\": [\"A\", \"B\"], \"facts\": [{\"claim\": \"test\"","level":"warn","message":"Stage2 JSON parse error","parse_error_message":"Expected ',' or '}' after property value in JSON at position 57 (line 1 column 58)","raw_len":57,"stage":"fast_path","tail_120":"{\"outline_points\": [\"A\", \"B\"], \"facts\": [{\"claim\": \"test\"","timestamp":"2026-03-12T09:00:20.011Z"}
{"head_120":"{\"outline_points\": [\"A\", \"B\"], \"facts\": [{\"claim\": \"test\"","level":"warn","message":"Stage2 JSON parse error","parse_error_message":"Expected ',' or '}' after property value in JSON at position 57 (line 1 column 58)","raw_len":57,"stage":"strip_fences","tail_120":"{\"outline_points\": [\"A\", \"B\"], \"facts\": [{\"claim\": \"test\"","timestamp":"2026-03-12T09:00:20.011Z"}
{"depth_remaining":3,"level":"warn","message":"likely_truncated_json","raw_len":57,"tail_120":"{\"outline_points\": [\"A\", \"B\"], \"facts\": [{\"claim\": \"test\"","timestamp":"2026-03-12T09:00:20.011Z"}

[90mstdout[2m | src/config/taxonomy-config-loader.test.ts[2m > [22m[2mTaxonomy Config Loader[2m > [22m[2mthrows on missing tag_whitelist
[22m[39m{"exists":true,"level":"info","message":"Taxonomy config resolution","resolved_path":"C:\\Users\\longl\\AppData\\Local\\Temp\\test-taxonomy-1773306020030.yaml","source":"explicit_arg","timestamp":"2026-03-12T09:00:20.030Z"}

[90mstdout[2m | src/services/json-repair.test.ts[2m > [22m[2mextractJsonByBraceMatch[2m > [22m[2mreturns null for truncated JSON (missing closing brace)
[22m[39m{"depth_remaining":2,"level":"warn","message":"likely_truncated_json","raw_len":34,"tail_120":"{\"key\": \"value\", \"nested\": {\"a\": 1","timestamp":"2026-03-12T09:00:20.017Z"}

[90mstdout[2m | src/config/taxonomy-config-loader.test.ts[2m > [22m[2mTaxonomy Config Loader[2m > [22m[2mcaches config on subsequent calls
[22m[39m{"exists":true,"level":"info","message":"Taxonomy config resolution","resolved_path":"E:\\Golfy_website_check\\wp-content-autopilot\\src\\config\\taxonomy_config.yaml","source":"auto_resolve","timestamp":"2026-03-12T09:00:20.031Z"}
{"approved_additions_count":0,"groups":"brand, category, topic","level":"info","max_tags_per_post":8,"message":"Taxonomy config loaded","timestamp":"2026-03-12T09:00:20.031Z","total_whitelist_tags":9,"version":"2.1"}

 [32mΓ£ô[39m src/services/json-repair.test.ts [2m([22m[2m41 tests[22m[2m)[22m[90m 31[2mms[22m[39m
[90mstdout[2m | src/services/internal-links.test.ts[2m > [22m[2mT-10 ΓÇö Stage 3 strips unknown hrefs[2m > [22m[2mstrips <a> tags with hrefs not in sitemap snippet
[22m[39m{"level":"info","message":"Stage 3: draft complete","queue_id":"q-internal-links","timestamp":"2026-03-12T09:00:22.216Z"}

[90mstdout[2m | src/config/taxonomy-config-loader.test.ts[2m > [22m[2mTEST-TAX-001: Taxonomy config resolution in dist mode[2m > [22m[2mloads config successfully via resolveTaxonomyConfigPath (simulated dist)
[22m[39m{"exists":true,"level":"info","message":"Taxonomy config resolution","resolved_path":"E:\\Golfy_website_check\\wp-content-autopilot\\src\\config\\taxonomy_config.yaml","source":"env_var","timestamp":"2026-03-12T09:00:20.033Z"}
{"approved_additions_count":0,"groups":"brand, category, topic","level":"info","max_tags_per_post":8,"message":"Taxonomy config loaded","timestamp":"2026-03-12T09:00:20.034Z","total_whitelist_tags":9,"version":"2.1"}

[90mstdout[2m | src/services/internal-links.test.ts[2m > [22m[2mT-10 ΓÇö Stage 3 strips unknown hrefs[2m > [22m[2mdoes not strip links when no sitemap snippet provided
[22m[39m{"level":"info","message":"Stage 3: draft complete","queue_id":"q-internal-links","timestamp":"2026-03-12T09:00:22.225Z"}

[90mstdout[2m | src/config/taxonomy-config-loader.test.ts[2m > [22m[2mTEST-TAX-001: Taxonomy config resolution in dist mode[2m > [22m[2merror message is actionable when config is truly missing
[22m[39m{"exists":false,"level":"info","message":"Taxonomy config resolution","resolved_path":"/tmp/nonexistent/taxonomy_config.yaml","source":"explicit_arg","timestamp":"2026-03-12T09:00:20.034Z"}

[90mstdout[2m | src/services/internal-links.test.ts[2m > [22m[2mT-10 ΓÇö Stage 3 strips unknown hrefs[2m > [22m[2mhandles content with no <a> tags gracefully
[22m[39m{"level":"info","message":"Stage 3: draft complete","queue_id":"q-internal-links","timestamp":"2026-03-12T09:00:22.230Z"}

 [31mΓ¥»[39m src/config/taxonomy-config-loader.test.ts [2m([22m[2m21 tests[22m[2m | [22m[31m6 failed[39m[2m)[22m[90m 46[2mms[22m[39m
[31m   [31m├ù[31m Taxonomy Config Loader[2m > [22mloads taxonomy_config.yaml from default path[90m 18[2mms[22m[31m[39m
[31m     ΓåÆ expected 0 to be greater than 0[39m
[31m   [31m├ù[31m Taxonomy Config Loader[2m > [22mwhitelist contains expected brand slugs[90m 6[2mms[22m[31m[39m
[31m     ΓåÆ expected false to be true // Object.is equality[39m
[31m   [31m├ù[31m Taxonomy Config Loader[2m > [22mwhitelist contains expected skill slugs[90m 2[2mms[22m[31m[39m
[31m     ΓåÆ expected undefined to be defined[39m
[31m   [31m├ù[31m Taxonomy Config Loader[2m > [22mwhitelist contains expected city slugs[90m 2[2mms[22m[31m[39m
[31m     ΓåÆ expected false to be true // Object.is equality[39m
[31m   [31m├ù[31m Taxonomy Config Loader[2m > [22mwhitelist contains technology and format groups[90m 2[2mms[22m[31m[39m
[31m     ΓåÆ expected false to be true // Object.is equality[39m
[31m   [31m├ù[31m Taxonomy Config Loader[2m > [22mgetTagGroup returns correct group[90m 2[2mms[22m[31m[39m
[31m     ΓåÆ expected null to be 'brand' // Object.is equality[39m
 [32mΓ£ô[39m src/services/internal-links.test.ts [2m([22m[2m13 tests[22m[2m)[22m[90m 54[2mms[22m[39m
[90mstdout[2m | src/services/news-ingest.test.ts
[22m[39m[dotenv@17.3.1] injecting env (0) from .env -- tip: ΓÜÖ∩╕Å  enable debug logging with { debug: true }

 [32mΓ£ô[39m src/services/html-sanitizer.test.ts [2m([22m[2m16 tests[22m[2m)[22m[90m 13[2mms[22m[39m
[90mstdout[2m | src/db/db.test.ts
[22m[39m[dotenv@17.3.1] injecting env (0) from .env -- tip: ΓÜÖ∩╕Å  enable debug logging with { debug: true }

 [32mΓ£ô[39m src/db/db.test.ts [2m([22m[2m8 tests[22m[2m)[22m[90m 61[2mms[22m[39m
[90mstdout[2m | src/services/rankmath.test.ts[2m > [22m[2mRankMath Discovery[2m > [22m[2mwriteMeta fails-closed when keys not discovered
[22m[39m{"action_required":"Run discovery procedure per ┬º6.6.1 and set RANKMATH_KEY_* env vars","error_category":"discovery_missing","level":"error","message":"Rank Math keys not discovered ΓÇö cannot write meta","missing_keys":["keyTitle","keyDescription","keyFocusKeyword","keyRobots","keyCanonical","keySchemaType"],"present_keys":[],"timestamp":"2026-03-12T09:00:22.617Z"}

 [32mΓ£ô[39m src/services/rankmath.test.ts [2m([22m[2m5 tests[22m[2m)[22m[90m 22[2mms[22m[39m
[90mstdout[2m | src/services/sitemap-fetcher.test.ts[2m > [22m[2mfetchSitemapPairs[2m > [22m[2mreturns empty array on fetch failure (fail-open)
[22m[39m{"level":"info","message":"SitemapFetcher: fetching sitemap","timestamp":"2026-03-12T09:00:22.686Z","url":"https://example.com/sitemap.xml"}
{"error":"network error","level":"warn","message":"SitemapFetcher: error fetching sitemap","timestamp":"2026-03-12T09:00:22.690Z"}

[90mstdout[2m | src/services/sitemap-fetcher.test.ts[2m > [22m[2mfetchSitemapPairs[2m > [22m[2mreturns empty array on non-200 response
[22m[39m{"level":"info","message":"SitemapFetcher: fetching sitemap","timestamp":"2026-03-12T09:00:22.692Z","url":"https://example.com/sitemap.xml"}
{"level":"warn","message":"SitemapFetcher: fetch failed","status":404,"timestamp":"2026-03-12T09:00:22.692Z","url":"https://example.com/sitemap.xml"}

[90mstdout[2m | src/services/sitemap-fetcher.test.ts[2m > [22m[2mfetchSitemapPairs[2m > [22m[2mparses valid sitemap response into pairs
[22m[39m{"level":"info","message":"SitemapFetcher: fetching sitemap","timestamp":"2026-03-12T09:00:22.693Z","url":"https://example.com/sitemap.xml"}
{"count":2,"level":"info","message":"SitemapFetcher: parsed sitemap pairs","timestamp":"2026-03-12T09:00:22.694Z"}

[90mstdout[2m | src/services/sitemap-fetcher.test.ts[2m > [22m[2mfetchSitemapPairs[2m > [22m[2mdeduplicates URLs by slug
[22m[39m{"level":"info","message":"SitemapFetcher: fetching sitemap","timestamp":"2026-03-12T09:00:22.694Z","url":"https://example.com/sitemap.xml"}
{"count":1,"level":"info","message":"SitemapFetcher: parsed sitemap pairs","timestamp":"2026-03-12T09:00:22.694Z"}

[90mstdout[2m | src/services/sitemap-fetcher.test.ts[2m > [22m[2mfetchSitemapPairs[2m > [22m[2mskips root path /
[22m[39m{"level":"info","message":"SitemapFetcher: fetching sitemap","timestamp":"2026-03-12T09:00:22.695Z","url":"https://example.com/sitemap.xml"}
{"count":1,"level":"info","message":"SitemapFetcher: parsed sitemap pairs","timestamp":"2026-03-12T09:00:22.696Z"}

 [32mΓ£ô[39m src/services/sitemap-fetcher.test.ts [2m([22m[2m26 tests[22m[2m)[22m[90m 47[2mms[22m[39m
[90mstdout[2m | src/server.test.ts
[22m[39m[dotenv@17.3.1] injecting env (0) from .env -- tip: ≡ƒ¢á∩╕Å  run anywhere with `dotenvx run -- yourcommand`

TAP version 13
# Subtest: news-ingest
    # Subtest: computeNewsIdempotencyKey
        # Subtest: should produce consistent SHA-256 hash
        ok 1 - should produce consistent SHA-256 hash
          ---
          duration_ms: 9.4286
          type: 'test'
          ...
        # Subtest: should produce different keys for different URLs
        ok 2 - should produce different keys for different URLs
          ---
          duration_ms: 0.4531
          type: 'test'
          ...
        # Subtest: should not collide with CSV idempotency keys (different domain)
        ok 3 - should not collide with CSV idempotency keys (different domain)
          ---
          duration_ms: 0.3273
          type: 'test'
          ...
        1..3
    ok 1 - computeNewsIdempotencyKey
      ---
      duration_ms: 11.6952
      type: 'suite'
      ...
    # Subtest: ingestNews ΓÇö integration
        # Subtest: should skip when feedUrls is empty
        ok 1 - should skip when feedUrls is empty
          ---
          duration_ms: 19.6606
          type: 'test'
          ...
[90mstdout[2m | src/services/news-ingest.test.ts
[22m[39m{"after":0,"before":0,"filtered_out":0,"level":"info","message":"news-ingest: golf filter","timestamp":"2026-03-12T09:00:22.703Z"}
{"feeds_attempted":0,"feeds_failed":0,"feeds_succeeded":0,"inserted":0,"items_found":0,"level":"info","message":"news-ingest: complete","recent_count":0,"skipped":0,"timestamp":"2026-03-12T09:00:22.706Z"}

 [31mΓ¥»[39m src/services/news-ingest.test.ts [2m([22m[2m0 test[22m[2m)[22m
[90mstdout[2m | src/stages/idempotency.test.ts
[22m[39m[dotenv@17.3.1] injecting env (0) from .env -- tip: ΓÜÖ∩╕Å  enable debug logging with { debug: true }

 [32mΓ£ô[39m src/logger.test.ts [2m([22m[2m21 tests[22m[2m)[22m[90m 36[2mms[22m[39m
[90mstdout[2m | src/stages/stage2.test.ts[2m > [22m[2mrunStage2[2m > [22m[2msucceeds with valid research output
[22m[39m{"level":"info","message":"Stage 2: research complete","queue_id":"q-001","timestamp":"2026-03-12T09:00:22.884Z"}

[90mstdout[2m | src/stages/stage2.test.ts[2m > [22m[2mrunStage2[2m > [22m[2mpasses when citations required AND present
[22m[39m{"level":"info","message":"Stage 2: research complete","queue_id":"q-001","timestamp":"2026-03-12T09:00:22.922Z"}

[90mstdout[2m | src/stages/stage2.test.ts[2m > [22m[2mrunStage2[2m > [22m[2mhandles schema_parse_failed error with hold
[22m[39m{"error":"schema_parse_failed: invalid JSON at position 42","level":"error","message":"Stage 2: research failed","timestamp":"2026-03-12T09:00:22.924Z"}

[90mstdout[2m | src/stages/stage2.test.ts[2m > [22m[2mrunStage2[2m > [22m[2mhandles generic error with failed status
[22m[39m{"error":"API rate limit exceeded","level":"error","message":"Stage 2: research failed","timestamp":"2026-03-12T09:00:22.926Z"}

[90mstdout[2m | src/stages/stage2.test.ts[2m > [22m[2mrunStage2[2m > [22m[2mpasses newsSourceUrl to writer service when provided
[22m[39m{"level":"info","message":"Stage 2: news source fetched","queue_id":"q-001","text_len":20,"timestamp":"2026-03-12T09:00:22.928Z","url_len":32}
{"level":"info","message":"Stage 2: research complete","queue_id":"q-001","timestamp":"2026-03-12T09:00:22.929Z"}

 [32mΓ£ô[39m src/stages/stage2.test.ts [2m([22m[2m7 tests[22m[2m)[22m[90m 53[2mms[22m[39m
[90mstdout[2m | src/stages/stage1.test.ts[2m > [22m[2mrunStage1[2m > [22m[2msucceeds with valid input
[22m[39m{"blogpost_subtype":"none","class_hint":"B","data_flags_count":0,"level":"info","message":"Stage 1: planning complete","normalized":"best running shoes","queue_id":"q-001","timestamp":"2026-03-12T09:00:22.918Z"}

[90mstdout[2m | src/stages/stage1.test.ts[2m > [22m[2mrunStage1[2m > [22m[2mholds when keyword already exists in content_index
[22m[39m{"keyword":"best running shoes","level":"info","message":"Stage 1: keyword already in content_index","timestamp":"2026-03-12T09:00:22.927Z","wp_post_id":42}

[90mstdout[2m | src/stages/stage1.test.ts[2m > [22m[2mrunStage1[2m > [22m[2mholds on idempotency key conflict
[22m[39m{"key":"idem-001","level":"info","message":"Stage 1: idempotency key conflict","timestamp":"2026-03-12T09:00:22.928Z"}

[90mstdout[2m | src/stages/stage1.test.ts[2m > [22m[2mrunStage1[2m > [22m[2mallows same idempotency key if same queue item
[22m[39m{"blogpost_subtype":"none","class_hint":"B","data_flags_count":0,"level":"info","message":"Stage 1: planning complete","normalized":"best running shoes","queue_id":"q-001","timestamp":"2026-03-12T09:00:22.929Z"}

[90mstdout[2m | src/stages/stage1.test.ts[2m > [22m[2mrunStage1[2m > [22m[2mpopulates required_data_flags from class_hint and subtype
[22m[39m{"blogpost_subtype":"BuyingGuide","class_hint":"C","data_flags_count":4,"level":"info","message":"Stage 1: planning complete","normalized":"best running shoes","queue_id":"q-001","timestamp":"2026-03-12T09:00:22.930Z"}

 [32mΓ£ô[39m src/stages/stage1.test.ts [2m([22m[2m13 tests[22m[2m)[22m[90m 37[2mms[22m[39m
[90mstdout[2m | src/stages/stage0.test.ts[2m > [22m[2mStage 0 ΓÇö effective quota resolution[2m > [22m[2muses DB quota when PIPELINE_DAILY_QUOTA is not set (backward compat)
[22m[39m{"db_quota":3,"effective_quota":3,"env_override":"unset","level":"info","message":"Stage 0: quota resolved","source":"db","timestamp":"2026-03-12T09:00:23.044Z"}
{"level":"info","message":"Stage 0: selected 3 items for run 2296****-****-****-****-4ea518fdf3a5","timestamp":"2026-03-12T09:00:23.048Z"}

[90mstdout[2m | src/stages/stage0.test.ts[2m > [22m[2mStage 0 ΓÇö effective quota resolution[2m > [22m[2muses DB quota when pipelineDailyQuota is explicitly undefined
[22m[39m{"db_quota":4,"effective_quota":4,"env_override":"unset","level":"info","message":"Stage 0: quota resolved","source":"db","timestamp":"2026-03-12T09:00:23.052Z"}
{"level":"info","message":"Stage 0: selected 1 items for run 73b9****-****-****-****-5a6fca59deb2","timestamp":"2026-03-12T09:00:23.053Z"}

[90mstdout[2m | src/stages/stage0.test.ts[2m > [22m[2mStage 0 ΓÇö effective quota resolution[2m > [22m[2moverrides DB quota when PIPELINE_DAILY_QUOTA=10
[22m[39m{"db_quota":3,"effective_quota":10,"env_override":10,"level":"info","message":"Stage 0: quota resolved","source":"env","timestamp":"2026-03-12T09:00:23.055Z"}
{"level":"info","message":"Stage 0: selected 6 items for run 89c8****-****-****-****-a184daaa68e9","timestamp":"2026-03-12T09:00:23.055Z"}

[90mstdout[2m | src/stages/stage0.test.ts[2m > [22m[2mStage 0 ΓÇö effective quota resolution[2m > [22m[2moverrides DB quota when PIPELINE_DAILY_QUOTA=0 ΓåÆ quota exhausted
[22m[39m{"db_quota":5,"effective_quota":0,"env_override":0,"level":"info","message":"Stage 0: quota resolved","source":"env","timestamp":"2026-03-12T09:00:23.056Z"}
{"level":"info","message":"Stage 0: quota exhausted","timestamp":"2026-03-12T09:00:23.057Z"}

[90mstdout[2m | src/stages/stage0.test.ts[2m > [22m[2mStage 0 ΓÇö effective quota resolution[2m > [22m[2menv override=1 with throttle_state=reduced ΓåÆ target stays 1 (max(1, floor(1/2)))
[22m[39m{"db_quota":10,"effective_quota":1,"env_override":1,"level":"info","message":"Stage 0: quota resolved","source":"env","timestamp":"2026-03-12T09:00:23.058Z"}
{"level":"info","message":"Stage 0: selected 1 items for run 09a4****-****-****-****-0d0b8da0325d","timestamp":"2026-03-12T09:00:23.058Z"}

[90mstdout[2m | src/stages/stage0.test.ts[2m > [22m[2mStage 0 ΓÇö effective quota resolution[2m > [22m[2menv override=6 with throttle_state=reduced ΓåÆ target=3
[22m[39m{"db_quota":10,"effective_quota":6,"env_override":6,"level":"info","message":"Stage 0: quota resolved","source":"env","timestamp":"2026-03-12T09:00:23.060Z"}
{"level":"info","message":"Stage 0: selected 3 items for run 0608****-****-****-****-cf20762cfd28","timestamp":"2026-03-12T09:00:23.060Z"}

[90mstdout[2m | src/stages/stage0.test.ts[2m > [22m[2mStage 0 ΓÇö effective quota resolution[2m > [22m[2mthrottle_state=paused still blocks even with env override
[22m[39m{"level":"info","message":"Stage 0: throttle_state=paused ΓÇö skipping run","timestamp":"2026-03-12T09:00:23.062Z"}

[90mstdout[2m | src/stages/stage0.test.ts[2m > [22m[2mStage 0 ΓÇö effective quota resolution[2m > [22m[2mno planned items returns no_planned_items regardless of quota
[22m[39m{"db_quota":5,"effective_quota":10,"env_override":10,"level":"info","message":"Stage 0: quota resolved","source":"env","timestamp":"2026-03-12T09:00:23.063Z"}
{"level":"info","message":"Stage 0: no planned items in queue","timestamp":"2026-03-12T09:00:23.063Z"}

 [32mΓ£ô[39m src/stages/stage0.test.ts [2m([22m[2m8 tests[22m[2m)[22m[90m 26[2mms[22m[39m
 [32mΓ£ô[39m src/services/sitemap-snippet.test.ts [2m([22m[2m11 tests[22m[2m)[22m[90m 11[2mms[22m[39m
[90mstdout[2m | src/stages/idempotency.test.ts[2m > [22m[2mIdempotency[2m > [22m[2mpublished keyword ΓåÆ HOLD (stage1 dedup)
[22m[39m{"keyword":"c├ích ─æ├ính golf","level":"info","message":"Stage 1: keyword already in content_index","timestamp":"2026-03-12T09:00:23.087Z","wp_post_id":42}

[90mstdout[2m | src/stages/idempotency.test.ts[2m > [22m[2mIdempotency[2m > [22m[2munique key ΓåÆ different keywords process independently
[22m[39m{"blogpost_subtype":"none","class_hint":"B","data_flags_count":0,"level":"info","message":"Stage 1: planning complete","normalized":"c├ích ─æ├ính golf","queue_id":"dcde281c-9e62-4458-8bed-3323b2daf697","timestamp":"2026-03-12T09:00:23.096Z"}
{"blogpost_subtype":"none","class_hint":"B","data_flags_count":0,"level":"info","message":"Stage 1: planning complete","normalized":"grip golf","queue_id":"e80624f2-1c9e-42d3-a98f-ea6d3fa1f15c","timestamp":"2026-03-12T09:00:23.097Z"}

 [32mΓ£ô[39m src/stages/idempotency.test.ts [2m([22m[2m4 tests[22m[2m)[22m[90m 50[2mms[22m[39m
 [32mΓ£ô[39m src/types.test.ts [2m([22m[2m6 tests[22m[2m)[22m[90m 7[2mms[22m[39m
[90mstdout[2m | src/recovery.test.ts[2m > [22m[2mRecovery Module[2m > [22m[2mscanRecoveryCandidates[2m > [22m[2mreturns items in interrupted statuses within lookback
[22m[39m{"found":2,"level":"info","limit":20,"lookback_minutes":60,"message":"Recovery: scanned for interrupted items","timestamp":"2026-03-12T09:00:23.101Z"}

[90mstdout[2m | src/recovery.test.ts[2m > [22m[2mRecovery Module[2m > [22m[2mscanRecoveryCandidates[2m > [22m[2mpasses lookback and limit to repo
[22m[39m{"found":0,"level":"info","limit":5,"lookback_minutes":30,"message":"Recovery: scanned for interrupted items","timestamp":"2026-03-12T09:00:23.108Z"}

[90mstdout[2m | src/recovery.test.ts[2m > [22m[2mRecovery Module[2m > [22m[2mreplayInterrupted[2m > [22m[2mresets non-terminal items to planned
[22m[39m{"id":"q-1","idempotency_key":"k-1","level":"info","message":"Recovery: item reset to planned for replay","previous_status":"researching","timestamp":"2026-03-12T09:00:23.113Z"}
{"id":"q-2","idempotency_key":"k-2","level":"info","message":"Recovery: item reset to planned for replay","previous_status":"qa","timestamp":"2026-03-12T09:00:23.113Z"}

[90mstdout[2m | src/recovery.test.ts[2m > [22m[2mRecovery Module[2m > [22m[2mreplayInterrupted[2m > [22m[2mskips terminal items
[22m[39m{"id":"q-1","level":"info","message":"Recovery: skipping terminal item","status":"draft_wp","timestamp":"2026-03-12T09:00:23.114Z"}
{"id":"q-2","level":"info","message":"Recovery: skipping terminal item","status":"failed","timestamp":"2026-03-12T09:00:23.115Z"}
{"id":"q-3","level":"info","message":"Recovery: skipping terminal item","status":"hold","timestamp":"2026-03-12T09:00:23.115Z"}
{"id":"q-4","level":"info","message":"Recovery: skipping terminal item","status":"published","timestamp":"2026-03-12T09:00:23.115Z"}

[90mstdout[2m | src/recovery.test.ts[2m > [22m[2mRecovery Module[2m > [22m[2mrunRecovery[2m > [22m[2mruns full recovery pass: scan + replay
[22m[39m{"found":1,"level":"info","limit":20,"lookback_minutes":60,"message":"Recovery: scanned for interrupted items","timestamp":"2026-03-12T09:00:23.117Z"}
{"id":"q-1","idempotency_key":"k-1","level":"info","message":"Recovery: item reset to planned for replay","previous_status":"researching","timestamp":"2026-03-12T09:00:23.117Z"}
{"level":"info","message":"Recovery: pass complete","replayed":1,"scanned":1,"skipped":0,"timestamp":"2026-03-12T09:00:23.118Z"}

[90mstdout[2m | src/recovery.test.ts[2m > [22m[2mRecovery Module[2m > [22m[2mrunRecovery[2m > [22m[2mreports no_interrupted_items when nothing found
[22m[39m{"found":0,"level":"info","limit":20,"lookback_minutes":60,"message":"Recovery: scanned for interrupted items","timestamp":"2026-03-12T09:00:23.119Z"}
{"level":"info","message":"Recovery: pass complete","replayed":0,"scanned":0,"skipped":0,"timestamp":"2026-03-12T09:00:23.119Z"}

 [32mΓ£ô[39m src/recovery.test.ts [2m([22m[2m7 tests[22m[2m)[22m[90m 31[2mms[22m[39m
[90mstdout[2m | src/cost-tracker.test.ts[2m > [22m[2mCostTracker[2m > [22m[2mper-job cap check returns reason when exceeded
[22m[39m{"cap":0.1,"current_cost":"0.1500","job_id":"job-1","level":"warn","message":"CostTracker: per-job cost cap exceeded","timestamp":"2026-03-12T09:00:23.215Z"}

[90mstdout[2m | src/cost-tracker.test.ts[2m > [22m[2mCostTracker[2m > [22m[2mdaily cap check returns reason when exceeded
[22m[39m{"cap":5,"current_cost":"10.0000","level":"warn","message":"CostTracker: daily cost cap exceeded","timestamp":"2026-03-12T09:00:23.224Z"}

[90mstdout[2m | src/cost-tracker.test.ts[2m > [22m[2mCostTracker[2m > [22m[2mpreFlightCheck prioritizes daily cap over per-job cap
[22m[39m{"cap":5,"current_cost":"10.0000","level":"warn","message":"CostTracker: daily cost cap exceeded","timestamp":"2026-03-12T09:00:23.227Z"}

 [32mΓ£ô[39m src/cost-tracker.test.ts [2m([22m[2m13 tests[22m[2m)[22m[90m 68[2mms[22m[39m
[90mstdout[2m | src/server.test.ts[2m > [22m[2mServer Endpoints[2m > [22m[2mPOST /run uses config.defaultLanguage for new queue items
[22m[39m{"idempotency_key":"8ad992453c427e8ea4363e5582d6a596","level":"info","message":"POST /run: enqueued keyword","normalized_keyword":"test keyword behavior","timestamp":"2026-03-12T09:00:23.581Z"}

 [31mΓ¥»[39m src/server.test.ts [2m([22m[2m5 tests[22m[2m | [22m[31m1 failed[39m[2m)[22m[90m 140[2mms[22m[39m
[31m   [31m├ù[31m Server Endpoints[2m > [22mPOST /run uses config.defaultLanguage for new queue items[90m 135[2mms[22m[31m[39m
[31m     ΓåÆ expected +0 to be 1 // Object.is equality[39m
[90mstdout[2m | src/services/weekly-ops-report.test.ts[2m > [22m[2mgenerateWeeklyOpsReport[2m > [22m[2mreport has schema_version "1.0"
[22m[39m{"artifact_path":"E:/Golfy_website_check/wp-content-autopilot/data/test-weekly-ops-output/weekly-ops-report-2026-03-12.json","draft_reasons_count":0,"dropped_tags_count":0,"gate_pass_rate_30d":0,"hold_reasons_count":0,"level":"info","message":"Weekly ops report generated","needs_refresh_count":0,"noindex_draft_count":0,"publish_counts":{"draft":0,"hold":0,"published":0,"total_attempted":0},"timestamp":"2026-03-12T09:00:19.262Z","total_statuses":{"draft_wp":0,"drafting":0,"failed":0,"hold":0,"planned":0,"published":0,"qa":0,"researching":0},"week_end":"2026-03-12T16:00:19+07:00","week_start":"2026-03-05T16:00:19+07:00","window_days":7,"wp_tag_not_found_count":0}

[90mstdout[2m | src/services/weekly-ops-report.test.ts[2m > [22m[2mgenerateWeeklyOpsReport[2m > [22m[2mreport has report_type "weekly_ops"
[22m[39m{"artifact_path":"E:/Golfy_website_check/wp-content-autopilot/data/test-weekly-ops-output/weekly-ops-report-2026-03-12.json","draft_reasons_count":0,"dropped_tags_count":0,"gate_pass_rate_30d":0,"hold_reasons_count":0,"level":"info","message":"Weekly ops report generated","needs_refresh_count":0,"noindex_draft_count":0,"publish_counts":{"draft":0,"hold":0,"published":0,"total_attempted":0},"timestamp":"2026-03-12T09:00:19.805Z","total_statuses":{"draft_wp":0,"drafting":0,"failed":0,"hold":0,"planned":0,"published":0,"qa":0,"researching":0},"week_end":"2026-03-12T16:00:19+07:00","week_start":"2026-03-05T16:00:19+07:00","window_days":7,"wp_tag_not_found_count":0}

[90mstdout[2m | src/services/weekly-ops-report.test.ts[2m > [22m[2mgenerateWeeklyOpsReport[2m > [22m[2mreport has required shape: all fields present (including ┬º6.6)
[22m[39m{"artifact_path":"E:/Golfy_website_check/wp-content-autopilot/data/test-weekly-ops-output/weekly-ops-report-2026-03-12.json","draft_reasons_count":0,"dropped_tags_count":0,"gate_pass_rate_30d":0,"hold_reasons_count":0,"level":"info","message":"Weekly ops report generated","needs_refresh_count":0,"noindex_draft_count":0,"publish_counts":{"draft":0,"hold":0,"published":0,"total_attempted":0},"timestamp":"2026-03-12T09:00:21.196Z","total_statuses":{"draft_wp":0,"drafting":0,"failed":0,"hold":0,"planned":0,"published":0,"qa":0,"researching":0},"week_end":"2026-03-12T16:00:21+07:00","week_start":"2026-03-05T16:00:21+07:00","window_days":7,"wp_tag_not_found_count":0}

[90mstdout[2m | src/services/weekly-ops-report.test.ts[2m > [22m[2mgenerateWeeklyOpsReport[2m > [22m[2mweek_start / week_end contain +07:00 timezone
[22m[39m{"artifact_path":"E:/Golfy_website_check/wp-content-autopilot/data/test-weekly-ops-output/weekly-ops-report-2026-03-12.json","draft_reasons_count":0,"dropped_tags_count":0,"gate_pass_rate_30d":0,"hold_reasons_count":0,"level":"info","message":"Weekly ops report generated","needs_refresh_count":0,"noindex_draft_count":0,"publish_counts":{"draft":0,"hold":0,"published":0,"total_attempted":0},"timestamp":"2026-03-12T09:00:21.939Z","total_statuses":{"draft_wp":0,"drafting":0,"failed":0,"hold":0,"planned":0,"published":0,"qa":0,"researching":0},"week_end":"2026-03-12T16:00:21+07:00","week_start":"2026-03-05T16:00:21+07:00","window_days":7,"wp_tag_not_found_count":0}

[90mstdout[2m | src/services/weekly-ops-report.test.ts[2m > [22m[2mgenerateWeeklyOpsReport[2m > [22m[2mempty DB returns zero totals and safe defaults for ┬º6.6 fields
[22m[39m{"artifact_path":"E:/Golfy_website_check/wp-content-autopilot/data/test-weekly-ops-output/weekly-ops-report-2026-03-12.json","draft_reasons_count":0,"dropped_tags_count":0,"gate_pass_rate_30d":0,"hold_reasons_count":0,"level":"info","message":"Weekly ops report generated","needs_refresh_count":0,"noindex_draft_count":0,"publish_counts":{"draft":0,"hold":0,"published":0,"total_attempted":0},"timestamp":"2026-03-12T09:00:22.597Z","total_statuses":{"draft_wp":0,"drafting":0,"failed":0,"hold":0,"planned":0,"published":0,"qa":0,"researching":0},"week_end":"2026-03-12T16:00:22+07:00","week_start":"2026-03-05T16:00:22+07:00","window_days":7,"wp_tag_not_found_count":0}

[90mstdout[2m | src/services/weekly-ops-report.test.ts[2m > [22m[2mgenerateWeeklyOpsReport[2m > [22m[2mcounts statuses correctly
[22m[39m{"artifact_path":"E:/Golfy_website_check/wp-content-autopilot/data/test-weekly-ops-output/weekly-ops-report-2026-03-12.json","draft_reasons_count":0,"dropped_tags_count":0,"gate_pass_rate_30d":0,"hold_reasons_count":0,"level":"info","message":"Weekly ops report generated","needs_refresh_count":1,"noindex_draft_count":0,"publish_counts":{"draft":1,"hold":0,"published":1,"total_attempted":3},"timestamp":"2026-03-12T09:00:23.323Z","total_statuses":{"draft_wp":1,"drafting":0,"failed":1,"hold":0,"planned":2,"published":1,"qa":0,"researching":0},"week_end":"2026-03-12T16:00:23+07:00","week_start":"2026-03-05T16:00:23+07:00","window_days":7,"wp_tag_not_found_count":0}

[90mstdout[2m | src/services/weekly-ops-report.test.ts[2m > [22m[2mgenerateWeeklyOpsReport[2m > [22m[2maggregates dropped_tags and wp_tag_not_found
[22m[39m{"artifact_path":"E:/Golfy_website_check/wp-content-autopilot/data/test-weekly-ops-output/weekly-ops-report-2026-03-12.json","draft_reasons_count":0,"dropped_tags_count":4,"gate_pass_rate_30d":0,"hold_reasons_count":0,"level":"info","message":"Weekly ops report generated","needs_refresh_count":0,"noindex_draft_count":0,"publish_counts":{"draft":0,"hold":0,"published":2,"total_attempted":2},"timestamp":"2026-03-12T09:00:23.869Z","total_statuses":{"draft_wp":0,"drafting":0,"failed":0,"hold":0,"planned":0,"published":2,"qa":0,"researching":0},"week_end":"2026-03-12T16:00:23+07:00","week_start":"2026-03-05T16:00:23+07:00","window_days":7,"wp_tag_not_found_count":3}

[90mstdout[2m | src/services/weekly-ops-report.test.ts[2m > [22m[2mgenerateWeeklyOpsReport[2m > [22m[2mwrites artifact file to disk
[22m[39m{"artifact_path":"E:/Golfy_website_check/wp-content-autopilot/data/test-weekly-ops-output/weekly-ops-report-2026-03-12.json","draft_reasons_count":0,"dropped_tags_count":0,"gate_pass_rate_30d":0,"hold_reasons_count":0,"level":"info","message":"Weekly ops report generated","needs_refresh_count":0,"noindex_draft_count":0,"publish_counts":{"draft":0,"hold":0,"published":0,"total_attempted":0},"timestamp":"2026-03-12T09:00:24.466Z","total_statuses":{"draft_wp":0,"drafting":0,"failed":0,"hold":0,"planned":0,"published":0,"qa":0,"researching":0},"week_end":"2026-03-12T16:00:24+07:00","week_start":"2026-03-05T16:00:24+07:00","window_days":7,"wp_tag_not_found_count":0}

[90mstdout[2m | src/services/weekly-ops-report.test.ts[2m > [22m[2mgenerateWeeklyOpsReport[2m > [22m[2m┬º6.6 (1): publish_counts are correct
[22m[39m{"artifact_path":"E:/Golfy_website_check/wp-content-autopilot/data/test-weekly-ops-output/weekly-ops-report-2026-03-12.json","draft_reasons_count":0,"dropped_tags_count":0,"gate_pass_rate_30d":0,"hold_reasons_count":0,"level":"info","message":"Weekly ops report generated","needs_refresh_count":4,"noindex_draft_count":0,"publish_counts":{"draft":1,"hold":3,"published":2,"total_attempted":8},"timestamp":"2026-03-12T09:00:24.937Z","total_statuses":{"draft_wp":1,"drafting":0,"failed":1,"hold":3,"planned":1,"published":2,"qa":0,"researching":1},"week_end":"2026-03-12T16:00:24+07:00","week_start":"2026-03-05T16:00:24+07:00","window_days":7,"wp_tag_not_found_count":0}

[90mstdout[2m | src/services/weekly-ops-report.test.ts[2m > [22m[2mgenerateWeeklyOpsReport[2m > [22m[2m┬º6.6 (2): top_hold_reasons returns top 5 sorted by count
[22m[39m{"artifact_path":"E:/Golfy_website_check/wp-content-autopilot/data/test-weekly-ops-output/weekly-ops-report-2026-03-12.json","draft_reasons_count":0,"dropped_tags_count":0,"gate_pass_rate_30d":0,"hold_reasons_count":3,"level":"info","message":"Weekly ops report generated","needs_refresh_count":4,"noindex_draft_count":0,"publish_counts":{"draft":0,"hold":4,"published":1,"total_attempted":5},"timestamp":"2026-03-12T09:00:25.692Z","total_statuses":{"draft_wp":0,"drafting":0,"failed":0,"hold":4,"planned":0,"published":1,"qa":0,"researching":0},"week_end":"2026-03-12T16:00:25+07:00","week_start":"2026-03-05T16:00:25+07:00","window_days":7,"wp_tag_not_found_count":0}

[90mstdout[2m | src/services/weekly-ops-report.test.ts[2m > [22m[2mgenerateWeeklyOpsReport[2m > [22m[2m┬º6.6 (2): top_draft_reasons from gate_results
[22m[39m{"artifact_path":"E:/Golfy_website_check/wp-content-autopilot/data/test-weekly-ops-output/weekly-ops-report-2026-03-12.json","draft_reasons_count":3,"dropped_tags_count":0,"gate_pass_rate_30d":0,"hold_reasons_count":0,"level":"info","message":"Weekly ops report generated","needs_refresh_count":0,"noindex_draft_count":0,"publish_counts":{"draft":3,"hold":0,"published":0,"total_attempted":3},"timestamp":"2026-03-12T09:00:26.045Z","total_statuses":{"draft_wp":3,"drafting":0,"failed":0,"hold":0,"planned":0,"published":0,"qa":0,"researching":0},"week_end":"2026-03-12T16:00:26+07:00","week_start":"2026-03-05T16:00:26+07:00","window_days":7,"wp_tag_not_found_count":0}

[90mstdout[2m | src/services/weekly-ops-report.test.ts[2m > [22m[2mgenerateWeeklyOpsReport[2m > [22m[2m┬º6.6 (3): gate_pass_rate_30d computes correctly
[22m[39m{"artifact_path":"E:/Golfy_website_check/wp-content-autopilot/data/test-weekly-ops-output/weekly-ops-report-2026-03-12.json","draft_reasons_count":0,"dropped_tags_count":0,"gate_pass_rate_30d":0.6667,"hold_reasons_count":2,"level":"info","message":"Weekly ops report generated","needs_refresh_count":1,"noindex_draft_count":0,"publish_counts":{"draft":0,"hold":1,"published":1,"total_attempted":2},"timestamp":"2026-03-12T09:00:26.892Z","total_statuses":{"draft_wp":0,"drafting":0,"failed":0,"hold":1,"planned":0,"published":1,"qa":0,"researching":0},"week_end":"2026-03-12T16:00:26+07:00","week_start":"2026-03-05T16:00:26+07:00","window_days":7,"wp_tag_not_found_count":0}

[90mstdout[2m | src/services/weekly-ops-report.test.ts[2m > [22m[2mgenerateWeeklyOpsReport[2m > [22m[2m┬º6.6 (4-5): GSC fields are data_unavailable when no GSC integration
[22m[39m{"artifact_path":"E:/Golfy_website_check/wp-content-autopilot/data/test-weekly-ops-output/weekly-ops-report-2026-03-12.json","draft_reasons_count":0,"dropped_tags_count":0,"gate_pass_rate_30d":0,"hold_reasons_count":0,"level":"info","message":"Weekly ops report generated","needs_refresh_count":0,"noindex_draft_count":0,"publish_counts":{"draft":0,"hold":0,"published":0,"total_attempted":0},"timestamp":"2026-03-12T09:00:27.563Z","total_statuses":{"draft_wp":0,"drafting":0,"failed":0,"hold":0,"planned":0,"published":0,"qa":0,"researching":0},"week_end":"2026-03-12T16:00:27+07:00","week_start":"2026-03-05T16:00:27+07:00","window_days":7,"wp_tag_not_found_count":0}

[90mstdout[2m | src/services/weekly-ops-report.test.ts[2m > [22m[2mgenerateWeeklyOpsReport[2m > [22m[2m┬º6.6 (6): noindex_draft_backlog lists correct items
[22m[39m{"artifact_path":"E:/Golfy_website_check/wp-content-autopilot/data/test-weekly-ops-output/weekly-ops-report-2026-03-12.json","draft_reasons_count":1,"dropped_tags_count":0,"gate_pass_rate_30d":0,"hold_reasons_count":0,"level":"info","message":"Weekly ops report generated","needs_refresh_count":0,"noindex_draft_count":2,"publish_counts":{"draft":3,"hold":0,"published":1,"total_attempted":4},"timestamp":"2026-03-12T09:00:28.161Z","total_statuses":{"draft_wp":3,"drafting":0,"failed":0,"hold":0,"planned":0,"published":1,"qa":0,"researching":0},"week_end":"2026-03-12T16:00:28+07:00","week_start":"2026-03-05T16:00:28+07:00","window_days":7,"wp_tag_not_found_count":0}

[90mstdout[2m | src/services/weekly-ops-report.test.ts[2m > [22m[2mgenerateWeeklyOpsReport[2m > [22m[2m┬º6.6 (7): needs_refresh_queue lists hold/failed items
[22m[39m{"artifact_path":"E:/Golfy_website_check/wp-content-autopilot/data/test-weekly-ops-output/weekly-ops-report-2026-03-12.json","draft_reasons_count":0,"dropped_tags_count":0,"gate_pass_rate_30d":0,"hold_reasons_count":1,"level":"info","message":"Weekly ops report generated","needs_refresh_count":2,"noindex_draft_count":0,"publish_counts":{"draft":0,"hold":1,"published":1,"total_attempted":3},"timestamp":"2026-03-12T09:00:28.879Z","total_statuses":{"draft_wp":0,"drafting":0,"failed":1,"hold":1,"planned":1,"published":1,"qa":0,"researching":0},"week_end":"2026-03-12T16:00:28+07:00","week_start":"2026-03-05T16:00:28+07:00","window_days":7,"wp_tag_not_found_count":0}

[90mstdout[2m | src/services/weekly-ops-report.test.ts[2m > [22m[2mgenerateWeeklyOpsReport[2m > [22m[2m┬º6.6 (8): throttle_actions reflects settings table state
[22m[39m{"artifact_path":"E:/Golfy_website_check/wp-content-autopilot/data/test-weekly-ops-output/weekly-ops-report-2026-03-12.json","draft_reasons_count":0,"dropped_tags_count":0,"gate_pass_rate_30d":0,"hold_reasons_count":0,"level":"info","message":"Weekly ops report generated","needs_refresh_count":0,"noindex_draft_count":0,"publish_counts":{"draft":0,"hold":0,"published":0,"total_attempted":0},"timestamp":"2026-03-12T09:00:29.436Z","total_statuses":{"draft_wp":0,"drafting":0,"failed":0,"hold":0,"planned":0,"published":0,"qa":0,"researching":0},"week_end":"2026-03-12T16:00:29+07:00","week_start":"2026-03-05T16:00:29+07:00","window_days":7,"wp_tag_not_found_count":0}

[90mstdout[2m | src/services/weekly-ops-report.test.ts[2m > [22m[2mgenerateWeeklyOpsReport[2m > [22m[2mwritten artifact JSON includes all ┬º6.6 fields
[22m[39m{"artifact_path":"E:/Golfy_website_check/wp-content-autopilot/data/test-weekly-ops-output/weekly-ops-report-2026-03-12.json","draft_reasons_count":0,"dropped_tags_count":0,"gate_pass_rate_30d":0,"hold_reasons_count":1,"level":"info","message":"Weekly ops report generated","needs_refresh_count":1,"noindex_draft_count":0,"publish_counts":{"draft":0,"hold":1,"published":1,"total_attempted":2},"timestamp":"2026-03-12T09:00:29.846Z","total_statuses":{"draft_wp":0,"drafting":0,"failed":0,"hold":1,"planned":0,"published":1,"qa":0,"researching":0},"week_end":"2026-03-12T16:00:29+07:00","week_start":"2026-03-05T16:00:29+07:00","window_days":7,"wp_tag_not_found_count":0}

 [32mΓ£ô[39m src/services/weekly-ops-report.test.ts [2m([22m[2m17 tests[22m[2m)[22m[33m 11347[2mms[22m[39m
   [33m[2mΓ£ô[22m[39m generateWeeklyOpsReport[2m > [22mreport has schema_version "1.0" [33m766[2mms[22m[39m
   [33m[2mΓ£ô[22m[39m generateWeeklyOpsReport[2m > [22mreport has report_type "weekly_ops" [33m817[2mms[22m[39m
   [33m[2mΓ£ô[22m[39m generateWeeklyOpsReport[2m > [22mreport has required shape: all fields present (including ┬º6.6) [33m1314[2mms[22m[39m
   [33m[2mΓ£ô[22m[39m generateWeeklyOpsReport[2m > [22mweek_start / week_end contain +07:00 timezone [33m540[2mms[22m[39m
   [33m[2mΓ£ô[22m[39m generateWeeklyOpsReport[2m > [22mempty DB returns zero totals and safe defaults for ┬º6.6 fields [33m748[2mms[22m[39m
   [33m[2mΓ£ô[22m[39m generateWeeklyOpsReport[2m > [22mcounts statuses correctly [33m607[2mms[22m[39m
   [33m[2mΓ£ô[22m[39m generateWeeklyOpsReport[2m > [22maggregates dropped_tags and wp_tag_not_found [33m625[2mms[22m[39m
   [33m[2mΓ£ô[22m[39m generateWeeklyOpsReport[2m > [22mwrites artifact file to disk [33m616[2mms[22m[39m
   [33m[2mΓ£ô[22m[39m generateWeeklyOpsReport[2m > [22m┬º6.6 (1): publish_counts are correct [33m324[2mms[22m[39m
   [33m[2mΓ£ô[22m[39m generateWeeklyOpsReport[2m > [22m┬º6.6 (2): top_hold_reasons returns top 5 sorted by count [33m791[2mms[22m[39m
   [33m[2mΓ£ô[22m[39m generateWeeklyOpsReport[2m > [22m┬º6.6 (2): top_draft_reasons from gate_results [33m385[2mms[22m[39m
   [33m[2mΓ£ô[22m[39m generateWeeklyOpsReport[2m > [22m┬º6.6 (3): gate_pass_rate_30d computes correctly [33m875[2mms[22m[39m
   [33m[2mΓ£ô[22m[39m generateWeeklyOpsReport[2m > [22m┬º6.6 (4-5): GSC fields are data_unavailable when no GSC integration [33m660[2mms[22m[39m
   [33m[2mΓ£ô[22m[39m generateWeeklyOpsReport[2m > [22m┬º6.6 (6): noindex_draft_backlog lists correct items [33m577[2mms[22m[39m
   [33m[2mΓ£ô[22m[39m generateWeeklyOpsReport[2m > [22m┬º6.6 (7): needs_refresh_queue lists hold/failed items [33m742[2mms[22m[39m
   [33m[2mΓ£ô[22m[39m generateWeeklyOpsReport[2m > [22m┬º6.6 (8): throttle_actions reflects settings table state [33m471[2mms[22m[39m
   [33m[2mΓ£ô[22m[39m generateWeeklyOpsReport[2m > [22mwritten artifact JSON includes all ┬º6.6 fields [33m486[2mms[22m[39m

[2m Test Files [22m [1m[31m7 failed[39m[22m[2m | [22m[1m[32m30 passed[39m[22m[90m (37)[39m
[2m      Tests [22m [1m[31m31 failed[39m[22m[2m | [22m[1m[32m748 passed[39m[22m[90m (779)[39m
[2m   Start at [22m 16:00:16
[2m   Duration [22m 13.28s[2m (transform 11.50s, setup 0ms, collect 36.62s, tests 15.72s, environment 11ms, prepare 10.13s)[22m

